Component: ARM Compiler 5.06 update 7 (build 960) Tool: armlink [4d3601]

==============================================================================

Section Cross References

    main.o(i.main) refers to board.o(i.board_lowlevel_init) for board_lowlevel_init
    main.o(i.main) refers to console.o(i.console_init) for console_init
    main.o(i.main) refers to tim_delay.o(i.tim_delay_init) for tim_delay_init
    main.o(i.main) refers to elog.o(i.elog_init) for elog_init
    main.o(i.main) refers to elog.o(i.elog_set_fmt) for elog_set_fmt
    main.o(i.main) refers to elog.o(i.elog_start) for elog_start
    main.o(i.main) refers to bootloader.o(i.bootloader_main) for bootloader_main
    board.o(i.board_lowlevel_init) refers to stm32f4xx_rcc.o(i.RCC_AHB1PeriphClockCmd) for RCC_AHB1PeriphClockCmd
    board.o(i.board_lowlevel_init) refers to stm32f4xx_rcc.o(i.RCC_APB2PeriphClockCmd) for RCC_APB2PeriphClockCmd
    board.o(i.board_lowlevel_init) refers to stm32f4xx_rcc.o(i.RCC_APB1PeriphClockCmd) for RCC_APB1PeriphClockCmd
    board.o(i.fputc) refers to stm32f4xx_usart.o(i.USART_SendData) for USART_SendData
    board.o(i.fputc) refers to stm32f4xx_usart.o(i.USART_GetFlagStatus) for USART_GetFlagStatus
    bootloader.o(i.application_validate) refers to magic_header.o(i.magic_header_validate) for magic_header_validate
    bootloader.o(i.application_validate) refers to elog.o(i.elog_output) for elog_output
    bootloader.o(i.application_validate) refers to magic_header.o(i.magic_header_get_address) for magic_header_get_address
    bootloader.o(i.application_validate) refers to magic_header.o(i.magic_header_get_length) for magic_header_get_length
    bootloader.o(i.application_validate) refers to magic_header.o(i.magic_header_get_crc32) for magic_header_get_crc32
    bootloader.o(i.application_validate) refers to crc32.o(i.crc32) for crc32
    bootloader.o(i.application_validate) refers to bootloader.o(.constdata) for __FUNCTION__
    bootloader.o(i.bl_byte_handler) refers to tim_delay.o(i.tim_get_ms) for tim_get_ms
    bootloader.o(i.bl_byte_handler) refers to elog.o(i.elog_output) for elog_output
    bootloader.o(i.bl_byte_handler) refers to crc16.o(i.crc16) for crc16
    bootloader.o(i.bl_byte_handler) refers to bootloader.o(.data) for last_byte_ms
    bootloader.o(i.bl_byte_handler) refers to bootloader.o(.constdata) for __FUNCTION__
    bootloader.o(i.bl_byte_handler) refers to bootloader.o(.bss) for packet_buffer
    bootloader.o(i.bl_opcode_boot_handler) refers to elog.o(i.elog_output) for elog_output
    bootloader.o(i.bl_opcode_boot_handler) refers to bootloader.o(i.bl_response) for bl_response
    bootloader.o(i.bl_opcode_boot_handler) refers to bootloader.o(i.boot_application) for boot_application
    bootloader.o(i.bl_opcode_boot_handler) refers to bootloader.o(.constdata) for __FUNCTION__
    bootloader.o(i.bl_opcode_erase_handler) refers to elog.o(i.elog_output) for elog_output
    bootloader.o(i.bl_opcode_erase_handler) refers to bootloader.o(i.bl_response) for bl_response
    bootloader.o(i.bl_opcode_erase_handler) refers to bootloader.o(i.get_u32_inc) for get_u32_inc
    bootloader.o(i.bl_opcode_erase_handler) refers to stm32_flash.o(i.stm32_flash_unlock) for stm32_flash_unlock
    bootloader.o(i.bl_opcode_erase_handler) refers to stm32_flash.o(i.stm32_flash_erase) for stm32_flash_erase
    bootloader.o(i.bl_opcode_erase_handler) refers to stm32_flash.o(i.stm32_flash_lock) for stm32_flash_lock
    bootloader.o(i.bl_opcode_erase_handler) refers to bootloader.o(.constdata) for __FUNCTION__
    bootloader.o(i.bl_opcode_erase_handler) refers to bootloader.o(.data) for packet_payload_length
    bootloader.o(i.bl_opcode_erase_handler) refers to bootloader.o(.bss) for packet_buffer
    bootloader.o(i.bl_opcode_inquery_handler) refers to elog.o(i.elog_output) for elog_output
    bootloader.o(i.bl_opcode_inquery_handler) refers to bootloader.o(i.bl_response) for bl_response
    bootloader.o(i.bl_opcode_inquery_handler) refers to bootloader.o(i.put_u16) for put_u16
    bootloader.o(i.bl_opcode_inquery_handler) refers to bootloader.o(.constdata) for __FUNCTION__
    bootloader.o(i.bl_opcode_inquery_handler) refers to bootloader.o(.data) for packet_payload_length
    bootloader.o(i.bl_opcode_inquery_handler) refers to bootloader.o(.bss) for packet_buffer
    bootloader.o(i.bl_opcode_program_handler) refers to elog.o(i.elog_output) for elog_output
    bootloader.o(i.bl_opcode_program_handler) refers to bootloader.o(i.bl_response) for bl_response
    bootloader.o(i.bl_opcode_program_handler) refers to bootloader.o(i.get_u32_inc) for get_u32_inc
    bootloader.o(i.bl_opcode_program_handler) refers to stm32_flash.o(i.stm32_flash_unlock) for stm32_flash_unlock
    bootloader.o(i.bl_opcode_program_handler) refers to stm32_flash.o(i.stm32_flash_program) for stm32_flash_program
    bootloader.o(i.bl_opcode_program_handler) refers to stm32_flash.o(i.stm32_flash_lock) for stm32_flash_lock
[...]
    ..\\firmware\\driver\\src\\stm32f4xx_rtc.c 0x00000000   Number         0  stm32f4xx_rtc.o ABSOLUTE
    ..\\firmware\\driver\\src\\stm32f4xx_sai.c 0x00000000   Number         0  stm32f4xx_sai.o ABSOLUTE
    ..\\firmware\\driver\\src\\stm32f4xx_sdio.c 0x00000000   Number         0  stm32f4xx_sdio.o ABSOLUTE
    ..\\firmware\\driver\\src\\stm32f4xx_spdifrx.c 0x00000000   Number         0  stm32f4xx_spdifrx.o ABSOLUTE
    ..\\firmware\\driver\\src\\stm32f4xx_spi.c 0x00000000   Number         0  stm32f4xx_spi.o ABSOLUTE
    ..\\firmware\\driver\\src\\stm32f4xx_syscfg.c 0x00000000   Number         0  stm32f4xx_syscfg.o ABSOLUTE
    ..\\firmware\\driver\\src\\stm32f4xx_tim.c 0x00000000   Number         0  stm32f4xx_tim.o ABSOLUTE
    ..\\firmware\\driver\\src\\stm32f4xx_usart.c 0x00000000   Number         0  stm32f4xx_usart.o ABSOLUTE
    ..\\firmware\\driver\\src\\stm32f4xx_wwdg.c 0x00000000   Number         0  stm32f4xx_wwdg.o ABSOLUTE
    ..\app\board.c                           0x00000000   Number         0  board.o ABSOLUTE
    ..\app\bootloader.c                      0x00000000   Number         0  bootloader.o ABSOLUTE
    ..\app\jumpapp.s                         0x00000000   Number         0  jumpapp.o ABSOLUTE
    ..\app\magic_header.c                    0x00000000   Number         0  magic_header.o ABSOLUTE
    ..\app\main.c                            0x00000000   Number         0  main.o ABSOLUTE
    ..\driver\bl_usart.c                     0x00000000   Number         0  bl_usart.o ABSOLUTE
    ..\driver\console.c                      0x00000000   Number         0  console.o ABSOLUTE
    ..\driver\key.c                          0x00000000   Number         0  key.o ABSOLUTE
    ..\driver\led.c                          0x00000000   Number         0  led.o ABSOLUTE
    ..\driver\stm32_flash.c                  0x00000000   Number         0  stm32_flash.o ABSOLUTE
    ..\driver\tim_delay.c                    0x00000000   Number         0  tim_delay.o ABSOLUTE
    ..\firmware\cmsis\device\startup_stm32f40_41xxx.s 0x00000000   Number         0  startup_stm32f40_41xxx.o ABSOLUTE
    ..\firmware\cmsis\device\system_stm32f4xx.c 0x00000000   Number         0  system_stm32f4xx.o ABSOLUTE
    ..\firmware\driver\src\misc.c            0x00000000   Number         0  misc.o ABSOLUTE
    ..\firmware\driver\src\stm32f4xx_adc.c   0x00000000   Number         0  stm32f4xx_adc.o ABSOLUTE
    ..\firmware\driver\src\stm32f4xx_can.c   0x00000000   Number         0  stm32f4xx_can.o ABSOLUTE
    ..\firmware\driver\src\stm32f4xx_cec.c   0x00000000   Number         0  stm32f4xx_cec.o ABSOLUTE
    ..\firmware\driver\src\stm32f4xx_crc.c   0x00000000   Number         0  stm32f4xx_crc.o ABSOLUTE
    ..\firmware\driver\src\stm32f4xx_cryp.c  0x00000000   Number         0  stm32f4xx_cryp.o ABSOLUTE
    ..\firmware\driver\src\stm32f4xx_cryp_aes.c 0x00000000   Number         0  stm32f4xx_cryp_aes.o ABSOLUTE
    ..\firmware\driver\src\stm32f4xx_cryp_des.c 0x00000000   Number         0  stm32f4xx_cryp_des.o ABSOLUTE
    ..\firmware\driver\src\stm32f4xx_cryp_tdes.c 0x00000000   Number         0  stm32f4xx_cryp_tdes.o ABSOLUTE
    ..\firmware\driver\src\stm32f4xx_dac.c   0x00000000   Number         0  stm32f4xx_dac.o ABSOLUTE
    ..\firmware\driver\src\stm32f4xx_dbgmcu.c 0x00000000   Number         0  stm32f4xx_dbgmcu.o ABSOLUTE
    ..\firmware\driver\src\stm32f4xx_dcmi.c  0x00000000   Number         0  stm32f4xx_dcmi.o ABSOLUTE
    ..\firmware\driver\src\stm32f4xx_dfsdm.c 0x00000000   Number         0  stm32f4xx_dfsdm.o ABSOLUTE
    ..\firmware\driver\src\stm32f4xx_dma.c   0x00000000   Number         0  stm32f4xx_dma.o ABSOLUTE
    ..\firmware\driver\src\stm32f4xx_dma2d.c 0x00000000   Number         0  stm32f4xx_dma2d.o ABSOLUTE
    ..\firmware\driver\src\stm32f4xx_dsi.c   0x00000000   Number         0  stm32f4xx_dsi.o ABSOLUTE
    ..\firmware\driver\src\stm32f4xx_exti.c  0x00000000   Number         0  stm32f4xx_exti.o ABSOLUTE
    ..\firmware\driver\src\stm32f4xx_flash.c 0x00000000   Number         0  stm32f4xx_flash.o ABSOLUTE
    ..\firmware\driver\src\stm32f4xx_flash_ramfunc.c 0x00000000   Number         0  stm32f4xx_flash_ramfunc.o ABSOLUTE
    ..\firmware\driver\src\stm32f4xx_fmpi2c.c 0x00000000   Number         0  stm32f4xx_fmpi2c.o ABSOLUTE
    ..\firmware\driver\src\stm32f4xx_fsmc.c  0x00000000   Number         0  stm32f4xx_fsmc.o ABSOLUTE
    ..\firmware\driver\src\stm32f4xx_gpio.c  0x00000000   Number         0  stm32f4xx_gpio.o ABSOLUTE
    ..\firmware\driver\src\stm32f4xx_hash.c  0x00000000   Number         0  stm32f4xx_hash.o ABSOLUTE
    ..\firmware\driver\src\stm32f4xx_hash_md5.c 0x00000000   Number         0  stm32f4xx_hash_md5.o ABSOLUTE
    ..\firmware\driver\src\stm32f4xx_hash_sha1.c 0x00000000   Number         0  stm32f4xx_hash_sha1.o ABSOLUTE
    ..\firmware\driver\src\stm32f4xx_i2c.c   0x00000000   Number         0  stm32f4xx_i2c.o ABSOLUTE
    ..\firmware\driver\src\stm32f4xx_iwdg.c  0x00000000   Number         0  stm32f4xx_iwdg.o ABSOLUTE
    ..\firmware\driver\src\stm32f4xx_lptim.c 0x00000000   Number         0  stm32f4xx_lptim.o ABSOLUTE
    ..\firmware\driver\src\stm32f4xx_ltdc.c  0x00000000   Number         0  stm32f4xx_ltdc.o ABSOLUTE
    ..\firmware\driver\src\stm32f4xx_pwr.c   0x00000000   Number         0  stm32f4xx_pwr.o ABSOLUTE
    ..\firmware\driver\src\stm32f4xx_qspi.c  0x00000000   Number         0  stm32f4xx_qspi.o ABSOLUTE
    ..\firmware\driver\src\stm32f4xx_rcc.c   0x00000000   Number         0  stm32f4xx_rcc.o ABSOLUTE
    ..\firmware\driver\src\stm32f4xx_rng.c   0x00000000   Number         0  stm32f4xx_rng.o ABSOLUTE
    ..\firmware\driver\src\stm32f4xx_rtc.c   0x00000000   Number         0  stm32f4xx_rtc.o ABSOLUTE
    ..\firmware\driver\src\stm32f4xx_sai.c   0x00000000   Number         0  stm32f4xx_sai.o ABSOLUTE
    ..\firmware\driver\src\stm32f4xx_sdio.c  0x00000000   Number         0  stm32f4xx_sdio.o ABSOLUTE
    ..\firmware\driver\src\stm32f4xx_spdifrx.c 0x00000000   Number         0  stm32f4xx_spdifrx.o ABSOLUTE
    ..\firmware\driver\src\stm32f4xx_spi.c   0x00000000   Number         0  stm32f4xx_spi.o ABSOLUTE
    ..\firmware\driver\src\stm32f4xx_syscfg.c 0x00000000   Number         0  stm32f4xx_syscfg.o ABSOLUTE
    ..\firmware\driver\src\stm32f4xx_tim.c   0x00000000   Number         0  stm32f4xx_tim.o ABSOLUTE
    ..\firmware\driver\src\stm32f4xx_usart.c 0x00000000   Number         0  stm32f4xx_usart.o ABSOLUTE
    ..\firmware\driver\src\stm32f4xx_wwdg.c  0x00000000   Number         0  stm32f4xx_wwdg.o ABSOLUTE
    ..\third_lib\crc\crc16.c                 0x00000000   Number         0  crc16.o ABSOLUTE
    ..\third_lib\crc\crc32.c                 0x00000000   Number         0  crc32.o ABSOLUTE
    ..\third_lib\crc\crc_poly.c              0x00000000   Number         0  crc_poly.o ABSOLUTE
    ..\third_lib\easylogger\elog.c           0x00000000   Number         0  elog.o ABSOLUTE
    ..\third_lib\easylogger\elog_port.c      0x00000000   Number         0  elog_port.o ABSOLUTE
    ..\third_lib\easylogger\elog_utils.c     0x00000000   Number         0  elog_utils.o ABSOLUTE
    ..\third_lib\ringbuffer\ringbuffer.c     0x00000000   Number         0  ringbuffer.o ABSOLUTE
    cdrcmple.s                               0x00000000   Number         0  cdrcmple.o ABSOLUTE
    dc.s                                     0x00000000   Number         0  dc.o ABSOLUTE
    handlers.s                               0x00000000   Number         0  handlers.o ABSOLUTE
    init.s                                   0x00000000   Number         0  init.o ABSOLUTE
    RESET                                    0x08000000   Section      392  startup_stm32f40_41xxx.o(RESET)
    .ARM.Collect$$$$00000000                 0x08000188   Section        0  entry.o(.ARM.Collect$$$$00000000)
    .ARM.Collect$$$$00000001                 0x08000188   Section        4  entry2.o(.ARM.Collect$$$$00000001)
    .ARM.Collect$$$$00000004                 0x0800018c   Section        4  entry5.o(.ARM.Collect$$$$00000004)
    .ARM.Collect$$$$00000008                 0x08000190   Section        0  entry7b.o(.ARM.Collect$$$$00000008)
    .ARM.Collect$$$$0000000A                 0x08000190   Section        0  entry8b.o(.ARM.Collect$$$$0000000A)
    .ARM.Collect$$$$0000000B                 0x08000190   Section        8  entry9a.o(.ARM.Collect$$$$0000000B)
    .ARM.Collect$$$$0000000E                 0x08000198   Section        4  entry12b.o(.ARM.Collect$$$$0000000E)
    .ARM.Collect$$$$0000000F                 0x0800019c   Section        0  entry10a.o(.ARM.Collect$$$$0000000F)
    .ARM.Collect$$$$00000011                 0x0800019c   Section        0  entry11a.o(.ARM.Collect$$$$00000011)
    .ARM.Collect$$$$00002712                 0x0800019c   Section        4  entry2.o(.ARM.Collect$$$$00002712)
    __lit__00000000                          0x0800019c   Data           4  entry2.o(.ARM.Collect$$$$00002712)
    .text                                    0x080001a0   Section        8  jumpapp.o(.text)
    $v0                                      0x080001a0   Number         0  jumpapp.o(.text)
    .text                                    0x080001a8   Section       36  startup_stm32f40_41xxx.o(.text)
    $v0                                      0x080001a8   Number         0  startup_stm32f40_41xxx.o(.text)
    .text                                    0x080001cc   Section        0  uldiv.o(.text)
    .text                                    0x0800022e   Section        0  memcpya.o(.text)
    .text                                    0x08000252   Section        0  memseta.o(.text)
    .text                                    0x08000276   Section        0  strstr.o(.text)
    .text                                    0x0800029a   Section        0  strlen.o(.text)
    .text                                    0x080002a8   Section        0  strncmp.o(.text)
    .text                                    0x080002c6   Section        0  uidiv.o(.text)
    .text                                    0x080002f2   Section        0  llshl.o(.text)
    .text                                    0x08000310   Section        0  llushr.o(.text)
    .text                                    0x08000330   Section        0  iusefp.o(.text)
    .text                                    0x08000330   Section        0  dadd.o(.text)
    .text                                    0x0800047e   Section        0  dmul.o(.text)
    .text                                    0x08000562   Section        0  ddiv.o(.text)
    .text                                    0x08000640   Section        0  dfixul.o(.text)
    .text                                    0x08000670   Section       48  cdrcmple.o(.text)
    .text                                    0x080006a0   Section       36  init.o(.text)
    .text                                    0x080006c4   Section        0  llsshr.o(.text)
    .text                                    0x080006e8   Section        0  depilogue.o(.text)
    i.FLASH_EraseSector                      0x080007a4   Section        0  stm32f4xx_flash.o(i.FLASH_EraseSector)
    i.FLASH_GetStatus                        0x0800082c   Section        0  stm32f4xx_flash.o(i.FLASH_GetStatus)
    i.FLASH_Lock                             0x08000880   Section        0  stm32f4xx_flash.o(i.FLASH_Lock)
    i.FLASH_ProgramWord                      0x08000894   Section        0  stm32f4xx_flash.o(i.FLASH_ProgramWord)
    i.FLASH_Unlock                           0x080008e4   Section        0  stm32f4xx_flash.o(i.FLASH_Unlock)
    i.FLASH_WaitForLastOperation             0x08000908   Section        0  stm32f4xx_flash.o(i.FLASH_WaitForLastOperation)
    i.GPIO_Init                              0x0800092a   Section        0  stm32f4xx_gpio.o(i.GPIO_Init)
    i.GPIO_PinAFConfig                       0x080009ba   Section        0  stm32f4xx_gpio.o(i.GPIO_PinAFConfig)
    i.GPIO_ReadInputDataBit                  0x08000a00   Section        0  stm32f4xx_gpio.o(i.GPIO_ReadInputDataBit)
    i.GPIO_StructInit                        0x08000a12   Section        0  stm32f4xx_gpio.o(i.GPIO_StructInit)
    i.GPIO_WriteBit                          0x08000a24   Section        0  stm32f4xx_gpio.o(i.GPIO_WriteBit)
    i.NVIC_DisableIRQ                        0x08000a30   Section        0  bootloader.o(i.NVIC_DisableIRQ)
    NVIC_DisableIRQ                          0x08000a31   Thumb Code    18  bootloader.o(i.NVIC_DisableIRQ)
    i.NVIC_Init                              0x08000a48   Section        0  misc.o(i.NVIC_Init)
    i.NVIC_SystemReset                       0x08000ac0   Section        0  bootloader.o(i.NVIC_SystemReset)
    NVIC_SystemReset                         0x08000ac1   Thumb Code    56  bootloader.o(i.NVIC_SystemReset)
    i.RCC_AHB1PeriphClockCmd                 0x08000b00   Section        0  stm32f4xx_rcc.o(i.RCC_AHB1PeriphClockCmd)
    i.RCC_APB1PeriphClockCmd                 0x08000b20   Section        0  stm32f4xx_rcc.o(i.RCC_APB1PeriphClockCmd)
    i.RCC_APB1PeriphResetCmd                 0x08000b40   Section        0  stm32f4xx_rcc.o(i.RCC_APB1PeriphResetCmd)
    i.RCC_APB2PeriphClockCmd                 0x08000b60   Section        0  stm32f4xx_rcc.o(i.RCC_APB2PeriphClockCmd)
    i.RCC_APB2PeriphResetCmd                 0x08000b80   Section        0  stm32f4xx_rcc.o(i.RCC_APB2PeriphResetCmd)
    i.RCC_GetClocksFreq                      0x08000ba0   Section        0  stm32f4xx_rcc.o(i.RCC_GetClocksFreq)
    i.SetSysClock                            0x08000c88   Section        0  system_stm32f4xx.o(i.SetSysClock)
    SetSysClock                              0x08000c89   Thumb Code   220  system_stm32f4xx.o(i.SetSysClock)
    i.SystemInit                             0x08000d74   Section        0  system_stm32f4xx.o(i.SystemInit)
    i.TIM6_DAC_IRQHandler                    0x08000ddc   Section        0  tim_delay.o(i.TIM6_DAC_IRQHandler)
    i.TIM_ClearITPendingBit                  0x08000e20   Section        0  stm32f4xx_tim.o(i.TIM_ClearITPendingBit)
    i.TIM_Cmd                                0x08000e26   Section        0  stm32f4xx_tim.o(i.TIM_Cmd)
    i.TIM_DeInit                             0x08000e40   Section        0  stm32f4xx_tim.o(i.TIM_DeInit)
    i.TIM_GetCounter                         0x08000fd0   Section        0  stm32f4xx_tim.o(i.TIM_GetCounter)
    i.TIM_GetITStatus                        0x08000fd6   Section        0  stm32f4xx_tim.o(i.TIM_GetITStatus)
    i.TIM_ITConfig                           0x08000ff8   Section        0  stm32f4xx_tim.o(i.TIM_ITConfig)
    i.TIM_TimeBaseInit                       0x0800100c   Section        0  stm32f4xx_tim.o(i.TIM_TimeBaseInit)
    i.TIM_TimeBaseStructInit                 0x08001090   Section        0  stm32f4xx_tim.o(i.TIM_TimeBaseStructInit)
    i.USART3_IRQHandler                      0x080010a4   Section        0  bl_usart.o(i.USART3_IRQHandler)
    i.USART_ClearITPendingBit                0x080010e4   Section        0  stm32f4xx_usart.o(i.USART_ClearITPendingBit)
    i.USART_Cmd                              0x08001102   Section        0  stm32f4xx_usart.o(i.USART_Cmd)
    i.USART_DeInit                           0x0800111c   Section        0  stm32f4xx_usart.o(i.USART_DeInit)
    i.USART_GetFlagStatus                    0x0800120c   Section        0  stm32f4xx_usart.o(i.USART_GetFlagStatus)
    i.USART_GetITStatus                      0x08001226   Section        0  stm32f4xx_usart.o(i.USART_GetITStatus)
    i.USART_ITConfig                         0x0800127a   Section        0  stm32f4xx_usart.o(i.USART_ITConfig)
    i.USART_Init                             0x080012c4   Section        0  stm32f4xx_usart.o(i.USART_Init)
    i.USART_ReceiveData                      0x08001398   Section        0  stm32f4xx_usart.o(i.USART_ReceiveData)
    i.USART_SendData                         0x080013a2   Section        0  stm32f4xx_usart.o(i.USART_SendData)
    i.USART_StructInit                       0x080013aa   Section        0  stm32f4xx_usart.o(i.USART_StructInit)
    i.__0snprintf                            0x080013c4   Section        0  printfa.o(i.__0snprintf)
    i.__0vsnprintf                           0x080013f8   Section        0  printfa.o(i.__0vsnprintf)
    i.__scatterload_copy                     0x0800142c   Section       14  handlers.o(i.__scatterload_copy)
    i.__scatterload_null                     0x0800143a   Section        2  handlers.o(i.__scatterload_null)
    i.__scatterload_zeroinit                 0x0800143c   Section       14  handlers.o(i.__scatterload_zeroinit)
    i._fp_digits                             0x0800144c   Section        0  printfa.o(i._fp_digits)
    _fp_digits                               0x0800144d   Thumb Code   366  printfa.o(i._fp_digits)
    i._printf_core                           0x080015d0   Section        0  printfa.o(i._printf_core)
    _printf_core                             0x080015d1   Thumb Code  1704  printfa.o(i._printf_core)
    i._printf_post_padding                   0x08001c84   Section        0  printfa.o(i._printf_post_padding)
    _printf_post_padding                     0x08001c85   Thumb Code    36  printfa.o(i._printf_post_padding)
    i._printf_pre_padding                    0x08001ca8   Section        0  printfa.o(i._printf_pre_padding)
    _printf_pre_padding                      0x08001ca9   Thumb Code    46  printfa.o(i._printf_pre_padding)
    i._snputc                                0x08001cd6   Section        0  printfa.o(i._snputc)
    _snputc                                  0x08001cd7   Thumb Code    22  printfa.o(i._snputc)
    i.application_validate                   0x08001cec   Section        0  bootloader.o(i.application_validate)
    application_validate                     0x08001ced   Thumb Code   102  bootloader.o(i.application_validate)
    i.bl_byte_handler                        0x08001dbc   Section        0  bootloader.o(i.bl_byte_handler)
    bl_byte_handler                          0x08001dbd   Thumb Code   494  bootloader.o(i.bl_byte_handler)
    i.bl_opcode_boot_handler                 0x08002060   Section        0  bootloader.o(i.bl_opcode_boot_handler)
    bl_opcode_boot_handler                   0x08002061   Thumb Code    42  bootloader.o(i.bl_opcode_boot_handler)
    i.bl_opcode_erase_handler                0x080020bc   Section        0  bootloader.o(i.bl_opcode_erase_handler)
    bl_opcode_erase_handler                  0x080020bd   Thumb Code   226  bootloader.o(i.bl_opcode_erase_handler)
    i.bl_opcode_inquery_handler              0x08002248   Section        0  bootloader.o(i.bl_opcode_inquery_handler)
    bl_opcode_inquery_handler                0x08002249   Thumb Code   134  bootloader.o(i.bl_opcode_inquery_handler)
    i.bl_opcode_program_handler              0x0800234c   Section        0  bootloader.o(i.bl_opcode_program_handler)
    bl_opcode_program_handler                0x0800234d   Thumb Code   314  bootloader.o(i.bl_opcode_program_handler)
    i.bl_opcode_reset_handler                0x08002588   Section        0  bootloader.o(i.bl_opcode_reset_handler)
    bl_opcode_reset_handler                  0x08002589   Thumb Code    68  bootloader.o(i.bl_opcode_reset_handler)
    i.bl_opcode_verify_handler               0x08002610   Section        0  bootloader.o(i.bl_opcode_verify_handler)
    bl_opcode_verify_handler                 0x08002611   Thumb Code   228  bootloader.o(i.bl_opcode_verify_handler)
    i.bl_packet_handler                      0x080027a8   Section        0  bootloader.o(i.bl_packet_handler)
    bl_packet_handler                        0x080027a9   Thumb Code   104  bootloader.o(i.bl_packet_handler)
    i.bl_response                            0x0800284c   Section        0  bootloader.o(i.bl_response)
    bl_response                              0x0800284d   Thumb Code   110  bootloader.o(i.bl_response)
    i.bl_usart_init                          0x080028c0   Section        0  bl_usart.o(i.bl_usart_init)
    i.bl_usart_register_rx_callback          0x080028d0   Section        0  bl_usart.o(i.bl_usart_register_rx_callback)
    i.bl_usart_rx_handler                    0x080028dc   Section        0  bootloader.o(i.bl_usart_rx_handler)
    bl_usart_rx_handler                      0x080028dd   Thumb Code    20  bootloader.o(i.bl_usart_rx_handler)
    i.bl_usart_write                         0x080028f4   Section        0  bl_usart.o(i.bl_usart_write)
    i.board_lowlevel_init                    0x08002924   Section        0  board.o(i.board_lowlevel_init)
    i.boot_application                       0x08002978   Section        0  bootloader.o(i.boot_application)
    boot_application                         0x08002979   Thumb Code   114  bootloader.o(i.boot_application)
    i.bootloader_main                        0x08002a60   Section        0  bootloader.o(i.bootloader_main)
    i.console_init                           0x08002b80   Section        0  console.o(i.console_init)
    i.console_io_init                        0x08002b8c   Section        0  console.o(i.console_io_init)
    console_io_init                          0x08002b8d   Thumb Code    54  console.o(i.console_io_init)
    i.console_usart_init                     0x08002bc8   Section        0  console.o(i.console_usart_init)
    console_usart_init                       0x08002bc9   Thumb Code    58  console.o(i.console_usart_init)
    i.console_write                          0x08002c08   Section        0  console.o(i.console_write)
    i.crc16                                  0x08002c34   Section        0  crc16.o(i.crc16)
    i.crc32                                  0x08002c60   Section        0  crc32.o(i.crc32)
    i.elog_get_filter_tag_lvl                0x08002c94   Section        0  elog.o(i.elog_get_filter_tag_lvl)
    i.elog_init                              0x08002da4   Section        0  elog.o(i.elog_init)
    i.elog_output                            0x08002df0   Section        0  elog.o(i.elog_output)
    i.elog_output_lock                       0x080031b0   Section        0  elog.o(i.elog_output_lock)
    i.elog_output_lock_enabled               0x080031d8   Section        0  elog.o(i.elog_output_lock_enabled)
    i.elog_output_unlock                     0x08003218   Section        0  elog.o(i.elog_output_unlock)
    i.elog_port_get_p_info                   0x08003240   Section        0  elog_port.o(i.elog_port_get_p_info)
    i.elog_port_get_t_info                   0x08003248   Section        0  elog_port.o(i.elog_port_get_t_info)
    i.elog_port_get_time                     0x08003250   Section        0  elog_port.o(i.elog_port_get_time)
    i.elog_port_init                         0x080032b4   Section        0  elog_port.o(i.elog_port_init)
    i.elog_port_output                       0x080032b8   Section        0  elog_port.o(i.elog_port_output)
    i.elog_port_output_lock                  0x080032c8   Section        0  elog_port.o(i.elog_port_output_lock)
    i.elog_port_output_unlock                0x080032ca   Section        0  elog_port.o(i.elog_port_output_unlock)
    i.elog_set_filter_lvl                    0x080032cc   Section        0  elog.o(i.elog_set_filter_lvl)
    i.elog_set_filter_tag_lvl_default        0x0800338c   Section        0  elog.o(i.elog_set_filter_tag_lvl_default)
    elog_set_filter_tag_lvl_default          0x0800338d   Thumb Code    54  elog.o(i.elog_set_filter_tag_lvl_default)
    i.elog_set_fmt                           0x080033c8   Section        0  elog.o(i.elog_set_fmt)
    i.elog_set_output_enabled                0x0800348c   Section        0  elog.o(i.elog_set_output_enabled)
    i.elog_start                             0x08003560   Section        0  elog.o(i.elog_start)
    i.elog_strcpy                            0x080035f0   Section        0  elog_utils.o(i.elog_strcpy)
    i.get_fmt_enabled                        0x080036f8   Section        0  elog.o(i.get_fmt_enabled)
    get_fmt_enabled                          0x080036f9   Thumb Code    90  elog.o(i.get_fmt_enabled)
    i.get_fmt_used_and_enabled_ptr           0x080037c8   Section        0  elog.o(i.get_fmt_used_and_enabled_ptr)
    get_fmt_used_and_enabled_ptr             0x080037c9   Thumb Code    28  elog.o(i.get_fmt_used_and_enabled_ptr)
    i.get_fmt_used_and_enabled_u32           0x080037e4   Section        0  elog.o(i.get_fmt_used_and_enabled_u32)
    get_fmt_used_and_enabled_u32             0x080037e5   Thumb Code    28  elog.o(i.get_fmt_used_and_enabled_u32)
    i.get_u32_inc                            0x08003800   Section        0  bootloader.o(i.get_u32_inc)
    get_u32_inc                              0x08003801   Thumb Code    16  bootloader.o(i.get_u32_inc)
    i.key_init                               0x08003810   Section        0  key.o(i.key_init)
    i.key_press_check                        0x0800383c   Section        0  bootloader.o(i.key_press_check)
    key_press_check                          0x0800383d   Thumb Code    40  bootloader.o(i.key_press_check)
    i.key_read                               0x08003868   Section        0  key.o(i.key_read)
    i.key_trap_check                         0x08003884   Section        0  bootloader.o(i.key_trap_check)
    key_trap_check                           0x08003885   Thumb Code    62  bootloader.o(i.key_trap_check)
    i.led_init                               0x08003904   Section        0  led.o(i.led_init)
    i.led_off                                0x08003940   Section        0  led.o(i.led_off)
    i.led_on                                 0x08003952   Section        0  led.o(i.led_on)
    i.magic_header_get_address               0x08003964   Section        0  magic_header.o(i.magic_header_get_address)
    i.magic_header_get_crc32                 0x08003970   Section        0  magic_header.o(i.magic_header_get_crc32)
    i.magic_header_get_length                0x0800397c   Section        0  magic_header.o(i.magic_header_get_length)
    i.magic_header_trap_boot                 0x08003988   Section        0  bootloader.o(i.magic_header_trap_boot)
    i.magic_header_validate                  0x08003a3c   Section        0  magic_header.o(i.magic_header_validate)
    i.main                                   0x08003a70   Section        0  main.o(i.main)
    i.next_head                              0x08003abe   Section        0  ringbuffer.o(i.next_head)
    next_head                                0x08003abf   Thumb Code    24  ringbuffer.o(i.next_head)
    i.put_u16                                0x08003ad6   Section        0  bootloader.o(i.put_u16)
    put_u16                                  0x08003ad7   Thumb Code     4  bootloader.o(i.put_u16)
    i.put_u16_inc                            0x08003ada   Section        0  bootloader.o(i.put_u16_inc)
    put_u16_inc                              0x08003adb   Thumb Code    24  bootloader.o(i.put_u16_inc)
    i.put_u8_inc                             0x08003af2   Section        0  bootloader.o(i.put_u8_inc)
    put_u8_inc                               0x08003af3   Thumb Code    16  bootloader.o(i.put_u8_inc)
    i.rb_empty                               0x08003b02   Section        0  ringbuffer.o(i.rb_empty)
    i.rb_full                                0x08003b14   Section        0  ringbuffer.o(i.rb_full)
    i.rb_get                                 0x08003b2c   Section        0  ringbuffer.o(i.rb_get)
    i.rb_new                                 0x08003b62   Section        0  ringbuffer.o(i.rb_new)
    i.rb_put                                 0x08003b7e   Section        0  ringbuffer.o(i.rb_put)
    i.rb_puts                                0x08003ba2   Section        0  ringbuffer.o(i.rb_puts)
    i.rx_trap_boot                           0x08003bc8   Section        0  bootloader.o(i.rx_trap_boot)
    i.stm32_flash_erase                      0x08003c4c   Section        0  stm32_flash.o(i.stm32_flash_erase)
    i.stm32_flash_lock                       0x08003d2c   Section        0  stm32_flash.o(i.stm32_flash_lock)
    i.stm32_flash_program                    0x08003d34   Section        0  stm32_flash.o(i.stm32_flash_program)
    i.stm32_flash_unlock                     0x08003db8   Section        0  stm32_flash.o(i.stm32_flash_unlock)
    i.tim_delay_init                         0x08003dc0   Section        0  tim_delay.o(i.tim_delay_init)
    i.tim_delay_ms                           0x08003e38   Section        0  tim_delay.o(i.tim_delay_ms)
    i.tim_get_ms                             0x08003e60   Section        0  tim_delay.o(i.tim_get_ms)
    i.tim_now                                0x08003e74   Section        0  tim_delay.o(i.tim_now)
    i.usart_io_init                          0x08003eb0   Section        0  bl_usart.o(i.usart_io_init)
    usart_io_init                            0x08003eb1   Thumb Code    66  bl_usart.o(i.usart_io_init)
    i.usart_it_config                        0x08003ef8   Section        0  bl_usart.o(i.usart_it_config)
    usart_it_config                          0x08003ef9   Thumb Code    68  bl_usart.o(i.usart_it_config)
    i.usart_lowlevel_init                    0x08003f44   Section        0  bl_usart.o(i.usart_lowlevel_init)
    usart_lowlevel_init                      0x08003f45   Thumb Code    70  bl_usart.o(i.usart_lowlevel_init)
    i.wait_key_release                       0x08003f90   Section        0  bootloader.o(i.wait_key_release)
    wait_key_release                         0x08003f91   Thumb Code    24  bootloader.o(i.wait_key_release)
    .constdata                               0x08003fac   Section      287  bootloader.o(.constdata)
    __FUNCTION__                             0x08003fac   Data          21  bootloader.o(.constdata)
    __FUNCTION__                             0x08003fc1   Data          17  bootloader.o(.constdata)
    __FUNCTION__                             0x08003fd2   Data          26  bootloader.o(.constdata)
    __FUNCTION__                             0x08003fec   Data          24  bootloader.o(.constdata)
    __FUNCTION__                             0x08004004   Data          26  bootloader.o(.constdata)
    __FUNCTION__                             0x0800401e   Data          25  bootloader.o(.constdata)
    __FUNCTION__                             0x08004037   Data          24  bootloader.o(.constdata)
    __FUNCTION__                             0x0800404f   Data          23  bootloader.o(.constdata)
    __FUNCTION__                             0x08004066   Data          18  bootloader.o(.constdata)
    __FUNCTION__                             0x08004078   Data          16  bootloader.o(.constdata)
    __FUNCTION__                             0x08004088   Data          15  bootloader.o(.constdata)
    __FUNCTION__                             0x08004097   Data          23  bootloader.o(.constdata)
    __FUNCTION__                             0x080040ae   Data          13  bootloader.o(.constdata)
    __FUNCTION__                             0x080040bb   Data          16  bootloader.o(.constdata)
    .constdata                               0x080040cc   Section      134  stm32_flash.o(.constdata)
    sector_descs                             0x080040cc   Data          96  stm32_flash.o(.constdata)
    __FUNCTION__                             0x0800412c   Data          18  stm32_flash.o(.constdata)
    __FUNCTION__                             0x0800413e   Data          20  stm32_flash.o(.constdata)
    .constdata                               0x08004152   Section      512  crc16.o(.constdata)
    crc16tab                                 0x08004152   Data         512  crc16.o(.constdata)
    .constdata                               0x08004354   Section     1024  crc32.o(.constdata)
    crc32_tab                                0x08004354   Data        1024  crc32.o(.constdata)
    .constdata                               0x08004754   Section      198  elog.o(.constdata)
    __FUNCTION__                             0x08004754   Data          11  elog.o(.constdata)
    __FUNCTION__                             0x0800475f   Data          10  elog.o(.constdata)
    __FUNCTION__                             0x08004769   Data          24  elog.o(.constdata)
    __FUNCTION__                             0x08004781   Data          13  elog.o(.constdata)
    __FUNCTION__                             0x0800478e   Data          16  elog.o(.constdata)
    __FUNCTION__                             0x0800479e   Data          20  elog.o(.constdata)
    __FUNCTION__                             0x080047b2   Data          24  elog.o(.constdata)
    __FUNCTION__                             0x080047ca   Data          24  elog.o(.constdata)
    __FUNCTION__                             0x080047e2   Data          12  elog.o(.constdata)
    __FUNCTION__                             0x080047ee   Data          16  elog.o(.constdata)
    __FUNCTION__                             0x080047fe   Data          14  elog.o(.constdata)
    __FUNCTION__                             0x0800480c   Data          14  elog.o(.constdata)
    .constdata                               0x0800481a   Section       35  elog_utils.o(.constdata)
    __FUNCTION__                             0x0800481a   Data          12  elog_utils.o(.constdata)
    __FUNCTION__                             0x08004826   Data          11  elog_utils.o(.constdata)
    __FUNCTION__                             0x08004831   Data          12  elog_utils.o(.constdata)
    .conststring                             0x08004840   Section       23  elog.o(.conststring)
    .data                                    0x20000000   Section       84  board.o(.data)
    _led1                                    0x20000000   Data          12  board.o(.data)
    _led2                                    0x2000000c   Data          12  board.o(.data)
    _led3                                    0x20000018   Data          12  board.o(.data)
    _key1                                    0x20000030   Data           8  board.o(.data)
    _key2                                    0x20000038   Data           8  board.o(.data)
    _key3                                    0x20000040   Data           8  board.o(.data)
    .data                                    0x20000058   Section       24  bootloader.o(.data)
    rxrb                                     0x20000058   Data           4  bootloader.o(.data)
    packet_index                             0x2000005c   Data           4  bootloader.o(.data)
    packet_state                             0x20000060   Data           1  bootloader.o(.data)
    packet_opcode                            0x20000061   Data           1  bootloader.o(.data)
    packet_payload_length                    0x20000062   Data           2  bootloader.o(.data)
    last_byte_ms                             0x20000068   Data           8  bootloader.o(.data)
    .data                                    0x20000070   Section        4  bl_usart.o(.data)
    rx_callback                              0x20000070   Data           4  bl_usart.o(.data)
    .data                                    0x20000078   Section       12  tim_delay.o(.data)
    tim_tick_count                           0x20000078   Data           8  tim_delay.o(.data)
    periodic_callback                        0x20000080   Data           4  tim_delay.o(.data)
    .data                                    0x20000084   Section       16  stm32f4xx_rcc.o(.data)
    APBAHBPrescTable                         0x20000084   Data          16  stm32f4xx_rcc.o(.data)
    .data                                    0x20000094   Section       28  elog.o(.data)
    level_output_info                        0x20000094   Data          24  elog.o(.data)
    .bss                                     0x200000b0   Section     9230  bootloader.o(.bss)
    rb_buffer                                0x200000b0   Data        5120  bootloader.o(.bss)
    packet_buffer                            0x200014b0   Data        4110  bootloader.o(.bss)
    .bss                                     0x200024c0   Section     1272  elog.o(.bss)
    elog                                     0x200024c0   Data         248  elog.o(.bss)
    log_buf                                  0x200025b8   Data        1024  elog.o(.bss)
    .bss                                     0x200029b8   Section       16  elog_port.o(.bss)
    time_str                                 0x200029b8   Data          16  elog_port.o(.bss)
    STACK                                    0x200029c8   Section     1024  startup_stm32f40_41xxx.o(STACK)

    Global Symbols

    Symbol Name                              Value     Ov Type        Size  Object(Section)

    BuildAttributes$$THM_ISAv4$E$P$D$K$B$S$7EM$VFPi3$EXTD16$VFPS$VFMA$PE$A:L22UL41UL21$X:L11$S22US41US21$IEEE1$IW$USESV6$~STKCKD$USESV7$~SHL$OSPACE$ROPI$EBA8$MICROLIB$REQ8$PRES8$EABIv2 0x00000000   Number         0  anon$$obj.o ABSOLUTE
    __ARM_use_no_argv                        0x00000000   Number         0  main.o ABSOLUTE
    _printf_a                                0x00000000   Number         0  stubs.o ABSOLUTE
    _printf_c                                0x00000000   Number         0  stubs.o ABSOLUTE
    _printf_charcount                        0x00000000   Number         0  stubs.o ABSOLUTE
    _printf_d                                0x00000000   Number         0  stubs.o ABSOLUTE
    _printf_e                                0x00000000   Number         0  stubs.o ABSOLUTE
    _printf_f                                0x00000000   Number         0  stubs.o ABSOLUTE
    _printf_flags                            0x00000000   Number         0  stubs.o ABSOLUTE
    _printf_fp_dec                           0x00000000   Number         0  stubs.o ABSOLUTE
    _printf_fp_hex                           0x00000000   Number         0  stubs.o ABSOLUTE
    _printf_g                                0x00000000   Number         0  stubs.o ABSOLUTE
    _printf_i                                0x00000000   Number         0  stubs.o ABSOLUTE
    _printf_int_dec                          0x00000000   Number         0  stubs.o ABSOLUTE
    _printf_l                                0x00000000   Number         0  stubs.o ABSOLUTE
    _printf_lc                               0x00000000   Number         0  stubs.o ABSOLUTE
    _printf_ll                               0x00000000   Number         0  stubs.o ABSOLUTE
    _printf_lld                              0x00000000   Number         0  stubs.o ABSOLUTE
    _printf_lli                              0x00000000   Number         0  stubs.o ABSOLUTE
    _printf_llo                              0x00000000   Number         0  stubs.o ABSOLUTE
    _printf_llu                              0x00000000   Number         0  stubs.o ABSOLUTE
    _printf_llx                              0x00000000   Number         0  stubs.o ABSOLUTE
    _printf_longlong_dec                     0x00000000   Number         0  stubs.o ABSOLUTE
    _printf_longlong_hex                     0x00000000   Number         0  stubs.o ABSOLUTE
    _printf_longlong_oct                     0x00000000   Number         0  stubs.o ABSOLUTE
    _printf_ls                               0x00000000   Number         0  stubs.o ABSOLUTE
    _printf_mbtowc                           0x00000000   Number         0  stubs.o ABSOLUTE
    _printf_n                                0x00000000   Number         0  stubs.o ABSOLUTE
    _printf_o                                0x00000000   Number         0  stubs.o ABSOLUTE
    _printf_p                                0x00000000   Number         0  stubs.o ABSOLUTE
    _printf_percent                          0x00000000   Number         0  stubs.o ABSOLUTE
    _printf_pre_padding                      0x00000000   Number         0  stubs.o ABSOLUTE
    _printf_return_value                     0x00000000   Number         0  stubs.o ABSOLUTE
    _printf_s                                0x00000000   Number         0  stubs.o ABSOLUTE
    _printf_sizespec                         0x00000000   Number         0  stubs.o ABSOLUTE
    _printf_str                              0x00000000   Number         0  stubs.o ABSOLUTE
    _printf_truncate_signed                  0x00000000   Number         0  stubs.o ABSOLUTE
    _printf_truncate_unsigned                0x00000000   Number         0  stubs.o ABSOLUTE
    _printf_u                                0x00000000   Number         0  stubs.o ABSOLUTE
    _printf_wc                               0x00000000   Number         0  stubs.o ABSOLUTE
    _printf_wctomb                           0x00000000   Number         0  stubs.o ABSOLUTE
    _printf_widthprec                        0x00000000   Number         0  stubs.o ABSOLUTE
    _printf_x                                0x00000000   Number         0  stubs.o ABSOLUTE
    __arm_fini_                               - Undefined Weak Reference
    __cpp_initialize__aeabi_                  - Undefined Weak Reference
    __cxa_finalize                            - Undefined Weak Reference
    __decompress                              - Undefined Weak Reference
    _clock_init                               - Undefined Weak Reference
    _microlib_exit                            - Undefined Weak Reference
    __Vectors_Size                           0x00000188   Number         0  startup_stm32f40_41xxx.o ABSOLUTE
    __Vectors                                0x08000000   Data           4  startup_stm32f40_41xxx.o(RESET)
    __Vectors_End                            0x08000188   Data           0  startup_stm32f40_41xxx.o(RESET)
    __main                                   0x08000189   Thumb Code     0  entry.o(.ARM.Collect$$$$00000000)
    _main_stk                                0x08000189   Thumb Code     0  entry2.o(.ARM.Collect$$$$00000001)
    _main_scatterload                        0x0800018d   Thumb Code     0  entry5.o(.ARM.Collect$$$$00000004)
    __main_after_scatterload                 0x08000191   Thumb Code     0  entry5.o(.ARM.Collect$$$$00000004)
    _main_clock                              0x08000191   Thumb Code     0  entry7b.o(.ARM.Collect$$$$00000008)
    _main_cpp_init                           0x08000191   Thumb Code     0  entry8b.o(.ARM.Collect$$$$0000000A)
    _main_init                               0x08000191   Thumb Code     0  entry9a.o(.ARM.Collect$$$$0000000B)
    __rt_lib_shutdown_fini                   0x08000199   Thumb Code     0  entry12b.o(.ARM.Collect$$$$0000000E)
    __rt_final_cpp                           0x0800019d   Thumb Code     0  entry10a.o(.ARM.Collect$$$$0000000F)
    __rt_final_exit                          0x0800019d   Thumb Code     0  entry11a.o(.ARM.Collect$$$$00000011)
    JumpApp                                  0x080001a1   Thumb Code     8  jumpapp.o(.text)
    Reset_Handler                            0x080001a9   Thumb Code     8  startup_stm32f40_41xxx.o(.text)
    NMI_Handler                              0x080001b1   Thumb Code     2  startup_stm32f40_41xxx.o(.text)
    HardFault_Handler                        0x080001b3   Thumb Code     2  startup_stm32f40_41xxx.o(.text)
    MemManage_Handler                        0x080001b5   Thumb Code     2  startup_stm32f40_41xxx.o(.text)
    BusFault_Handler                         0x080001b7   Thumb Code     2  startup_stm32f40_41xxx.o(.text)
    UsageFault_Handler                       0x080001b9   Thumb Code     2  startup_stm32f40_41xxx.o(.text)
    SVC_Handler                              0x080001bb   Thumb Code     2  startup_stm32f40_41xxx.o(.text)
    DebugMon_Handler                         0x080001bd   Thumb Code     2  startup_stm32f40_41xxx.o(.text)
    PendSV_Handler                           0x080001bf   Thumb Code     2  startup_stm32f40_41xxx.o(.text)
    SysTick_Handler                          0x080001c1   Thumb Code     2  startup_stm32f40_41xxx.o(.text)
    ADC_IRQHandler                           0x080001c3   Thumb Code     0  startup_stm32f40_41xxx.o(.text)
    CAN1_RX0_IRQHandler                      0x080001c3   Thumb Code     0  startup_stm32f40_41xxx.o(.text)
    CAN1_RX1_IRQHandler                      0x080001c3   Thumb Code     0  startup_stm32f40_41xxx.o(.text)
    CAN1_SCE_IRQHandler                      0x080001c3   Thumb Code     0  startup_stm32f40_41xxx.o(.text)
    CAN1_TX_IRQHandler                       0x080001c3   Thumb Code     0  startup_stm32f40_41xxx.o(.text)
    CAN2_RX0_IRQHandler                      0x080001c3   Thumb Code     0  startup_stm32f40_41xxx.o(.text)
    CAN2_RX1_IRQHandler                      0x080001c3   Thumb Code     0  startup_stm32f40_41xxx.o(.text)
    CAN2_SCE_IRQHandler                      0x080001c3   Thumb Code     0  startup_stm32f40_41xxx.o(.text)
    CAN2_TX_IRQHandler                       0x080001c3   Thumb Code     0  startup_stm32f40_41xxx.o(.text)
    CRYP_IRQHandler                          0x080001c3   Thumb Code     0  startup_stm32f40_41xxx.o(.text)
    DCMI_IRQHandler                          0x080001c3   Thumb Code     0  startup_stm32f40_41xxx.o(.text)
    DMA1_Stream0_IRQHandler                  0x080001c3   Thumb Code     0  startup_stm32f40_41xxx.o(.text)
    DMA1_Stream1_IRQHandler                  0x080001c3   Thumb Code     0  startup_stm32f40_41xxx.o(.text)
    DMA1_Stream2_IRQHandler                  0x080001c3   Thumb Code     0  startup_stm32f40_41xxx.o(.text)
    DMA1_Stream3_IRQHandler                  0x080001c3   Thumb Code     0  startup_stm32f40_41xxx.o(.text)
    DMA1_Stream4_IRQHandler                  0x080001c3   Thumb Code     0  startup_stm32f40_41xxx.o(.text)
    DMA1_Stream5_IRQHandler                  0x080001c3   Thumb Code     0  startup_stm32f40_41xxx.o(.text)
    DMA1_Stream6_IRQHandler                  0x080001c3   Thumb Code     0  startup_stm32f40_41xxx.o(.text)
    DMA1_Stream7_IRQHandler                  0x080001c3   Thumb Code     0  startup_stm32f40_41xxx.o(.text)
    DMA2_Stream0_IRQHandler                  0x080001c3   Thumb Code     0  startup_stm32f40_41xxx.o(.text)
    DMA2_Stream1_IRQHandler                  0x080001c3   Thumb Code     0  startup_stm32f40_41xxx.o(.text)
    DMA2_Stream2_IRQHandler                  0x080001c3   Thumb Code     0  startup_stm32f40_41xxx.o(.text)
    DMA2_Stream3_IRQHandler                  0x080001c3   Thumb Code     0  startup_stm32f40_41xxx.o(.text)
    DMA2_Stream4_IRQHandler                  0x080001c3   Thumb Code     0  startup_stm32f40_41xxx.o(.text)
    DMA2_Stream5_IRQHandler                  0x080001c3   Thumb Code     0  startup_stm32f40_41xxx.o(.text)
    DMA2_Stream6_IRQHandler                  0x080001c3   Thumb Code     0  startup_stm32f40_41xxx.o(.text)
    DMA2_Stream7_IRQHandler                  0x080001c3   Thumb Code     0  startup_stm32f40_41xxx.o(.text)
    ETH_IRQHandler                           0x080001c3   Thumb Code     0  startup_stm32f40_41xxx.o(.text)
    ETH_WKUP_IRQHandler                      0x080001c3   Thumb Code     0  startup_stm32f40_41xxx.o(.text)
    EXTI0_IRQHandler                         0x080001c3   Thumb Code     0  startup_stm32f40_41xxx.o(.text)
    EXTI15_10_IRQHandler                     0x080001c3   Thumb Code     0  startup_stm32f40_41xxx.o(.text)
    EXTI1_IRQHandler                         0x080001c3   Thumb Code     0  startup_stm32f40_41xxx.o(.text)
    EXTI2_IRQHandler                         0x080001c3   Thumb Code     0  startup_stm32f40_41xxx.o(.text)
    EXTI3_IRQHandler                         0x080001c3   Thumb Code     0  startup_stm32f40_41xxx.o(.text)
    EXTI4_IRQHandler                         0x080001c3   Thumb Code     0  startup_stm32f40_41xxx.o(.text)
    EXTI9_5_IRQHandler                       0x080001c3   Thumb Code     0  startup_stm32f40_41xxx.o(.text)
    FLASH_IRQHandler                         0x080001c3   Thumb Code     0  startup_stm32f40_41xxx.o(.text)
    FPU_IRQHandler                           0x080001c3   Thumb Code     0  startup_stm32f40_41xxx.o(.text)
    FSMC_IRQHandler                          0x080001c3   Thumb Code     0  startup_stm32f40_41xxx.o(.text)
    HASH_RNG_IRQHandler                      0x080001c3   Thumb Code     0  startup_stm32f40_41xxx.o(.text)
    I2C1_ER_IRQHandler                       0x080001c3   Thumb Code     0  startup_stm32f40_41xxx.o(.text)
    I2C1_EV_IRQHandler                       0x080001c3   Thumb Code     0  startup_stm32f40_41xxx.o(.text)
    I2C2_ER_IRQHandler                       0x080001c3   Thumb Code     0  startup_stm32f40_41xxx.o(.text)
    I2C2_EV_IRQHandler                       0x080001c3   Thumb Code     0  startup_stm32f40_41xxx.o(.text)
    I2C3_ER_IRQHandler                       0x080001c3   Thumb Code     0  startup_stm32f40_41xxx.o(.text)
    I2C3_EV_IRQHandler                       0x080001c3   Thumb Code     0  startup_stm32f40_41xxx.o(.text)
    OTG_FS_IRQHandler                        0x080001c3   Thumb Code     0  startup_stm32f40_41xxx.o(.text)
    OTG_FS_WKUP_IRQHandler                   0x080001c3   Thumb Code     0  startup_stm32f40_41xxx.o(.text)
    OTG_HS_EP1_IN_IRQHandler                 0x080001c3   Thumb Code     0  startup_stm32f40_41xxx.o(.text)
    OTG_HS_EP1_OUT_IRQHandler                0x080001c3   Thumb Code     0  startup_stm32f40_41xxx.o(.text)
    OTG_HS_IRQHandler                        0x080001c3   Thumb Code     0  startup_stm32f40_41xxx.o(.text)
    OTG_HS_WKUP_IRQHandler                   0x080001c3   Thumb Code     0  startup_stm32f40_41xxx.o(.text)
    PVD_IRQHandler                           0x080001c3   Thumb Code     0  startup_stm32f40_41xxx.o(.text)
    RCC_IRQHandler                           0x080001c3   Thumb Code     0  startup_stm32f40_41xxx.o(.text)
    RTC_Alarm_IRQHandler                     0x080001c3   Thumb Code     0  startup_stm32f40_41xxx.o(.text)
    RTC_WKUP_IRQHandler                      0x080001c3   Thumb Code     0  startup_stm32f40_41xxx.o(.text)
    SDIO_IRQHandler                          0x080001c3   Thumb Code     0  startup_stm32f40_41xxx.o(.text)
    SPI1_IRQHandler                          0x080001c3   Thumb Code     0  startup_stm32f40_41xxx.o(.text)
    SPI2_IRQHandler                          0x080001c3   Thumb Code     0  startup_stm32f40_41xxx.o(.text)
    SPI3_IRQHandler                          0x080001c3   Thumb Code     0  startup_stm32f40_41xxx.o(.text)
    TAMP_STAMP_IRQHandler                    0x080001c3   Thumb Code     0  startup_stm32f40_41xxx.o(.text)
    TIM1_BRK_TIM9_IRQHandler                 0x080001c3   Thumb Code     0  startup_stm32f40_41xxx.o(.text)
    TIM1_CC_IRQHandler                       0x080001c3   Thumb Code     0  startup_stm32f40_41xxx.o(.text)
    TIM1_TRG_COM_TIM11_IRQHandler            0x080001c3   Thumb Code     0  startup_stm32f40_41xxx.o(.text)
    TIM1_UP_TIM10_IRQHandler                 0x080001c3   Thumb Code     0  startup_stm32f40_41xxx.o(.text)
    TIM2_IRQHandler                          0x080001c3   Thumb Code     0  startup_stm32f40_41xxx.o(.text)
    TIM3_IRQHandler                          0x080001c3   Thumb Code     0  startup_stm32f40_41xxx.o(.text)
    TIM4_IRQHandler                          0x080001c3   Thumb Code     0  startup_stm32f40_41xxx.o(.text)
    TIM5_IRQHandler                          0x080001c3   Thumb Code     0  startup_stm32f40_41xxx.o(.text)
    TIM7_IRQHandler                          0x080001c3   Thumb Code     0  startup_stm32f40_41xxx.o(.text)
    TIM8_BRK_TIM12_IRQHandler                0x080001c3   Thumb Code     0  startup_stm32f40_41xxx.o(.text)
    TIM8_CC_IRQHandler                       0x080001c3   Thumb Code     0  startup_stm32f40_41xxx.o(.text)
    TIM8_TRG_COM_TIM14_IRQHandler            0x080001c3   Thumb Code     0  startup_stm32f40_41xxx.o(.text)
    TIM8_UP_TIM13_IRQHandler                 0x080001c3   Thumb Code     0  startup_stm32f40_41xxx.o(.text)
    UART4_IRQHandler                         0x080001c3   Thumb Code     0  startup_stm32f40_41xxx.o(.text)
    UART5_IRQHandler                         0x080001c3   Thumb Code     0  startup_stm32f40_41xxx.o(.text)
    USART1_IRQHandler                        0x080001c3   Thumb Code     0  startup_stm32f40_41xxx.o(.text)
    USART2_IRQHandler                        0x080001c3   Thumb Code     0  startup_stm32f40_41xxx.o(.text)
    USART6_IRQHandler                        0x080001c3   Thumb Code     0  startup_stm32f40_41xxx.o(.text)
    WWDG_IRQHandler                          0x080001c3   Thumb Code     0  startup_stm32f40_41xxx.o(.text)
    __aeabi_uldivmod                         0x080001cd   Thumb Code    98  uldiv.o(.text)
    __aeabi_memcpy                           0x0800022f   Thumb Code    36  memcpya.o(.text)
    __aeabi_memcpy4                          0x0800022f   Thumb Code     0  memcpya.o(.text)
    __aeabi_memcpy8                          0x0800022f   Thumb Code     0  memcpya.o(.text)
    __aeabi_memset                           0x08000253   Thumb Code    14  memseta.o(.text)
    __aeabi_memset4                          0x08000253   Thumb Code     0  memseta.o(.text)
    __aeabi_memset8                          0x08000253   Thumb Code     0  memseta.o(.text)
    __aeabi_memclr                           0x08000261   Thumb Code     4  memseta.o(.text)
    __aeabi_memclr4                          0x08000261   Thumb Code     0  memseta.o(.text)
    __aeabi_memclr8                          0x08000261   Thumb Code     0  memseta.o(.text)
    _memset$wrapper                          0x08000265   Thumb Code    18  memseta.o(.text)
    strstr                                   0x08000277   Thumb Code    36  strstr.o(.text)
    strlen                                   0x0800029b   Thumb Code    14  strlen.o(.text)
    strncmp                                  0x080002a9   Thumb Code    30  strncmp.o(.text)
    __aeabi_uidiv                            0x080002c7   Thumb Code     0  uidiv.o(.text)
    __aeabi_uidivmod                         0x080002c7   Thumb Code    44  uidiv.o(.text)
    __aeabi_llsl                             0x080002f3   Thumb Code    30  llshl.o(.text)
    _ll_shift_l                              0x080002f3   Thumb Code     0  llshl.o(.text)
    __aeabi_llsr                             0x08000311   Thumb Code    32  llushr.o(.text)
    _ll_ushift_r                             0x08000311   Thumb Code     0  llushr.o(.text)
    __I$use$fp                               0x08000331   Thumb Code     0  iusefp.o(.text)
    __aeabi_dadd                             0x08000331   Thumb Code   322  dadd.o(.text)
    __aeabi_dsub                             0x08000473   Thumb Code     6  dadd.o(.text)
    __aeabi_drsub                            0x08000479   Thumb Code     6  dadd.o(.text)
    __aeabi_dmul                             0x0800047f   Thumb Code   228  dmul.o(.text)
    __aeabi_ddiv                             0x08000563   Thumb Code   222  ddiv.o(.text)
    __aeabi_d2ulz                            0x08000641   Thumb Code    48  dfixul.o(.text)
    __aeabi_cdrcmple                         0x08000671   Thumb Code    48  cdrcmple.o(.text)
    __scatterload                            0x080006a1   Thumb Code    28  init.o(.text)
    __scatterload_rt2                        0x080006a1   Thumb Code     0  init.o(.text)
    __aeabi_lasr                             0x080006c5   Thumb Code    36  llsshr.o(.text)
    _ll_sshift_r                             0x080006c5   Thumb Code     0  llsshr.o(.text)
    _double_round                            0x080006e9   Thumb Code    30  depilogue.o(.text)
    _double_epilogue                         0x08000707   Thumb Code   156  depilogue.o(.text)
    FLASH_EraseSector                        0x080007a5   Thumb Code   130  stm32f4xx_flash.o(i.FLASH_EraseSector)
    FLASH_GetStatus                          0x0800082d   Thumb Code    80  stm32f4xx_flash.o(i.FLASH_GetStatus)
    FLASH_Lock                               0x08000881   Thumb Code    14  stm32f4xx_flash.o(i.FLASH_Lock)
    FLASH_ProgramWord                        0x08000895   Thumb Code    74  stm32f4xx_flash.o(i.FLASH_ProgramWord)
    FLASH_Unlock                             0x080008e5   Thumb Code    24  stm32f4xx_flash.o(i.FLASH_Unlock)
    FLASH_WaitForLastOperation               0x08000909   Thumb Code    34  stm32f4xx_flash.o(i.FLASH_WaitForLastOperation)
    GPIO_Init                                0x0800092b   Thumb Code   144  stm32f4xx_gpio.o(i.GPIO_Init)
    GPIO_PinAFConfig                         0x080009bb   Thumb Code    70  stm32f4xx_gpio.o(i.GPIO_PinAFConfig)
    GPIO_ReadInputDataBit                    0x08000a01   Thumb Code    18  stm32f4xx_gpio.o(i.GPIO_ReadInputDataBit)
    GPIO_StructInit                          0x08000a13   Thumb Code    18  stm32f4xx_gpio.o(i.GPIO_StructInit)
    GPIO_WriteBit                            0x08000a25   Thumb Code    12  stm32f4xx_gpio.o(i.GPIO_WriteBit)
    NVIC_Init                                0x08000a49   Thumb Code   106  misc.o(i.NVIC_Init)
    RCC_AHB1PeriphClockCmd                   0x08000b01   Thumb Code    26  stm32f4xx_rcc.o(i.RCC_AHB1PeriphClockCmd)
    RCC_APB1PeriphClockCmd                   0x08000b21   Thumb Code    26  stm32f4xx_rcc.o(i.RCC_APB1PeriphClockCmd)
    RCC_APB1PeriphResetCmd                   0x08000b41   Thumb Code    26  stm32f4xx_rcc.o(i.RCC_APB1PeriphResetCmd)
    RCC_APB2PeriphClockCmd                   0x08000b61   Thumb Code    26  stm32f4xx_rcc.o(i.RCC_APB2PeriphClockCmd)
    RCC_APB2PeriphResetCmd                   0x08000b81   Thumb Code    26  stm32f4xx_rcc.o(i.RCC_APB2PeriphResetCmd)
    RCC_GetClocksFreq                        0x08000ba1   Thumb Code   214  stm32f4xx_rcc.o(i.RCC_GetClocksFreq)
    SystemInit                               0x08000d75   Thumb Code    88  system_stm32f4xx.o(i.SystemInit)
    TIM6_DAC_IRQHandler                      0x08000ddd   Thumb Code    56  tim_delay.o(i.TIM6_DAC_IRQHandler)
    TIM_ClearITPendingBit                    0x08000e21   Thumb Code     6  stm32f4xx_tim.o(i.TIM_ClearITPendingBit)
    TIM_Cmd                                  0x08000e27   Thumb Code    24  stm32f4xx_tim.o(i.TIM_Cmd)
    TIM_DeInit                               0x08000e41   Thumb Code   346  stm32f4xx_tim.o(i.TIM_DeInit)
    TIM_GetCounter                           0x08000fd1   Thumb Code     6  stm32f4xx_tim.o(i.TIM_GetCounter)
    TIM_GetITStatus                          0x08000fd7   Thumb Code    34  stm32f4xx_tim.o(i.TIM_GetITStatus)
    TIM_ITConfig                             0x08000ff9   Thumb Code    18  stm32f4xx_tim.o(i.TIM_ITConfig)
    TIM_TimeBaseInit                         0x0800100d   Thumb Code   104  stm32f4xx_tim.o(i.TIM_TimeBaseInit)
    TIM_TimeBaseStructInit                   0x08001091   Thumb Code    18  stm32f4xx_tim.o(i.TIM_TimeBaseStructInit)
    USART3_IRQHandler                        0x080010a5   Thumb Code    54  bl_usart.o(i.USART3_IRQHandler)
    USART_ClearITPendingBit                  0x080010e5   Thumb Code    30  stm32f4xx_usart.o(i.USART_ClearITPendingBit)
    USART_Cmd                                0x08001103   Thumb Code    24  stm32f4xx_usart.o(i.USART_Cmd)
    USART_DeInit                             0x0800111d   Thumb Code   206  stm32f4xx_usart.o(i.USART_DeInit)
    USART_GetFlagStatus                      0x0800120d   Thumb Code    26  stm32f4xx_usart.o(i.USART_GetFlagStatus)
    USART_GetITStatus                        0x08001227   Thumb Code    84  stm32f4xx_usart.o(i.USART_GetITStatus)
    USART_ITConfig                           0x0800127b   Thumb Code    74  stm32f4xx_usart.o(i.USART_ITConfig)
    USART_Init                               0x080012c5   Thumb Code   204  stm32f4xx_usart.o(i.USART_Init)
    USART_ReceiveData                        0x08001399   Thumb Code    10  stm32f4xx_usart.o(i.USART_ReceiveData)
    USART_SendData                           0x080013a3   Thumb Code     8  stm32f4xx_usart.o(i.USART_SendData)
    USART_StructInit                         0x080013ab   Thumb Code    24  stm32f4xx_usart.o(i.USART_StructInit)
    __0snprintf                              0x080013c5   Thumb Code    48  printfa.o(i.__0snprintf)
    __1snprintf                              0x080013c5   Thumb Code     0  printfa.o(i.__0snprintf)
    __2snprintf                              0x080013c5   Thumb Code     0  printfa.o(i.__0snprintf)
    __c89snprintf                            0x080013c5   Thumb Code     0  printfa.o(i.__0snprintf)
    snprintf                                 0x080013c5   Thumb Code     0  printfa.o(i.__0snprintf)
    __0vsnprintf                             0x080013f9   Thumb Code    46  printfa.o(i.__0vsnprintf)
    __1vsnprintf                             0x080013f9   Thumb Code     0  printfa.o(i.__0vsnprintf)
    __2vsnprintf                             0x080013f9   Thumb Code     0  printfa.o(i.__0vsnprintf)
    __c89vsnprintf                           0x080013f9   Thumb Code     0  printfa.o(i.__0vsnprintf)
    vsnprintf                                0x080013f9   Thumb Code     0  printfa.o(i.__0vsnprintf)
    __scatterload_copy                       0x0800142d   Thumb Code    14  handlers.o(i.__scatterload_copy)
    __scatterload_null                       0x0800143b   Thumb Code     2  handlers.o(i.__scatterload_null)
    __scatterload_zeroinit                   0x0800143d   Thumb Code    14  handlers.o(i.__scatterload_zeroinit)
    bl_usart_init                            0x080028c1   Thumb Code    16  bl_usart.o(i.bl_usart_init)
    bl_usart_register_rx_callback            0x080028d1   Thumb Code     6  bl_usart.o(i.bl_usart_register_rx_callback)
    bl_usart_write                           0x080028f5   Thumb Code    42  bl_usart.o(i.bl_usart_write)
    board_lowlevel_init                      0x08002925   Thumb Code    84  board.o(i.board_lowlevel_init)
    bootloader_main                          0x08002a61   Thumb Code   186  bootloader.o(i.bootloader_main)
    console_init                             0x08002b81   Thumb Code    12  console.o(i.console_init)
    console_write                            0x08002c09   Thumb Code    40  console.o(i.console_write)
    crc16                                    0x08002c35   Thumb Code    40  crc16.o(i.crc16)
    crc32                                    0x08002c61   Thumb Code    48  crc32.o(i.crc32)
    elog_get_filter_tag_lvl                  0x08002c95   Thumb Code   164  elog.o(i.elog_get_filter_tag_lvl)
    elog_init                                0x08002da5   Thumb Code    70  elog.o(i.elog_init)
    elog_output                              0x08002df1   Thumb Code   802  elog.o(i.elog_output)
    elog_output_lock                         0x080031b1   Thumb Code    34  elog.o(i.elog_output_lock)
    elog_output_lock_enabled                 0x080031d9   Thumb Code    60  elog.o(i.elog_output_lock_enabled)
    elog_output_unlock                       0x08003219   Thumb Code    34  elog.o(i.elog_output_unlock)
    elog_port_get_p_info                     0x08003241   Thumb Code     4  elog_port.o(i.elog_port_get_p_info)
    elog_port_get_t_info                     0x08003249   Thumb Code     4  elog_port.o(i.elog_port_get_t_info)
    elog_port_get_time                       0x08003251   Thumb Code    76  elog_port.o(i.elog_port_get_time)
    elog_port_init                           0x080032b5   Thumb Code     4  elog_port.o(i.elog_port_init)
    elog_port_output                         0x080032b9   Thumb Code    16  elog_port.o(i.elog_port_output)
    elog_port_output_lock                    0x080032c9   Thumb Code     2  elog_port.o(i.elog_port_output_lock)
    elog_port_output_unlock                  0x080032cb   Thumb Code     2  elog_port.o(i.elog_port_output_unlock)
    elog_set_filter_lvl                      0x080032cd   Thumb Code    76  elog.o(i.elog_set_filter_lvl)
    elog_set_fmt                             0x080033c9   Thumb Code    80  elog.o(i.elog_set_fmt)
    elog_set_output_enabled                  0x0800348d   Thumb Code    82  elog.o(i.elog_set_output_enabled)
    elog_start                               0x08003561   Thumb Code    46  elog.o(i.elog_start)
    elog_strcpy                              0x080035f1   Thumb Code   162  elog_utils.o(i.elog_strcpy)
    key_init                                 0x08003811   Thumb Code    42  key.o(i.key_init)
    key_read                                 0x08003869   Thumb Code    26  key.o(i.key_read)
    led_init                                 0x08003905   Thumb Code    60  led.o(i.led_init)
    led_off                                  0x08003941   Thumb Code    18  led.o(i.led_off)
    led_on                                   0x08003953   Thumb Code    18  led.o(i.led_on)
    magic_header_get_address                 0x08003965   Thumb Code     6  magic_header.o(i.magic_header_get_address)
    magic_header_get_crc32                   0x08003971   Thumb Code     6  magic_header.o(i.magic_header_get_crc32)
    magic_header_get_length                  0x0800397d   Thumb Code     6  magic_header.o(i.magic_header_get_length)
    magic_header_trap_boot                   0x08003989   Thumb Code    70  bootloader.o(i.magic_header_trap_boot)
    magic_header_validate                    0x08003a3d   Thumb Code    42  magic_header.o(i.magic_header_validate)
    main                                     0x08003a71   Thumb Code    78  main.o(i.main)
    rb_empty                                 0x08003b03   Thumb Code    18  ringbuffer.o(i.rb_empty)
    rb_full                                  0x08003b15   Thumb Code    24  ringbuffer.o(i.rb_full)
    rb_get                                   0x08003b2d   Thumb Code    54  ringbuffer.o(i.rb_get)
    rb_new                                   0x08003b63   Thumb Code    28  ringbuffer.o(i.rb_new)
    rb_put                                   0x08003b7f   Thumb Code    36  ringbuffer.o(i.rb_put)
    rb_puts                                  0x08003ba3   Thumb Code    38  ringbuffer.o(i.rb_puts)
    rx_trap_boot                             0x08003bc9   Thumb Code    62  bootloader.o(i.rx_trap_boot)
    stm32_flash_erase                        0x08003c4d   Thumb Code   114  stm32_flash.o(i.stm32_flash_erase)
    stm32_flash_lock                         0x08003d2d   Thumb Code     8  stm32_flash.o(i.stm32_flash_lock)
    stm32_flash_program                      0x08003d35   Thumb Code    56  stm32_flash.o(i.stm32_flash_program)
    stm32_flash_unlock                       0x08003db9   Thumb Code     8  stm32_flash.o(i.stm32_flash_unlock)
    tim_delay_init                           0x08003dc1   Thumb Code   116  tim_delay.o(i.tim_delay_init)
    tim_delay_ms                             0x08003e39   Thumb Code    40  tim_delay.o(i.tim_delay_ms)
    tim_get_ms                               0x08003e61   Thumb Code    20  tim_delay.o(i.tim_get_ms)
    tim_now                                  0x08003e75   Thumb Code    52  tim_delay.o(i.tim_now)
    Region$$Table$$Base                      0x08004858   Number         0  anon$$obj.o(Region$$Table)
    Region$$Table$$Limit                     0x08004878   Number         0  anon$$obj.o(Region$$Table)
    led1                                     0x20000024   Data           4  board.o(.data)
    led2                                     0x20000028   Data           4  board.o(.data)
    led3                                     0x2000002c   Data           4  board.o(.data)
    key1                                     0x20000048   Data           4  board.o(.data)
    key2                                     0x2000004c   Data           4  board.o(.data)
    key3                                     0x20000050   Data           4  board.o(.data)
    elog_assert_hook                         0x200000ac   Data           4  elog.o(.data)
    __initial_sp                             0x20002dc8   Data           0  startup_stm32f40_41xxx.o(STACK)



==============================================================================

Memory Map of the image

  Image Entry point : 0x08000189

  Load Region LR_IROM1 (Base: 0x08000000, Size: 0x00004928, Max: 0x00010000, ABSOLUTE)

    Execution Region ER_IROM1 (Exec base: 0x08000000, Load base: 0x08000000, Size: 0x00004878, Max: 0x00010000, ABSOLUTE)

    Exec Addr    Load Addr    Size         Type   Attr      Idx    E Section Name        Object

    0x08000000   0x08000000   0x00000188   Data   RO          741    RESET               startup_stm32f40_41xxx.o
    0x08000188   0x08000188   0x00000000   Code   RO         6193  * .ARM.Collect$$$$00000000  mc_w.l(entry.o)
    0x08000188   0x08000188   0x00000004   Code   RO         6475    .ARM.Collect$$$$00000001  mc_w.l(entry2.o)
    0x0800018c   0x0800018c   0x00000004   Code   RO         6478    .ARM.Collect$$$$00000004  mc_w.l(entry5.o)
    0x08000190   0x08000190   0x00000000   Code   RO         6480    .ARM.Collect$$$$00000008  mc_w.l(entry7b.o)
    0x08000190   0x08000190   0x00000000   Code   RO         6482    .ARM.Collect$$$$0000000A  mc_w.l(entry8b.o)
    0x08000190   0x08000190   0x00000008   Code   RO         6483    .ARM.Collect$$$$0000000B  mc_w.l(entry9a.o)
    0x08000198   0x08000198   0x00000004   Code   RO         6490    .ARM.Collect$$$$0000000E  mc_w.l(entry12b.o)
    0x0800019c   0x0800019c   0x00000000   Code   RO         6485    .ARM.Collect$$$$0000000F  mc_w.l(entry10a.o)
    0x0800019c   0x0800019c   0x00000000   Code   RO         6487    .ARM.Collect$$$$00000011  mc_w.l(entry11a.o)
    0x0800019c   0x0800019c   0x00000004   Code   RO         6476    .ARM.Collect$$$$00002712  mc_w.l(entry2.o)
    0x080001a0   0x080001a0   0x00000008   Code   RO          437    .text               jumpapp.o
    0x080001a8   0x080001a8   0x00000024   Code   RO          742    .text               startup_stm32f40_41xxx.o
    0x080001cc   0x080001cc   0x00000062   Code   RO         6196    .text               mc_w.l(uldiv.o)
    0x0800022e   0x0800022e   0x00000024   Code   RO         6198    .text               mc_w.l(memcpya.o)
    0x08000252   0x08000252   0x00000024   Code   RO         6200    .text               mc_w.l(memseta.o)
    0x08000276   0x08000276   0x00000024   Code   RO         6202    .text               mc_w.l(strstr.o)
    0x0800029a   0x0800029a   0x0000000e   Code   RO         6206    .text               mc_w.l(strlen.o)
    0x080002a8   0x080002a8   0x0000001e   Code   RO         6210    .text               mc_w.l(strncmp.o)
    0x080002c6   0x080002c6   0x0000002c   Code   RO         6492    .text               mc_w.l(uidiv.o)
    0x080002f2   0x080002f2   0x0000001e   Code   RO         6494    .text               mc_w.l(llshl.o)
    0x08000310   0x08000310   0x00000020   Code   RO         6496    .text               mc_w.l(llushr.o)
    0x08000330   0x08000330   0x00000000   Code   RO         6498    .text               mc_w.l(iusefp.o)
    0x08000330   0x08000330   0x0000014e   Code   RO         6499    .text               mf_w.l(dadd.o)
    0x0800047e   0x0800047e   0x000000e4   Code   RO         6501    .text               mf_w.l(dmul.o)
    0x08000562   0x08000562   0x000000de   Code   RO         6503    .text               mf_w.l(ddiv.o)
    0x08000640   0x08000640   0x00000030   Code   RO         6505    .text               mf_w.l(dfixul.o)
    0x08000670   0x08000670   0x00000030   Code   RO         6507    .text               mf_w.l(cdrcmple.o)
    0x080006a0   0x080006a0   0x00000024   Code   RO         6509    .text               mc_w.l(init.o)
    0x080006c4   0x080006c4   0x00000024   Code   RO         6511    .text               mc_w.l(llsshr.o)
    0x080006e8   0x080006e8   0x000000ba   Code   RO         6513    .text               mf_w.l(depilogue.o)
    0x080007a2   0x080007a2   0x00000002   PAD
    0x080007a4   0x080007a4   0x00000088   Code   RO         2223    i.FLASH_EraseSector  stm32f4xx_flash.o
    0x0800082c   0x0800082c   0x00000054   Code   RO         2225    i.FLASH_GetStatus   stm32f4xx_flash.o
    0x08000880   0x08000880   0x00000014   Code   RO         2229    i.FLASH_Lock        stm32f4xx_flash.o
    0x08000894   0x08000894   0x00000050   Code   RO         2253    i.FLASH_ProgramWord  stm32f4xx_flash.o
    0x080008e4   0x080008e4   0x00000024   Code   RO         2255    i.FLASH_Unlock      stm32f4xx_flash.o
    0x08000908   0x08000908   0x00000022   Code   RO         2256    i.FLASH_WaitForLastOperation  stm32f4xx_flash.o
    0x0800092a   0x0800092a   0x00000090   Code   RO         2665    i.GPIO_Init         stm32f4xx_gpio.o
    0x080009ba   0x080009ba   0x00000046   Code   RO         2666    i.GPIO_PinAFConfig  stm32f4xx_gpio.o
    0x08000a00   0x08000a00   0x00000012   Code   RO         2669    i.GPIO_ReadInputDataBit  stm32f4xx_gpio.o
    0x08000a12   0x08000a12   0x00000012   Code   RO         2674    i.GPIO_StructInit   stm32f4xx_gpio.o
    0x08000a24   0x08000a24   0x0000000c   Code   RO         2677    i.GPIO_WriteBit     stm32f4xx_gpio.o
    0x08000a30   0x08000a30   0x00000018   Code   RO          195    i.NVIC_DisableIRQ   bootloader.o
    0x08000a48   0x08000a48   0x00000078   Code   RO          790    i.NVIC_Init         misc.o
    0x08000ac0   0x08000ac0   0x00000040   Code   RO          196    i.NVIC_SystemReset  bootloader.o
    0x08000b00   0x08000b00   0x00000020   Code   RO         3591    i.RCC_AHB1PeriphClockCmd  stm32f4xx_rcc.o
    0x08000b20   0x08000b20   0x00000020   Code   RO         3600    i.RCC_APB1PeriphClockCmd  stm32f4xx_rcc.o
    0x08000b40   0x08000b40   0x00000020   Code   RO         3602    i.RCC_APB1PeriphResetCmd  stm32f4xx_rcc.o
    0x08000b60   0x08000b60   0x00000020   Code   RO         3603    i.RCC_APB2PeriphClockCmd  stm32f4xx_rcc.o
    0x08000b80   0x08000b80   0x00000020   Code   RO         3605    i.RCC_APB2PeriphResetCmd  stm32f4xx_rcc.o
    0x08000ba0   0x08000ba0   0x000000e8   Code   RO         3612    i.RCC_GetClocksFreq  stm32f4xx_rcc.o
    0x08000c88   0x08000c88   0x000000ec   Code   RO          749    i.SetSysClock       system_stm32f4xx.o
    0x08000d74   0x08000d74   0x00000068   Code   RO          751    i.SystemInit        system_stm32f4xx.o
    0x08000ddc   0x08000ddc   0x00000044   Code   RO          622    i.TIM6_DAC_IRQHandler  tim_delay.o
    0x08000e20   0x08000e20   0x00000006   Code   RO         4982    i.TIM_ClearITPendingBit  stm32f4xx_tim.o
    0x08000e26   0x08000e26   0x00000018   Code   RO         4987    i.TIM_Cmd           stm32f4xx_tim.o
    0x08000e3e   0x08000e3e   0x00000002   PAD
    0x08000e40   0x08000e40   0x00000190   Code   RO         4992    i.TIM_DeInit        stm32f4xx_tim.o
    0x08000fd0   0x08000fd0   0x00000006   Code   RO         5006    i.TIM_GetCounter    stm32f4xx_tim.o
    0x08000fd6   0x08000fd6   0x00000022   Code   RO         5008    i.TIM_GetITStatus   stm32f4xx_tim.o
    0x08000ff8   0x08000ff8   0x00000012   Code   RO         5012    i.TIM_ITConfig      stm32f4xx_tim.o
    0x0800100a   0x0800100a   0x00000002   PAD
    0x0800100c   0x0800100c   0x00000084   Code   RO         5059    i.TIM_TimeBaseInit  stm32f4xx_tim.o
    0x08001090   0x08001090   0x00000012   Code   RO         5060    i.TIM_TimeBaseStructInit  stm32f4xx_tim.o
    0x080010a2   0x080010a2   0x00000002   PAD
    0x080010a4   0x080010a4   0x00000040   Code   RO          444    i.USART3_IRQHandler  bl_usart.o
    0x080010e4   0x080010e4   0x0000001e   Code   RO         5538    i.USART_ClearITPendingBit  stm32f4xx_usart.o
    0x08001102   0x08001102   0x00000018   Code   RO         5541    i.USART_Cmd         stm32f4xx_usart.o
    0x0800111a   0x0800111a   0x00000002   PAD
    0x0800111c   0x0800111c   0x000000f0   Code   RO         5543    i.USART_DeInit      stm32f4xx_usart.o
    0x0800120c   0x0800120c   0x0000001a   Code   RO         5544    i.USART_GetFlagStatus  stm32f4xx_usart.o
    0x08001226   0x08001226   0x00000054   Code   RO         5545    i.USART_GetITStatus  stm32f4xx_usart.o
    0x0800127a   0x0800127a   0x0000004a   Code   RO         5547    i.USART_ITConfig    stm32f4xx_usart.o
    0x080012c4   0x080012c4   0x000000d4   Code   RO         5548    i.USART_Init        stm32f4xx_usart.o
    0x08001398   0x08001398   0x0000000a   Code   RO         5555    i.USART_ReceiveData  stm32f4xx_usart.o
    0x080013a2   0x080013a2   0x00000008   Code   RO         5558    i.USART_SendData    stm32f4xx_usart.o
    0x080013aa   0x080013aa   0x00000018   Code   RO         5564    i.USART_StructInit  stm32f4xx_usart.o
    0x080013c2   0x080013c2   0x00000002   PAD
    0x080013c4   0x080013c4   0x00000034   Code   RO         6448    i.__0snprintf       mc_w.l(printfa.o)
    0x080013f8   0x080013f8   0x00000034   Code   RO         6452    i.__0vsnprintf      mc_w.l(printfa.o)
    0x0800142c   0x0800142c   0x0000000e   Code   RO         6517    i.__scatterload_copy  mc_w.l(handlers.o)
    0x0800143a   0x0800143a   0x00000002   Code   RO         6518    i.__scatterload_null  mc_w.l(handlers.o)
    0x0800143c   0x0800143c   0x0000000e   Code   RO         6519    i.__scatterload_zeroinit  mc_w.l(handlers.o)
    0x0800144a   0x0800144a   0x00000002   PAD
    0x0800144c   0x0800144c   0x00000184   Code   RO         6454    i._fp_digits        mc_w.l(printfa.o)
    0x080015d0   0x080015d0   0x000006b4   Code   RO         6455    i._printf_core      mc_w.l(printfa.o)
    0x08001c84   0x08001c84   0x00000024   Code   RO         6456    i._printf_post_padding  mc_w.l(printfa.o)
    0x08001ca8   0x08001ca8   0x0000002e   Code   RO         6457    i._printf_pre_padding  mc_w.l(printfa.o)
    0x08001cd6   0x08001cd6   0x00000016   Code   RO         6458    i._snputc           mc_w.l(printfa.o)
    0x08001cec   0x08001cec   0x000000d0   Code   RO          197    i.application_validate  bootloader.o
    0x08001dbc   0x08001dbc   0x000002a4   Code   RO          198    i.bl_byte_handler   bootloader.o
    0x08002060   0x08002060   0x0000005c   Code   RO          199    i.bl_opcode_boot_handler  bootloader.o
    0x080020bc   0x080020bc   0x0000018c   Code   RO          200    i.bl_opcode_erase_handler  bootloader.o
    0x08002248   0x08002248   0x00000104   Code   RO          201    i.bl_opcode_inquery_handler  bootloader.o
    0x0800234c   0x0800234c   0x0000023c   Code   RO          202    i.bl_opcode_program_handler  bootloader.o
    0x08002588   0x08002588   0x00000088   Code   RO          203    i.bl_opcode_reset_handler  bootloader.o
    0x08002610   0x08002610   0x00000198   Code   RO          204    i.bl_opcode_verify_handler  bootloader.o
    0x080027a8   0x080027a8   0x000000a4   Code   RO          205    i.bl_packet_handler  bootloader.o
    0x0800284c   0x0800284c   0x00000074   Code   RO          206    i.bl_response       bootloader.o
    0x080028c0   0x080028c0   0x00000010   Code   RO          445    i.bl_usart_init     bl_usart.o
    0x080028d0   0x080028d0   0x0000000c   Code   RO          446    i.bl_usart_register_rx_callback  bl_usart.o
    0x080028dc   0x080028dc   0x00000018   Code   RO          207    i.bl_usart_rx_handler  bootloader.o
    0x080028f4   0x080028f4   0x00000030   Code   RO          447    i.bl_usart_write    bl_usart.o
    0x08002924   0x08002924   0x00000054   Code   RO           44    i.board_lowlevel_init  board.o
    0x08002978   0x08002978   0x000000e8   Code   RO          208    i.boot_application  bootloader.o
    0x08002a60   0x08002a60   0x00000120   Code   RO          209    i.bootloader_main   bootloader.o
    0x08002b80   0x08002b80   0x0000000c   Code   RO          507    i.console_init      console.o
    0x08002b8c   0x08002b8c   0x0000003c   Code   RO          508    i.console_io_init   console.o
    0x08002bc8   0x08002bc8   0x00000040   Code   RO          509    i.console_usart_init  console.o
    0x08002c08   0x08002c08   0x0000002c   Code   RO          510    i.console_write     console.o
    0x08002c34   0x08002c34   0x0000002c   Code   RO         5792    i.crc16             crc16.o
    0x08002c60   0x08002c60   0x00000034   Code   RO         5806    i.crc32             crc32.o
    0x08002c94   0x08002c94   0x00000110   Code   RO         5875    i.elog_get_filter_tag_lvl  elog.o
    0x08002da4   0x08002da4   0x0000004c   Code   RO         5878    i.elog_init         elog.o
    0x08002df0   0x08002df0   0x000003c0   Code   RO         5879    i.elog_output       elog.o
    0x080031b0   0x080031b0   0x00000028   Code   RO         5880    i.elog_output_lock  elog.o
    0x080031d8   0x080031d8   0x00000040   Code   RO         5881    i.elog_output_lock_enabled  elog.o
    0x08003218   0x08003218   0x00000028   Code   RO         5882    i.elog_output_unlock  elog.o
    0x08003240   0x08003240   0x00000008   Code   RO         6046    i.elog_port_get_p_info  elog_port.o
    0x08003248   0x08003248   0x00000008   Code   RO         6047    i.elog_port_get_t_info  elog_port.o
    0x08003250   0x08003250   0x00000064   Code   RO         6048    i.elog_port_get_time  elog_port.o
    0x080032b4   0x080032b4   0x00000004   Code   RO         6049    i.elog_port_init    elog_port.o
    0x080032b8   0x080032b8   0x00000010   Code   RO         6050    i.elog_port_output  elog_port.o
    0x080032c8   0x080032c8   0x00000002   Code   RO         6051    i.elog_port_output_lock  elog_port.o
    0x080032ca   0x080032ca   0x00000002   Code   RO         6052    i.elog_port_output_unlock  elog_port.o
    0x080032cc   0x080032cc   0x000000c0   Code   RO         5886    i.elog_set_filter_lvl  elog.o
    0x0800338c   0x0800338c   0x0000003c   Code   RO         5889    i.elog_set_filter_tag_lvl_default  elog.o
    0x080033c8   0x080033c8   0x000000c4   Code   RO         5890    i.elog_set_fmt      elog.o
    0x0800348c   0x0800348c   0x000000d4   Code   RO         5891    i.elog_set_output_enabled  elog.o
    0x08003560   0x08003560   0x00000090   Code   RO         5892    i.elog_start        elog.o
    0x080035f0   0x080035f0   0x00000108   Code   RO         6110    i.elog_strcpy       elog_utils.o
    0x080036f8   0x080036f8   0x000000d0   Code   RO         5894    i.get_fmt_enabled   elog.o
    0x080037c8   0x080037c8   0x0000001c   Code   RO         5895    i.get_fmt_used_and_enabled_ptr  elog.o
    0x080037e4   0x080037e4   0x0000001c   Code   RO         5896    i.get_fmt_used_and_enabled_u32  elog.o
    0x08003800   0x08003800   0x00000010   Code   RO          210    i.get_u32_inc       bootloader.o
    0x08003810   0x08003810   0x0000002a   Code   RO          550    i.key_init          key.o
    0x0800383a   0x0800383a   0x00000002   PAD
    0x0800383c   0x0800383c   0x0000002c   Code   RO          211    i.key_press_check   bootloader.o
    0x08003868   0x08003868   0x0000001a   Code   RO          551    i.key_read          key.o
    0x08003882   0x08003882   0x00000002   PAD
    0x08003884   0x08003884   0x00000080   Code   RO          212    i.key_trap_check    bootloader.o
    0x08003904   0x08003904   0x0000003c   Code   RO          580    i.led_init          led.o
    0x08003940   0x08003940   0x00000012   Code   RO          581    i.led_off           led.o
    0x08003952   0x08003952   0x00000012   Code   RO          582    i.led_on            led.o
    0x08003964   0x08003964   0x0000000c   Code   RO          386    i.magic_header_get_address  magic_header.o
    0x08003970   0x08003970   0x0000000c   Code   RO          387    i.magic_header_get_crc32  magic_header.o
    0x0800397c   0x0800397c   0x0000000c   Code   RO          388    i.magic_header_get_length  magic_header.o
    0x08003988   0x08003988   0x000000b4   Code   RO          213    i.magic_header_trap_boot  bootloader.o
    0x08003a3c   0x08003a3c   0x00000034   Code   RO          391    i.magic_header_validate  magic_header.o
    0x08003a70   0x08003a70   0x0000004e   Code   RO            1    i.main              main.o
    0x08003abe   0x08003abe   0x00000018   Code   RO         6137    i.next_head         ringbuffer.o
    0x08003ad6   0x08003ad6   0x00000004   Code   RO          214    i.put_u16           bootloader.o
    0x08003ada   0x08003ada   0x00000018   Code   RO          215    i.put_u16_inc       bootloader.o
    0x08003af2   0x08003af2   0x00000010   Code   RO          216    i.put_u8_inc        bootloader.o
    0x08003b02   0x08003b02   0x00000012   Code   RO         6138    i.rb_empty          ringbuffer.o
    0x08003b14   0x08003b14   0x00000018   Code   RO         6139    i.rb_full           ringbuffer.o
    0x08003b2c   0x08003b2c   0x00000036   Code   RO         6140    i.rb_get            ringbuffer.o
    0x08003b62   0x08003b62   0x0000001c   Code   RO         6142    i.rb_new            ringbuffer.o
    0x08003b7e   0x08003b7e   0x00000024   Code   RO         6143    i.rb_put            ringbuffer.o
    0x08003ba2   0x08003ba2   0x00000026   Code   RO         6144    i.rb_puts           ringbuffer.o
    0x08003bc8   0x08003bc8   0x00000084   Code   RO          217    i.rx_trap_boot      bootloader.o
    0x08003c4c   0x08003c4c   0x000000e0   Code   RO          690    i.stm32_flash_erase  stm32_flash.o
    0x08003d2c   0x08003d2c   0x00000008   Code   RO          691    i.stm32_flash_lock  stm32_flash.o
    0x08003d34   0x08003d34   0x00000084   Code   RO          692    i.stm32_flash_program  stm32_flash.o
    0x08003db8   0x08003db8   0x00000008   Code   RO          693    i.stm32_flash_unlock  stm32_flash.o
    0x08003dc0   0x08003dc0   0x00000078   Code   RO          623    i.tim_delay_init    tim_delay.o
    0x08003e38   0x08003e38   0x00000028   Code   RO          624    i.tim_delay_ms      tim_delay.o
    0x08003e60   0x08003e60   0x00000014   Code   RO          626    i.tim_get_ms        tim_delay.o
    0x08003e74   0x08003e74   0x0000003c   Code   RO          628    i.tim_now           tim_delay.o
    0x08003eb0   0x08003eb0   0x00000048   Code   RO          448    i.usart_io_init     bl_usart.o
    0x08003ef8   0x08003ef8   0x0000004c   Code   RO          449    i.usart_it_config   bl_usart.o
    0x08003f44   0x08003f44   0x0000004c   Code   RO          450    i.usart_lowlevel_init  bl_usart.o
    0x08003f90   0x08003f90   0x0000001c   Code   RO          218    i.wait_key_release  bootloader.o
    0x08003fac   0x08003fac   0x0000011f   Data   RO          220    .constdata          bootloader.o
    0x080040cb   0x080040cb   0x00000001   PAD
    0x080040cc   0x080040cc   0x00000086   Data   RO          694    .constdata          stm32_flash.o
    0x08004152   0x08004152   0x00000200   Data   RO         5793    .constdata          crc16.o
    0x08004352   0x08004352   0x00000002   PAD
    0x08004354   0x08004354   0x00000400   Data   RO         5807    .constdata          crc32.o
    0x08004754   0x08004754   0x000000c6   Data   RO         5898    .constdata          elog.o
    0x0800481a   0x0800481a   0x00000023   Data   RO         6111    .constdata          elog_utils.o
    0x0800483d   0x0800483d   0x00000003   PAD
    0x08004840   0x08004840   0x00000017   Data   RO         5899    .conststring        elog.o
    0x08004857   0x08004857   0x00000001   PAD
    0x08004858   0x08004858   0x00000020   Data   RO         6515    Region$$Table       anon$$obj.o


    Execution Region RW_IRAM1 (Exec base: 0x20000000, Load base: 0x08004878, Size: 0x00002dc8, Max: 0x00020000, ABSOLUTE)

    Exec Addr    Load Addr    Size         Type   Attr      Idx    E Section Name        Object

    0x20000000   0x08004878   0x00000054   Data   RW           46    .data               board.o
    0x20000054   0x080048cc   0x00000004   PAD
    0x20000058   0x080048d0   0x00000018   Data   RW          221    .data               bootloader.o
    0x20000070   0x080048e8   0x00000004   Data   RW          451    .data               bl_usart.o
    0x20000074   0x080048ec   0x00000004   PAD
    0x20000078   0x080048f0   0x0000000c   Data   RW          630    .data               tim_delay.o
    0x20000084   0x080048fc   0x00000010   Data   RW         3644    .data               stm32f4xx_rcc.o
    0x20000094   0x0800490c   0x0000001c   Data   RW         5900    .data               elog.o
    0x200000b0        -       0x0000240e   Zero   RW          219    .bss                bootloader.o
    0x200024be   0x08004928   0x00000002   PAD
    0x200024c0        -       0x000004f8   Zero   RW         5897    .bss                elog.o
    0x200029b8        -       0x00000010   Zero   RW         6053    .bss                elog_port.o
    0x200029c8        -       0x00000400   Zero   RW          739    STACK               startup_stm32f40_41xxx.o


==============================================================================

Image component sizes


      Code (inc. data)   RO Data    RW Data    ZI Data      Debug   Object Name

       364         42          0          4          0      30864   bl_usart.o
        84          0          0         84          0     298610   board.o
      4232       1704        287         24       9230      48357   bootloader.o
       180         16          0          0          0       2243   console.o
        44          4        512          0          0       1364   crc16.o
        52          4       1024          0          0       2904   crc32.o
      2520        872        221         28       1272      18682   elog.o
       140         32          0          0         16       9392   elog_port.o
       264        102         35          0          0       2341   elog_utils.o
         8          0          0          0          0        392   jumpapp.o
        68          0          0          0          0       1174   key.o
        96          0          0          0          0       1650   led.o
        88         28          0          0          0       3818   magic_header.o
        78          0          0          0          0       5459   main.o
       120         14          0          0          0       1216   misc.o
       222          0          0          0          0       5818   ringbuffer.o
        36          8        392          0       1024        892   startup_stm32f40_41xxx.o
       372        186        134          0          0       3562   stm32_flash.o
       390         34          0          0          0       4359   stm32f4xx_flash.o
       262          0          0          0          0       3913   stm32f4xx_gpio.o
       392         48          0         16          0       6269   stm32f4xx_rcc.o
       638         82          0          0          0       6017   stm32f4xx_tim.o
       732         42          0          0          0       7909   stm32f4xx_usart.o
       340         32          0          0          0       1829   system_stm32f4xx.o
       308         24          0         12          0       3745   tim_delay.o

    ----------------------------------------------------------------------
     12044       3274       2644        176      11544     472779   Object Totals
         0          0         32          0          0          0   (incl. Generated)
        14          0          7          8          2          0   (incl. Padding)

    ----------------------------------------------------------------------

      Code (inc. data)   RO Data    RW Data    ZI Data      Debug   Library Member Name

         0          0          0          0          0          0   entry.o
         0          0          0          0          0          0   entry10a.o
         0          0          0          0          0          0   entry11a.o
         4          0          0          0          0          0   entry12b.o
         8          4          0          0          0          0   entry2.o
         4          0          0          0          0          0   entry5.o
         0          0          0          0          0          0   entry7b.o
         0          0          0          0          0          0   entry8b.o
         8          4          0          0          0          0   entry9a.o
        30          0          0          0          0          0   handlers.o
        36          8          0          0          0         68   init.o
         0          0          0          0          0          0   iusefp.o
        30          0          0          0          0         68   llshl.o
        36          0          0          0          0         68   llsshr.o
        32          0          0          0          0         68   llushr.o
        36          0          0          0          0         68   memcpya.o
        36          0          0          0          0        108   memseta.o
      2312         90          0          0          0        616   printfa.o
        14          0          0          0          0         68   strlen.o
        30          0          0          0          0         80   strncmp.o
        36          0          0          0          0         80   strstr.o
        44          0          0          0          0         80   uidiv.o
        98          0          0          0          0         92   uldiv.o
        48          0          0          0          0         68   cdrcmple.o
       334          0          0          0          0        148   dadd.o
       222          0          0          0          0        100   ddiv.o
       186          0          0          0          0        176   depilogue.o
        48          0          0          0          0         68   dfixul.o
       228          0          0          0          0         96   dmul.o

    ----------------------------------------------------------------------
      3864        106          0          0          0       2120   Library Totals
         4          0          0          0          0          0   (incl. Padding)

    ----------------------------------------------------------------------

      Code (inc. data)   RO Data    RW Data    ZI Data      Debug   Library Name

      2794        106          0          0          0       1464   mc_w.l
      1066          0          0          0          0        656   mf_w.l

    ----------------------------------------------------------------------
      3864        106          0          0          0       2120   Library Totals

    ----------------------------------------------------------------------

==============================================================================


      Code (inc. data)   RO Data    RW Data    ZI Data      Debug   

     15908       3380       2644        176      11544     462211   Grand Totals
     15908       3380       2644        176      11544     462211   ELF Image Totals
     15908       3380       2644        176          0          0   ROM Totals

==============================================================================

    Total RO  Size (Code + RO Data)                18552 (  18.12kB)
    Total RW  Size (RW Data + ZI Data)             11720 (  11.45kB)
    Total ROM Size (Code + RO Data + RW Data)      18728 (  18.29kB)

==============================================================================

