Component: ARM Compiler 5.06 update 7 (build 960) Tool: armlink [4d3601]

==============================================================================

Section Cross References

    main.o(i.main) refers to board.o(i.board_lowlevel_init) for board_lowlevel_init
    main.o(i.main) refers to console.o(i.console_init) for console_init
    main.o(i.main) refers to tim_delay.o(i.tim_delay_init) for tim_delay_init
    main.o(i.main) refers to elog.o(i.elog_init) for elog_init
    main.o(i.main) refers to elog.o(i.elog_set_fmt) for elog_set_fmt
    main.o(i.main) refers to elog.o(i.elog_start) for elog_start
    main.o(i.main) refers to bootloader.o(i.bootloader_main) for bootloader_main
    board.o(i.board_lowlevel_init) refers to stm32f4xx_rcc.o(i.RCC_AHB1PeriphClockCmd) for RCC_AHB1PeriphClockCmd
    board.o(i.board_lowlevel_init) refers to stm32f4xx_rcc.o(i.RCC_APB2PeriphClockCmd) for RCC_APB2PeriphClockCmd
    board.o(i.board_lowlevel_init) refers to stm32f4xx_rcc.o(i.RCC_APB1PeriphClockCmd) for RCC_APB1PeriphClockCmd
    board.o(i.fputc) refers to stm32f4xx_usart.o(i.USART_SendData) for USART_SendData
    board.o(i.fputc) refers to stm32f4xx_usart.o(i.USART_GetFlagStatus) for USART_GetFlagStatus
    bootloader.o(i.application_validate_partition) refers to magic_header.o(i.magic_header_validate_partition) for magic_header_validate_partition
    bootloader.o(i.application_validate_partition) refers to elog.o(i.elog_output) for elog_output
    bootloader.o(i.application_validate_partition) refers to magic_header.o(i.magic_header_get_address_partition) for magic_header_get_address_partition
    bootloader.o(i.application_validate_partition) refers to magic_header.o(i.magic_header_get_length_partition) for magic_header_get_length_partition
    bootloader.o(i.application_validate_partition) refers to magic_header.o(i.magic_header_get_crc32_partition) for magic_header_get_crc32_partition
    bootloader.o(i.application_validate_partition) refers to crc32.o(i.crc32) for crc32
    bootloader.o(i.application_validate_partition) refers to bootloader.o(.constdata) for __FUNCTION__
    bootloader.o(i.bl_byte_handler) refers to tim_delay.o(i.tim_get_ms) for tim_get_ms
    bootloader.o(i.bl_byte_handler) refers to elog.o(i.elog_output) for elog_output
    bootloader.o(i.bl_byte_handler) refers to crc16.o(i.crc16) for crc16
    bootloader.o(i.bl_byte_handler) refers to bootloader.o(.data) for last_byte_ms
    bootloader.o(i.bl_byte_handler) refers to bootloader.o(.constdata) for __FUNCTION__
    bootloader.o(i.bl_byte_handler) refers to bootloader.o(.bss) for packet_buffer
    bootloader.o(i.bl_opcode_boot_handler) refers to elog.o(i.elog_output) for elog_output
    bootloader.o(i.bl_opcode_boot_handler) refers to bootloader.o(i.bl_response) for bl_response
    bootloader.o(i.bl_opcode_boot_handler) refers to bootloader.o(i.boot_application) for boot_application
    bootloader.o(i.bl_opcode_boot_handler) refers to bootloader.o(.constdata) for __FUNCTION__
    bootloader.o(i.bl_opcode_commit_handler) refers to elog.o(i.elog_output) for elog_output
    bootloader.o(i.bl_opcode_commit_handler) refers to boot_config.o(i.boot_config_get_upgrade_state) for boot_config_get_upgrade_state
    bootloader.o(i.bl_opcode_commit_handler) refers to bootloader.o(i.bl_response) for bl_response
    bootloader.o(i.bl_opcode_commit_handler) refers to boot_config.o(i.boot_config_get_active_partition) for boot_config_get_active_partition
    bootloader.o(i.bl_opcode_commit_handler) refers to partition.o(i.partition_get_opposite) for partition_get_opposite
    bootloader.o(i.bl_opcode_commit_handler) refers to boot_config.o(i.boot_config_set_active_partition) for boot_config_set_active_partition
    bootloader.o(i.bl_opcode_commit_handler) refers to boot_config.o(i.boot_config_set_upgrade_state) for boot_config_set_upgrade_state
    bootloader.o(i.bl_opcode_commit_handler) refers to boot_config.o(i.boot_config_save) for boot_config_save
    bootloader.o(i.bl_opcode_commit_handler) refers to bootloader.o(.constdata) for __FUNCTION__
    bootloader.o(i.bl_opcode_commit_handler) refers to bootloader.o(.bss) for boot_config
    bootloader.o(i.bl_opcode_erase_handler) refers to elog.o(i.elog_output) for elog_output
    bootloader.o(i.bl_opcode_erase_handler) refers to boot_config.o(i.boot_config_get_upgrade_state) for boot_config_get_upgrade_state
    bootloader.o(i.bl_opcode_erase_handler) refers to bootloader.o(i.bl_response) for bl_response
    bootloader.o(i.bl_opcode_erase_handler) refers to bootloader.o(i.get_u32_inc) for get_u32_inc
    bootloader.o(i.bl_opcode_erase_handler) refers to stm32_flash.o(i.stm32_flash_unlock) for stm32_flash_unlock
    bootloader.o(i.bl_opcode_erase_handler) refers to stm32_flash.o(i.stm32_flash_erase) for stm32_flash_erase
    bootloader.o(i.bl_opcode_erase_handler) refers to stm32_flash.o(i.stm32_flash_lock) for stm32_flash_lock
[...]
    .text                                    0x0800030c   Section        0  llshl.o(.text)
    .text                                    0x0800032a   Section        0  llushr.o(.text)
    .text                                    0x0800034a   Section        0  iusefp.o(.text)
    .text                                    0x0800034a   Section        0  dadd.o(.text)
    .text                                    0x08000498   Section        0  dmul.o(.text)
    .text                                    0x0800057c   Section        0  ddiv.o(.text)
    .text                                    0x0800065a   Section        0  dfixul.o(.text)
    .text                                    0x0800068c   Section       48  cdrcmple.o(.text)
    .text                                    0x080006bc   Section       36  init.o(.text)
    .text                                    0x080006e0   Section        0  llsshr.o(.text)
    .text                                    0x08000704   Section        0  depilogue.o(.text)
    i.FLASH_EraseSector                      0x080007c0   Section        0  stm32f4xx_flash.o(i.FLASH_EraseSector)
    i.FLASH_GetStatus                        0x08000848   Section        0  stm32f4xx_flash.o(i.FLASH_GetStatus)
    i.FLASH_Lock                             0x0800089c   Section        0  stm32f4xx_flash.o(i.FLASH_Lock)
    i.FLASH_ProgramWord                      0x080008b0   Section        0  stm32f4xx_flash.o(i.FLASH_ProgramWord)
    i.FLASH_Unlock                           0x08000900   Section        0  stm32f4xx_flash.o(i.FLASH_Unlock)
    i.FLASH_WaitForLastOperation             0x08000924   Section        0  stm32f4xx_flash.o(i.FLASH_WaitForLastOperation)
    i.GPIO_Init                              0x08000946   Section        0  stm32f4xx_gpio.o(i.GPIO_Init)
    i.GPIO_PinAFConfig                       0x080009d6   Section        0  stm32f4xx_gpio.o(i.GPIO_PinAFConfig)
    i.GPIO_ReadInputDataBit                  0x08000a1c   Section        0  stm32f4xx_gpio.o(i.GPIO_ReadInputDataBit)
    i.GPIO_StructInit                        0x08000a2e   Section        0  stm32f4xx_gpio.o(i.GPIO_StructInit)
    i.GPIO_WriteBit                          0x08000a40   Section        0  stm32f4xx_gpio.o(i.GPIO_WriteBit)
    i.NVIC_DisableIRQ                        0x08000a4c   Section        0  bootloader.o(i.NVIC_DisableIRQ)
    NVIC_DisableIRQ                          0x08000a4d   Thumb Code    18  bootloader.o(i.NVIC_DisableIRQ)
    i.NVIC_Init                              0x08000a64   Section        0  misc.o(i.NVIC_Init)
    i.NVIC_SystemReset                       0x08000adc   Section        0  bootloader.o(i.NVIC_SystemReset)
    NVIC_SystemReset                         0x08000add   Thumb Code    56  bootloader.o(i.NVIC_SystemReset)
    i.RCC_AHB1PeriphClockCmd                 0x08000b1c   Section        0  stm32f4xx_rcc.o(i.RCC_AHB1PeriphClockCmd)
    i.RCC_APB1PeriphClockCmd                 0x08000b3c   Section        0  stm32f4xx_rcc.o(i.RCC_APB1PeriphClockCmd)
    i.RCC_APB1PeriphResetCmd                 0x08000b5c   Section        0  stm32f4xx_rcc.o(i.RCC_APB1PeriphResetCmd)
    i.RCC_APB2PeriphClockCmd                 0x08000b7c   Section        0  stm32f4xx_rcc.o(i.RCC_APB2PeriphClockCmd)
    i.RCC_APB2PeriphResetCmd                 0x08000b9c   Section        0  stm32f4xx_rcc.o(i.RCC_APB2PeriphResetCmd)
    i.RCC_GetClocksFreq                      0x08000bbc   Section        0  stm32f4xx_rcc.o(i.RCC_GetClocksFreq)
    i.SetSysClock                            0x08000ca4   Section        0  system_stm32f4xx.o(i.SetSysClock)
    SetSysClock                              0x08000ca5   Thumb Code   220  system_stm32f4xx.o(i.SetSysClock)
    i.SystemInit                             0x08000d90   Section        0  system_stm32f4xx.o(i.SystemInit)
    i.TIM6_DAC_IRQHandler                    0x08000df8   Section        0  tim_delay.o(i.TIM6_DAC_IRQHandler)
    i.TIM_ClearITPendingBit                  0x08000e3c   Section        0  stm32f4xx_tim.o(i.TIM_ClearITPendingBit)
    i.TIM_Cmd                                0x08000e42   Section        0  stm32f4xx_tim.o(i.TIM_Cmd)
    i.TIM_DeInit                             0x08000e5c   Section        0  stm32f4xx_tim.o(i.TIM_DeInit)
    i.TIM_GetCounter                         0x08000fec   Section        0  stm32f4xx_tim.o(i.TIM_GetCounter)
    i.TIM_GetITStatus                        0x08000ff2   Section        0  stm32f4xx_tim.o(i.TIM_GetITStatus)
    i.TIM_ITConfig                           0x08001014   Section        0  stm32f4xx_tim.o(i.TIM_ITConfig)
    i.TIM_TimeBaseInit                       0x08001028   Section        0  stm32f4xx_tim.o(i.TIM_TimeBaseInit)
    i.TIM_TimeBaseStructInit                 0x080010ac   Section        0  stm32f4xx_tim.o(i.TIM_TimeBaseStructInit)
    i.USART3_IRQHandler                      0x080010c0   Section        0  bl_usart.o(i.USART3_IRQHandler)
    i.USART_ClearITPendingBit                0x08001100   Section        0  stm32f4xx_usart.o(i.USART_ClearITPendingBit)
    i.USART_Cmd                              0x0800111e   Section        0  stm32f4xx_usart.o(i.USART_Cmd)
    i.USART_DeInit                           0x08001138   Section        0  stm32f4xx_usart.o(i.USART_DeInit)
    i.USART_GetFlagStatus                    0x08001228   Section        0  stm32f4xx_usart.o(i.USART_GetFlagStatus)
    i.USART_GetITStatus                      0x08001242   Section        0  stm32f4xx_usart.o(i.USART_GetITStatus)
    i.USART_ITConfig                         0x08001296   Section        0  stm32f4xx_usart.o(i.USART_ITConfig)
    i.USART_Init                             0x080012e0   Section        0  stm32f4xx_usart.o(i.USART_Init)
    i.USART_ReceiveData                      0x080013b4   Section        0  stm32f4xx_usart.o(i.USART_ReceiveData)
    i.USART_SendData                         0x080013be   Section        0  stm32f4xx_usart.o(i.USART_SendData)
    i.USART_StructInit                       0x080013c6   Section        0  stm32f4xx_usart.o(i.USART_StructInit)
    i.__0snprintf                            0x080013e0   Section        0  printfa.o(i.__0snprintf)
    i.__0vsnprintf                           0x08001414   Section        0  printfa.o(i.__0vsnprintf)
    i.__scatterload_copy                     0x08001448   Section       14  handlers.o(i.__scatterload_copy)
    i.__scatterload_null                     0x08001456   Section        2  handlers.o(i.__scatterload_null)
    i.__scatterload_zeroinit                 0x08001458   Section       14  handlers.o(i.__scatterload_zeroinit)
    i._fp_digits                             0x08001468   Section        0  printfa.o(i._fp_digits)
    _fp_digits                               0x08001469   Thumb Code   366  printfa.o(i._fp_digits)
    i._printf_core                           0x080015ec   Section        0  printfa.o(i._printf_core)
    _printf_core                             0x080015ed   Thumb Code  1704  printfa.o(i._printf_core)
    i._printf_post_padding                   0x08001ca0   Section        0  printfa.o(i._printf_post_padding)
    _printf_post_padding                     0x08001ca1   Thumb Code    36  printfa.o(i._printf_post_padding)
    i._printf_pre_padding                    0x08001cc4   Section        0  printfa.o(i._printf_pre_padding)
    _printf_pre_padding                      0x08001cc5   Thumb Code    46  printfa.o(i._printf_pre_padding)
    i._snputc                                0x08001cf2   Section        0  printfa.o(i._snputc)
    _snputc                                  0x08001cf3   Thumb Code    22  printfa.o(i._snputc)
    i.application_validate_partition         0x08001d08   Section        0  bootloader.o(i.application_validate_partition)
    application_validate_partition           0x08001d09   Thumb Code   116  bootloader.o(i.application_validate_partition)
    i.bl_byte_handler                        0x08001df8   Section        0  bootloader.o(i.bl_byte_handler)
    bl_byte_handler                          0x08001df9   Thumb Code   522  bootloader.o(i.bl_byte_handler)
    i.bl_opcode_boot_handler                 0x080020b8   Section        0  bootloader.o(i.bl_opcode_boot_handler)
    bl_opcode_boot_handler                   0x080020b9   Thumb Code    42  bootloader.o(i.bl_opcode_boot_handler)
    i.bl_opcode_commit_handler               0x08002114   Section        0  bootloader.o(i.bl_opcode_commit_handler)
    bl_opcode_commit_handler                 0x08002115   Thumb Code   196  bootloader.o(i.bl_opcode_commit_handler)
    i.bl_opcode_erase_handler                0x08002270   Section        0  bootloader.o(i.bl_opcode_erase_handler)
    bl_opcode_erase_handler                  0x08002271   Thumb Code   318  bootloader.o(i.bl_opcode_erase_handler)
    i.bl_opcode_get_status_handler           0x080024bc   Section        0  bootloader.o(i.bl_opcode_get_status_handler)
    bl_opcode_get_status_handler             0x080024bd   Thumb Code   112  bootloader.o(i.bl_opcode_get_status_handler)
    i.bl_opcode_inquery_handler              0x08002564   Section        0  bootloader.o(i.bl_opcode_inquery_handler)
    bl_opcode_inquery_handler                0x08002565   Thumb Code   134  bootloader.o(i.bl_opcode_inquery_handler)
    i.bl_opcode_program_handler              0x08002668   Section        0  bootloader.o(i.bl_opcode_program_handler)
    bl_opcode_program_handler                0x08002669   Thumb Code   438  bootloader.o(i.bl_opcode_program_handler)
    i.bl_opcode_reset_handler                0x08002974   Section        0  bootloader.o(i.bl_opcode_reset_handler)
    bl_opcode_reset_handler                  0x08002975   Thumb Code    68  bootloader.o(i.bl_opcode_reset_handler)
    i.bl_opcode_rollback_handler             0x080029fc   Section        0  bootloader.o(i.bl_opcode_rollback_handler)
    bl_opcode_rollback_handler               0x080029fd   Thumb Code   188  bootloader.o(i.bl_opcode_rollback_handler)
    i.bl_opcode_start_upgrade_handler        0x08002b4c   Section        0  bootloader.o(i.bl_opcode_start_upgrade_handler)
    bl_opcode_start_upgrade_handler          0x08002b4d   Thumb Code   198  bootloader.o(i.bl_opcode_start_upgrade_handler)
    i.bl_opcode_verify_handler               0x08002cb8   Section        0  bootloader.o(i.bl_opcode_verify_handler)
    bl_opcode_verify_handler                 0x08002cb9   Thumb Code   354  bootloader.o(i.bl_opcode_verify_handler)
    i.bl_packet_handler                      0x08002f0c   Section        0  bootloader.o(i.bl_packet_handler)
    bl_packet_handler                        0x08002f0d   Thumb Code   148  bootloader.o(i.bl_packet_handler)
    i.bl_response                            0x08002fdc   Section        0  bootloader.o(i.bl_response)
    bl_response                              0x08002fdd   Thumb Code   110  bootloader.o(i.bl_response)
    i.bl_usart_init                          0x08003050   Section        0  bl_usart.o(i.bl_usart_init)
    i.bl_usart_register_rx_callback          0x08003060   Section        0  bl_usart.o(i.bl_usart_register_rx_callback)
    i.bl_usart_rx_handler                    0x0800306c   Section        0  bootloader.o(i.bl_usart_rx_handler)
    bl_usart_rx_handler                      0x0800306d   Thumb Code    20  bootloader.o(i.bl_usart_rx_handler)
    i.bl_usart_write                         0x08003084   Section        0  bl_usart.o(i.bl_usart_write)
    i.board_lowlevel_init                    0x080030b4   Section        0  board.o(i.board_lowlevel_init)
    i.boot_application                       0x08003108   Section        0  bootloader.o(i.boot_application)
    boot_application                         0x08003109   Thumb Code    16  bootloader.o(i.boot_application)
    i.boot_application_partition             0x0800311c   Section        0  bootloader.o(i.boot_application_partition)
    boot_application_partition               0x0800311d   Thumb Code   184  bootloader.o(i.boot_application_partition)
    i.boot_config_calc_crc32                 0x080032c8   Section        0  boot_config.o(i.boot_config_calc_crc32)
    boot_config_calc_crc32                   0x080032c9   Thumb Code    20  boot_config.o(i.boot_config_calc_crc32)
    i.boot_config_get_active_partition       0x080032dc   Section        0  boot_config.o(i.boot_config_get_active_partition)
    i.boot_config_get_upgrade_state          0x080032e8   Section        0  boot_config.o(i.boot_config_get_upgrade_state)
    i.boot_config_init_default               0x080032f4   Section        0  boot_config.o(i.boot_config_init_default)
    i.boot_config_is_partition_valid         0x080033a8   Section        0  boot_config.o(i.boot_config_is_partition_valid)
    i.boot_config_load                       0x080033d4   Section        0  boot_config.o(i.boot_config_load)
    i.boot_config_save                       0x080034e0   Section        0  boot_config.o(i.boot_config_save)
    i.boot_config_set_active_partition       0x080035f8   Section        0  boot_config.o(i.boot_config_set_active_partition)
    i.boot_config_set_partition_valid        0x080036c0   Section        0  boot_config.o(i.boot_config_set_partition_valid)
    i.boot_config_set_upgrade_state          0x0800375c   Section        0  boot_config.o(i.boot_config_set_upgrade_state)
    i.boot_config_validate                   0x080037f0   Section        0  boot_config.o(i.boot_config_validate)
    i.bootloader_main                        0x08003964   Section        0  bootloader.o(i.bootloader_main)
    i.console_init                           0x08003c3c   Section        0  console.o(i.console_init)
    i.console_io_init                        0x08003c48   Section        0  console.o(i.console_io_init)
    console_io_init                          0x08003c49   Thumb Code    54  console.o(i.console_io_init)
    i.console_usart_init                     0x08003c84   Section        0  console.o(i.console_usart_init)
    console_usart_init                       0x08003c85   Thumb Code    58  console.o(i.console_usart_init)
    i.console_write                          0x08003cc4   Section        0  console.o(i.console_write)
    i.crc16                                  0x08003cf0   Section        0  crc16.o(i.crc16)
    i.crc32                                  0x08003d1c   Section        0  crc32.o(i.crc32)
    i.elog_get_filter_tag_lvl                0x08003d50   Section        0  elog.o(i.elog_get_filter_tag_lvl)
    i.elog_init                              0x08003e60   Section        0  elog.o(i.elog_init)
    i.elog_output                            0x08003eac   Section        0  elog.o(i.elog_output)
    i.elog_output_lock                       0x0800426c   Section        0  elog.o(i.elog_output_lock)
    i.elog_output_lock_enabled               0x08004294   Section        0  elog.o(i.elog_output_lock_enabled)
    i.elog_output_unlock                     0x080042d4   Section        0  elog.o(i.elog_output_unlock)
    i.elog_port_get_p_info                   0x080042fc   Section        0  elog_port.o(i.elog_port_get_p_info)
    i.elog_port_get_t_info                   0x08004304   Section        0  elog_port.o(i.elog_port_get_t_info)
    i.elog_port_get_time                     0x0800430c   Section        0  elog_port.o(i.elog_port_get_time)
    i.elog_port_init                         0x08004370   Section        0  elog_port.o(i.elog_port_init)
    i.elog_port_output                       0x08004374   Section        0  elog_port.o(i.elog_port_output)
    i.elog_port_output_lock                  0x08004384   Section        0  elog_port.o(i.elog_port_output_lock)
    i.elog_port_output_unlock                0x08004386   Section        0  elog_port.o(i.elog_port_output_unlock)
    i.elog_set_filter_lvl                    0x08004388   Section        0  elog.o(i.elog_set_filter_lvl)
    i.elog_set_filter_tag_lvl_default        0x08004448   Section        0  elog.o(i.elog_set_filter_tag_lvl_default)
    elog_set_filter_tag_lvl_default          0x08004449   Thumb Code    54  elog.o(i.elog_set_filter_tag_lvl_default)
    i.elog_set_fmt                           0x08004484   Section        0  elog.o(i.elog_set_fmt)
    i.elog_set_output_enabled                0x08004548   Section        0  elog.o(i.elog_set_output_enabled)
    i.elog_start                             0x0800461c   Section        0  elog.o(i.elog_start)
    i.elog_strcpy                            0x080046ac   Section        0  elog_utils.o(i.elog_strcpy)
    i.get_fmt_enabled                        0x080047b4   Section        0  elog.o(i.get_fmt_enabled)
    get_fmt_enabled                          0x080047b5   Thumb Code    90  elog.o(i.get_fmt_enabled)
    i.get_fmt_used_and_enabled_ptr           0x08004884   Section        0  elog.o(i.get_fmt_used_and_enabled_ptr)
    get_fmt_used_and_enabled_ptr             0x08004885   Thumb Code    28  elog.o(i.get_fmt_used_and_enabled_ptr)
    i.get_fmt_used_and_enabled_u32           0x080048a0   Section        0  elog.o(i.get_fmt_used_and_enabled_u32)
    get_fmt_used_and_enabled_u32             0x080048a1   Thumb Code    28  elog.o(i.get_fmt_used_and_enabled_u32)
    i.get_u32_inc                            0x080048bc   Section        0  bootloader.o(i.get_u32_inc)
    get_u32_inc                              0x080048bd   Thumb Code    16  bootloader.o(i.get_u32_inc)
    i.key_init                               0x080048cc   Section        0  key.o(i.key_init)
    i.key_press_check                        0x080048f8   Section        0  bootloader.o(i.key_press_check)
    key_press_check                          0x080048f9   Thumb Code    40  bootloader.o(i.key_press_check)
    i.key_read                               0x08004924   Section        0  key.o(i.key_read)
    i.key_trap_check                         0x08004940   Section        0  bootloader.o(i.key_trap_check)
    key_trap_check                           0x08004941   Thumb Code    60  bootloader.o(i.key_trap_check)
    i.led_init                               0x080049bc   Section        0  led.o(i.led_init)
    i.led_off                                0x080049f8   Section        0  led.o(i.led_off)
    i.led_on                                 0x08004a0a   Section        0  led.o(i.led_on)
    i.magic_header_get_address_partition     0x08004a1c   Section        0  magic_header.o(i.magic_header_get_address_partition)
    i.magic_header_get_crc32_partition       0x08004a38   Section        0  magic_header.o(i.magic_header_get_crc32_partition)
    i.magic_header_get_length_partition      0x08004a54   Section        0  magic_header.o(i.magic_header_get_length_partition)
    i.magic_header_trap_boot                 0x08004a70   Section        0  bootloader.o(i.magic_header_trap_boot)
    i.magic_header_validate_partition        0x08004b64   Section        0  magic_header.o(i.magic_header_validate_partition)
    i.main                                   0x08004bb4   Section        0  main.o(i.main)
    i.next_head                              0x08004c02   Section        0  ringbuffer.o(i.next_head)
    next_head                                0x08004c03   Thumb Code    24  ringbuffer.o(i.next_head)
    i.partition_get_address                  0x08004c1c   Section        0  partition.o(i.partition_get_address)
    i.partition_get_download_target          0x08004c8c   Section        0  partition.o(i.partition_get_download_target)
    i.partition_get_opposite                 0x08004ca6   Section        0  partition.o(i.partition_get_opposite)
    i.partition_get_size                     0x08004cb4   Section        0  partition.o(i.partition_get_size)
    i.put_u16                                0x08004d20   Section        0  bootloader.o(i.put_u16)
    put_u16                                  0x08004d21   Thumb Code     4  bootloader.o(i.put_u16)
    i.put_u16_inc                            0x08004d24   Section        0  bootloader.o(i.put_u16_inc)
    put_u16_inc                              0x08004d25   Thumb Code    24  bootloader.o(i.put_u16_inc)
    i.put_u8_inc                             0x08004d3c   Section        0  bootloader.o(i.put_u8_inc)
    put_u8_inc                               0x08004d3d   Thumb Code    16  bootloader.o(i.put_u8_inc)
    i.rb_empty                               0x08004d4c   Section        0  ringbuffer.o(i.rb_empty)
    i.rb_full                                0x08004d5e   Section        0  ringbuffer.o(i.rb_full)
    i.rb_get                                 0x08004d76   Section        0  ringbuffer.o(i.rb_get)
    i.rb_new                                 0x08004dac   Section        0  ringbuffer.o(i.rb_new)
    i.rb_put                                 0x08004dc8   Section        0  ringbuffer.o(i.rb_put)
    i.rb_puts                                0x08004dec   Section        0  ringbuffer.o(i.rb_puts)
    i.rx_trap_boot                           0x08004e14   Section        0  bootloader.o(i.rx_trap_boot)
    i.stm32_flash_erase                      0x08004e98   Section        0  stm32_flash.o(i.stm32_flash_erase)
    i.stm32_flash_lock                       0x08004f80   Section        0  stm32_flash.o(i.stm32_flash_lock)
    i.stm32_flash_program                    0x08004f88   Section        0  stm32_flash.o(i.stm32_flash_program)
    i.stm32_flash_unlock                     0x0800500c   Section        0  stm32_flash.o(i.stm32_flash_unlock)
    i.tim_delay_init                         0x08005014   Section        0  tim_delay.o(i.tim_delay_init)
    i.tim_delay_ms                           0x0800508c   Section        0  tim_delay.o(i.tim_delay_ms)
    i.tim_get_ms                             0x080050b4   Section        0  tim_delay.o(i.tim_get_ms)
    i.tim_now                                0x080050c8   Section        0  tim_delay.o(i.tim_now)
    i.usart_io_init                          0x08005104   Section        0  bl_usart.o(i.usart_io_init)
    usart_io_init                            0x08005105   Thumb Code    66  bl_usart.o(i.usart_io_init)
    i.usart_it_config                        0x0800514c   Section        0  bl_usart.o(i.usart_it_config)
    usart_it_config                          0x0800514d   Thumb Code    68  bl_usart.o(i.usart_it_config)
    i.usart_lowlevel_init                    0x08005198   Section        0  bl_usart.o(i.usart_lowlevel_init)
    usart_lowlevel_init                      0x08005199   Thumb Code    70  bl_usart.o(i.usart_lowlevel_init)
    i.wait_key_release                       0x080051e4   Section        0  bootloader.o(i.wait_key_release)
    wait_key_release                         0x080051e5   Thumb Code    24  bootloader.o(i.wait_key_release)
    .constdata                               0x08005200   Section      420  bootloader.o(.constdata)
    __FUNCTION__                             0x08005200   Data          31  bootloader.o(.constdata)
    __FUNCTION__                             0x0800521f   Data          27  bootloader.o(.constdata)
    __FUNCTION__                             0x0800523a   Data          26  bootloader.o(.constdata)
    __FUNCTION__                             0x08005254   Data          24  bootloader.o(.constdata)
    __FUNCTION__                             0x0800526c   Data          26  bootloader.o(.constdata)
    __FUNCTION__                             0x08005286   Data          25  bootloader.o(.constdata)
    __FUNCTION__                             0x0800529f   Data          24  bootloader.o(.constdata)
    __FUNCTION__                             0x080052b7   Data          23  bootloader.o(.constdata)
    __FUNCTION__                             0x080052ce   Data          32  bootloader.o(.constdata)
    __FUNCTION__                             0x080052ee   Data          25  bootloader.o(.constdata)
    __FUNCTION__                             0x08005307   Data          29  bootloader.o(.constdata)
    __FUNCTION__                             0x08005324   Data          27  bootloader.o(.constdata)
    __FUNCTION__                             0x0800533f   Data          18  bootloader.o(.constdata)
    __FUNCTION__                             0x08005351   Data          16  bootloader.o(.constdata)
    __FUNCTION__                             0x08005361   Data          15  bootloader.o(.constdata)
    __FUNCTION__                             0x08005370   Data          23  bootloader.o(.constdata)
    __FUNCTION__                             0x08005387   Data          13  bootloader.o(.constdata)
    __FUNCTION__                             0x08005394   Data          16  bootloader.o(.constdata)
    .constdata                               0x080053a4   Section      175  boot_config.o(.constdata)
    __FUNCTION__                             0x080053a4   Data          21  boot_config.o(.constdata)
    __FUNCTION__                             0x080053b9   Data          17  boot_config.o(.constdata)
    __FUNCTION__                             0x080053ca   Data          17  boot_config.o(.constdata)
    __FUNCTION__                             0x080053db   Data          25  boot_config.o(.constdata)
    __FUNCTION__                             0x080053f4   Data          33  boot_config.o(.constdata)
    __FUNCTION__                             0x08005415   Data          32  boot_config.o(.constdata)
    __FUNCTION__                             0x08005435   Data          30  boot_config.o(.constdata)
    .constdata                               0x08005453   Section      123  partition.o(.constdata)
    __FUNCTION__                             0x08005453   Data          22  partition.o(.constdata)
    __FUNCTION__                             0x08005469   Data          19  partition.o(.constdata)
    __FUNCTION__                             0x0800547c   Data          19  partition.o(.constdata)
    __FUNCTION__                             0x0800548f   Data          25  partition.o(.constdata)
    __FUNCTION__                             0x080054a8   Data          16  partition.o(.constdata)
    __FUNCTION__                             0x080054b8   Data          22  partition.o(.constdata)
    .constdata                               0x080054d0   Section      134  stm32_flash.o(.constdata)
    sector_descs                             0x080054d0   Data          96  stm32_flash.o(.constdata)
    __FUNCTION__                             0x08005530   Data          18  stm32_flash.o(.constdata)
    __FUNCTION__                             0x08005542   Data          20  stm32_flash.o(.constdata)
    .constdata                               0x08005556   Section      512  crc16.o(.constdata)
    crc16tab                                 0x08005556   Data         512  crc16.o(.constdata)
    .constdata                               0x08005758   Section     1024  crc32.o(.constdata)
    crc32_tab                                0x08005758   Data        1024  crc32.o(.constdata)
    .constdata                               0x08005b58   Section      198  elog.o(.constdata)
    __FUNCTION__                             0x08005b58   Data          11  elog.o(.constdata)
    __FUNCTION__                             0x08005b63   Data          10  elog.o(.constdata)
    __FUNCTION__                             0x08005b6d   Data          24  elog.o(.constdata)
    __FUNCTION__                             0x08005b85   Data          13  elog.o(.constdata)
    __FUNCTION__                             0x08005b92   Data          16  elog.o(.constdata)
    __FUNCTION__                             0x08005ba2   Data          20  elog.o(.constdata)
    __FUNCTION__                             0x08005bb6   Data          24  elog.o(.constdata)
    __FUNCTION__                             0x08005bce   Data          24  elog.o(.constdata)
    __FUNCTION__                             0x08005be6   Data          12  elog.o(.constdata)
    __FUNCTION__                             0x08005bf2   Data          16  elog.o(.constdata)
    __FUNCTION__                             0x08005c02   Data          14  elog.o(.constdata)
    __FUNCTION__                             0x08005c10   Data          14  elog.o(.constdata)
    .constdata                               0x08005c1e   Section       35  elog_utils.o(.constdata)
    __FUNCTION__                             0x08005c1e   Data          12  elog_utils.o(.constdata)
    __FUNCTION__                             0x08005c2a   Data          11  elog_utils.o(.constdata)
    __FUNCTION__                             0x08005c35   Data          12  elog_utils.o(.constdata)
    .conststring                             0x08005c44   Section       23  elog.o(.conststring)
    .data                                    0x20000000   Section       84  board.o(.data)
    _led1                                    0x20000000   Data          12  board.o(.data)
    _led2                                    0x2000000c   Data          12  board.o(.data)
    _led3                                    0x20000018   Data          12  board.o(.data)
    _key1                                    0x20000030   Data           8  board.o(.data)
    _key2                                    0x20000038   Data           8  board.o(.data)
    _key3                                    0x20000040   Data           8  board.o(.data)
    .data                                    0x20000058   Section       24  bootloader.o(.data)
    rxrb                                     0x20000058   Data           4  bootloader.o(.data)
    packet_index                             0x2000005c   Data           4  bootloader.o(.data)
    packet_state                             0x20000060   Data           1  bootloader.o(.data)
    packet_opcode                            0x20000061   Data           1  bootloader.o(.data)
    packet_payload_length                    0x20000062   Data           2  bootloader.o(.data)
    last_byte_ms                             0x20000068   Data           8  bootloader.o(.data)
    .data                                    0x20000070   Section        4  bl_usart.o(.data)
    rx_callback                              0x20000070   Data           4  bl_usart.o(.data)
    .data                                    0x20000078   Section       12  tim_delay.o(.data)
    tim_tick_count                           0x20000078   Data           8  tim_delay.o(.data)
    periodic_callback                        0x20000080   Data           4  tim_delay.o(.data)
    .data                                    0x20000084   Section       16  stm32f4xx_rcc.o(.data)
    APBAHBPrescTable                         0x20000084   Data          16  stm32f4xx_rcc.o(.data)
    .data                                    0x20000094   Section       28  elog.o(.data)
    level_output_info                        0x20000094   Data          24  elog.o(.data)
    .bss                                     0x200000b0   Section     9486  bootloader.o(.bss)
    rb_buffer                                0x200000b0   Data        5120  bootloader.o(.bss)
    boot_config                              0x200014b0   Data         256  bootloader.o(.bss)
    packet_buffer                            0x200015b0   Data        4110  bootloader.o(.bss)
    .bss                                     0x200025c0   Section     1272  elog.o(.bss)
    elog                                     0x200025c0   Data         248  elog.o(.bss)
    log_buf                                  0x200026b8   Data        1024  elog.o(.bss)
    .bss                                     0x20002ab8   Section       16  elog_port.o(.bss)
    time_str                                 0x20002ab8   Data          16  elog_port.o(.bss)
    STACK                                    0x20002ac8   Section     1024  startup_stm32f40_41xxx.o(STACK)

    Global Symbols

    Symbol Name                              Value     Ov Type        Size  Object(Section)

    BuildAttributes$$THM_ISAv4$E$P$D$K$B$S$7EM$VFPi3$EXTD16$VFPS$VFMA$PE$A:L22UL41UL21$X:L11$S22US41US21$IEEE1$IW$USESV6$~STKCKD$USESV7$~SHL$OSPACE$ROPI$EBA8$MICROLIB$REQ8$PRES8$EABIv2 0x00000000   Number         0  anon$$obj.o ABSOLUTE
    __ARM_use_no_argv                        0x00000000   Number         0  main.o ABSOLUTE
    _printf_a                                0x00000000   Number         0  stubs.o ABSOLUTE
    _printf_c                                0x00000000   Number         0  stubs.o ABSOLUTE
    _printf_charcount                        0x00000000   Number         0  stubs.o ABSOLUTE
    _printf_d                                0x00000000   Number         0  stubs.o ABSOLUTE
    _printf_e                                0x00000000   Number         0  stubs.o ABSOLUTE
    _printf_f                                0x00000000   Number         0  stubs.o ABSOLUTE
    _printf_flags                            0x00000000   Number         0  stubs.o ABSOLUTE
    _printf_fp_dec                           0x00000000   Number         0  stubs.o ABSOLUTE
    _printf_fp_hex                           0x00000000   Number         0  stubs.o ABSOLUTE
    _printf_g                                0x00000000   Number         0  stubs.o ABSOLUTE
    _printf_i                                0x00000000   Number         0  stubs.o ABSOLUTE
    _printf_int_dec                          0x00000000   Number         0  stubs.o ABSOLUTE
    _printf_l                                0x00000000   Number         0  stubs.o ABSOLUTE
    _printf_lc                               0x00000000   Number         0  stubs.o ABSOLUTE
    _printf_ll                               0x00000000   Number         0  stubs.o ABSOLUTE
    _printf_lld                              0x00000000   Number         0  stubs.o ABSOLUTE
    _printf_lli                              0x00000000   Number         0  stubs.o ABSOLUTE
    _printf_llo                              0x00000000   Number         0  stubs.o ABSOLUTE
    _printf_llu                              0x00000000   Number         0  stubs.o ABSOLUTE
    _printf_llx                              0x00000000   Number         0  stubs.o ABSOLUTE
    _printf_longlong_dec                     0x00000000   Number         0  stubs.o ABSOLUTE
    _printf_longlong_hex                     0x00000000   Number         0  stubs.o ABSOLUTE
    _printf_longlong_oct                     0x00000000   Number         0  stubs.o ABSOLUTE
    _printf_ls                               0x00000000   Number         0  stubs.o ABSOLUTE
    _printf_mbtowc                           0x00000000   Number         0  stubs.o ABSOLUTE
    _printf_n                                0x00000000   Number         0  stubs.o ABSOLUTE
    _printf_o                                0x00000000   Number         0  stubs.o ABSOLUTE
    _printf_p                                0x00000000   Number         0  stubs.o ABSOLUTE
    _printf_percent                          0x00000000   Number         0  stubs.o ABSOLUTE
    _printf_pre_padding                      0x00000000   Number         0  stubs.o ABSOLUTE
    _printf_return_value                     0x00000000   Number         0  stubs.o ABSOLUTE
    _printf_s                                0x00000000   Number         0  stubs.o ABSOLUTE
    _printf_sizespec                         0x00000000   Number         0  stubs.o ABSOLUTE
    _printf_str                              0x00000000   Number         0  stubs.o ABSOLUTE
    _printf_truncate_signed                  0x00000000   Number         0  stubs.o ABSOLUTE
    _printf_truncate_unsigned                0x00000000   Number         0  stubs.o ABSOLUTE
    _printf_u                                0x00000000   Number         0  stubs.o ABSOLUTE
    _printf_wc                               0x00000000   Number         0  stubs.o ABSOLUTE
    _printf_wctomb                           0x00000000   Number         0  stubs.o ABSOLUTE
    _printf_widthprec                        0x00000000   Number         0  stubs.o ABSOLUTE
    _printf_x                                0x00000000   Number         0  stubs.o ABSOLUTE
    __arm_fini_                               - Undefined Weak Reference
    __cpp_initialize__aeabi_                  - Undefined Weak Reference
    __cxa_finalize                            - Undefined Weak Reference
    __decompress                              - Undefined Weak Reference
    _clock_init                               - Undefined Weak Reference
    _microlib_exit                            - Undefined Weak Reference
    __Vectors_Size                           0x00000188   Number         0  startup_stm32f40_41xxx.o ABSOLUTE
    __Vectors                                0x08000000   Data           4  startup_stm32f40_41xxx.o(RESET)
    __Vectors_End                            0x08000188   Data           0  startup_stm32f40_41xxx.o(RESET)
    __main                                   0x08000189   Thumb Code     0  entry.o(.ARM.Collect$$$$00000000)
    _main_stk                                0x08000189   Thumb Code     0  entry2.o(.ARM.Collect$$$$00000001)
    _main_scatterload                        0x0800018d   Thumb Code     0  entry5.o(.ARM.Collect$$$$00000004)
    __main_after_scatterload                 0x08000191   Thumb Code     0  entry5.o(.ARM.Collect$$$$00000004)
    _main_clock                              0x08000191   Thumb Code     0  entry7b.o(.ARM.Collect$$$$00000008)
    _main_cpp_init                           0x08000191   Thumb Code     0  entry8b.o(.ARM.Collect$$$$0000000A)
    _main_init                               0x08000191   Thumb Code     0  entry9a.o(.ARM.Collect$$$$0000000B)
    __rt_lib_shutdown_fini                   0x08000199   Thumb Code     0  entry12b.o(.ARM.Collect$$$$0000000E)
    __rt_final_cpp                           0x0800019d   Thumb Code     0  entry10a.o(.ARM.Collect$$$$0000000F)
    __rt_final_exit                          0x0800019d   Thumb Code     0  entry11a.o(.ARM.Collect$$$$00000011)
    JumpApp                                  0x080001a1   Thumb Code     8  jumpapp.o(.text)
    Reset_Handler                            0x080001a9   Thumb Code     8  startup_stm32f40_41xxx.o(.text)
    NMI_Handler                              0x080001b1   Thumb Code     2  startup_stm32f40_41xxx.o(.text)
    HardFault_Handler                        0x080001b3   Thumb Code     2  startup_stm32f40_41xxx.o(.text)
    MemManage_Handler                        0x080001b5   Thumb Code     2  startup_stm32f40_41xxx.o(.text)
    BusFault_Handler                         0x080001b7   Thumb Code     2  startup_stm32f40_41xxx.o(.text)
    UsageFault_Handler                       0x080001b9   Thumb Code     2  startup_stm32f40_41xxx.o(.text)
    SVC_Handler                              0x080001bb   Thumb Code     2  startup_stm32f40_41xxx.o(.text)
    DebugMon_Handler                         0x080001bd   Thumb Code     2  startup_stm32f40_41xxx.o(.text)
    PendSV_Handler                           0x080001bf   Thumb Code     2  startup_stm32f40_41xxx.o(.text)
    SysTick_Handler                          0x080001c1   Thumb Code     2  startup_stm32f40_41xxx.o(.text)
    ADC_IRQHandler                           0x080001c3   Thumb Code     0  startup_stm32f40_41xxx.o(.text)
    CAN1_RX0_IRQHandler                      0x080001c3   Thumb Code     0  startup_stm32f40_41xxx.o(.text)
    CAN1_RX1_IRQHandler                      0x080001c3   Thumb Code     0  startup_stm32f40_41xxx.o(.text)
    CAN1_SCE_IRQHandler                      0x080001c3   Thumb Code     0  startup_stm32f40_41xxx.o(.text)
    CAN1_TX_IRQHandler                       0x080001c3   Thumb Code     0  startup_stm32f40_41xxx.o(.text)
    CAN2_RX0_IRQHandler                      0x080001c3   Thumb Code     0  startup_stm32f40_41xxx.o(.text)
    CAN2_RX1_IRQHandler                      0x080001c3   Thumb Code     0  startup_stm32f40_41xxx.o(.text)
    CAN2_SCE_IRQHandler                      0x080001c3   Thumb Code     0  startup_stm32f40_41xxx.o(.text)
    CAN2_TX_IRQHandler                       0x080001c3   Thumb Code     0  startup_stm32f40_41xxx.o(.text)
    CRYP_IRQHandler                          0x080001c3   Thumb Code     0  startup_stm32f40_41xxx.o(.text)
    DCMI_IRQHandler                          0x080001c3   Thumb Code     0  startup_stm32f40_41xxx.o(.text)
    DMA1_Stream0_IRQHandler                  0x080001c3   Thumb Code     0  startup_stm32f40_41xxx.o(.text)
    DMA1_Stream1_IRQHandler                  0x080001c3   Thumb Code     0  startup_stm32f40_41xxx.o(.text)
    DMA1_Stream2_IRQHandler                  0x080001c3   Thumb Code     0  startup_stm32f40_41xxx.o(.text)
    DMA1_Stream3_IRQHandler                  0x080001c3   Thumb Code     0  startup_stm32f40_41xxx.o(.text)
    DMA1_Stream4_IRQHandler                  0x080001c3   Thumb Code     0  startup_stm32f40_41xxx.o(.text)
    DMA1_Stream5_IRQHandler                  0x080001c3   Thumb Code     0  startup_stm32f40_41xxx.o(.text)
    DMA1_Stream6_IRQHandler                  0x080001c3   Thumb Code     0  startup_stm32f40_41xxx.o(.text)
    DMA1_Stream7_IRQHandler                  0x080001c3   Thumb Code     0  startup_stm32f40_41xxx.o(.text)
    DMA2_Stream0_IRQHandler                  0x080001c3   Thumb Code     0  startup_stm32f40_41xxx.o(.text)
    DMA2_Stream1_IRQHandler                  0x080001c3   Thumb Code     0  startup_stm32f40_41xxx.o(.text)
    DMA2_Stream2_IRQHandler                  0x080001c3   Thumb Code     0  startup_stm32f40_41xxx.o(.text)
    DMA2_Stream3_IRQHandler                  0x080001c3   Thumb Code     0  startup_stm32f40_41xxx.o(.text)
    DMA2_Stream4_IRQHandler                  0x080001c3   Thumb Code     0  startup_stm32f40_41xxx.o(.text)
    DMA2_Stream5_IRQHandler                  0x080001c3   Thumb Code     0  startup_stm32f40_41xxx.o(.text)
    DMA2_Stream6_IRQHandler                  0x080001c3   Thumb Code     0  startup_stm32f40_41xxx.o(.text)
    DMA2_Stream7_IRQHandler                  0x080001c3   Thumb Code     0  startup_stm32f40_41xxx.o(.text)
    ETH_IRQHandler                           0x080001c3   Thumb Code     0  startup_stm32f40_41xxx.o(.text)
    ETH_WKUP_IRQHandler                      0x080001c3   Thumb Code     0  startup_stm32f40_41xxx.o(.text)
    EXTI0_IRQHandler                         0x080001c3   Thumb Code     0  startup_stm32f40_41xxx.o(.text)
    EXTI15_10_IRQHandler                     0x080001c3   Thumb Code     0  startup_stm32f40_41xxx.o(.text)
    EXTI1_IRQHandler                         0x080001c3   Thumb Code     0  startup_stm32f40_41xxx.o(.text)
    EXTI2_IRQHandler                         0x080001c3   Thumb Code     0  startup_stm32f40_41xxx.o(.text)
    EXTI3_IRQHandler                         0x080001c3   Thumb Code     0  startup_stm32f40_41xxx.o(.text)
    EXTI4_IRQHandler                         0x080001c3   Thumb Code     0  startup_stm32f40_41xxx.o(.text)
    EXTI9_5_IRQHandler                       0x080001c3   Thumb Code     0  startup_stm32f40_41xxx.o(.text)
    FLASH_IRQHandler                         0x080001c3   Thumb Code     0  startup_stm32f40_41xxx.o(.text)
    FPU_IRQHandler                           0x080001c3   Thumb Code     0  startup_stm32f40_41xxx.o(.text)
    FSMC_IRQHandler                          0x080001c3   Thumb Code     0  startup_stm32f40_41xxx.o(.text)
    HASH_RNG_IRQHandler                      0x080001c3   Thumb Code     0  startup_stm32f40_41xxx.o(.text)
    I2C1_ER_IRQHandler                       0x080001c3   Thumb Code     0  startup_stm32f40_41xxx.o(.text)
    I2C1_EV_IRQHandler                       0x080001c3   Thumb Code     0  startup_stm32f40_41xxx.o(.text)
    I2C2_ER_IRQHandler                       0x080001c3   Thumb Code     0  startup_stm32f40_41xxx.o(.text)
    I2C2_EV_IRQHandler                       0x080001c3   Thumb Code     0  startup_stm32f40_41xxx.o(.text)
    I2C3_ER_IRQHandler                       0x080001c3   Thumb Code     0  startup_stm32f40_41xxx.o(.text)
    I2C3_EV_IRQHandler                       0x080001c3   Thumb Code     0  startup_stm32f40_41xxx.o(.text)
    OTG_FS_IRQHandler                        0x080001c3   Thumb Code     0  startup_stm32f40_41xxx.o(.text)
    OTG_FS_WKUP_IRQHandler                   0x080001c3   Thumb Code     0  startup_stm32f40_41xxx.o(.text)
    OTG_HS_EP1_IN_IRQHandler                 0x080001c3   Thumb Code     0  startup_stm32f40_41xxx.o(.text)
    OTG_HS_EP1_OUT_IRQHandler                0x080001c3   Thumb Code     0  startup_stm32f40_41xxx.o(.text)
    OTG_HS_IRQHandler                        0x080001c3   Thumb Code     0  startup_stm32f40_41xxx.o(.text)
    OTG_HS_WKUP_IRQHandler                   0x080001c3   Thumb Code     0  startup_stm32f40_41xxx.o(.text)
    PVD_IRQHandler                           0x080001c3   Thumb Code     0  startup_stm32f40_41xxx.o(.text)
    RCC_IRQHandler                           0x080001c3   Thumb Code     0  startup_stm32f40_41xxx.o(.text)
    RTC_Alarm_IRQHandler                     0x080001c3   Thumb Code     0  startup_stm32f40_41xxx.o(.text)
    RTC_WKUP_IRQHandler                      0x080001c3   Thumb Code     0  startup_stm32f40_41xxx.o(.text)
    SDIO_IRQHandler                          0x080001c3   Thumb Code     0  startup_stm32f40_41xxx.o(.text)
    SPI1_IRQHandler                          0x080001c3   Thumb Code     0  startup_stm32f40_41xxx.o(.text)
    SPI2_IRQHandler                          0x080001c3   Thumb Code     0  startup_stm32f40_41xxx.o(.text)
    SPI3_IRQHandler                          0x080001c3   Thumb Code     0  startup_stm32f40_41xxx.o(.text)
    TAMP_STAMP_IRQHandler                    0x080001c3   Thumb Code     0  startup_stm32f40_41xxx.o(.text)
    TIM1_BRK_TIM9_IRQHandler                 0x080001c3   Thumb Code     0  startup_stm32f40_41xxx.o(.text)
    TIM1_CC_IRQHandler                       0x080001c3   Thumb Code     0  startup_stm32f40_41xxx.o(.text)
    TIM1_TRG_COM_TIM11_IRQHandler            0x080001c3   Thumb Code     0  startup_stm32f40_41xxx.o(.text)
    TIM1_UP_TIM10_IRQHandler                 0x080001c3   Thumb Code     0  startup_stm32f40_41xxx.o(.text)
    TIM2_IRQHandler                          0x080001c3   Thumb Code     0  startup_stm32f40_41xxx.o(.text)
    TIM3_IRQHandler                          0x080001c3   Thumb Code     0  startup_stm32f40_41xxx.o(.text)
    TIM4_IRQHandler                          0x080001c3   Thumb Code     0  startup_stm32f40_41xxx.o(.text)
    TIM5_IRQHandler                          0x080001c3   Thumb Code     0  startup_stm32f40_41xxx.o(.text)
    TIM7_IRQHandler                          0x080001c3   Thumb Code     0  startup_stm32f40_41xxx.o(.text)
    TIM8_BRK_TIM12_IRQHandler                0x080001c3   Thumb Code     0  startup_stm32f40_41xxx.o(.text)
    TIM8_CC_IRQHandler                       0x080001c3   Thumb Code     0  startup_stm32f40_41xxx.o(.text)
    TIM8_TRG_COM_TIM14_IRQHandler            0x080001c3   Thumb Code     0  startup_stm32f40_41xxx.o(.text)
    TIM8_UP_TIM13_IRQHandler                 0x080001c3   Thumb Code     0  startup_stm32f40_41xxx.o(.text)
    UART4_IRQHandler                         0x080001c3   Thumb Code     0  startup_stm32f40_41xxx.o(.text)
    UART5_IRQHandler                         0x080001c3   Thumb Code     0  startup_stm32f40_41xxx.o(.text)
    USART1_IRQHandler                        0x080001c3   Thumb Code     0  startup_stm32f40_41xxx.o(.text)
    USART2_IRQHandler                        0x080001c3   Thumb Code     0  startup_stm32f40_41xxx.o(.text)
    USART6_IRQHandler                        0x080001c3   Thumb Code     0  startup_stm32f40_41xxx.o(.text)
    WWDG_IRQHandler                          0x080001c3   Thumb Code     0  startup_stm32f40_41xxx.o(.text)
    __aeabi_uldivmod                         0x080001cd   Thumb Code    98  uldiv.o(.text)
    __aeabi_memcpy                           0x0800022f   Thumb Code    36  memcpya.o(.text)
    __aeabi_memcpy4                          0x0800022f   Thumb Code     0  memcpya.o(.text)
    __aeabi_memcpy8                          0x0800022f   Thumb Code     0  memcpya.o(.text)
    __aeabi_memset                           0x08000253   Thumb Code    14  memseta.o(.text)
    __aeabi_memset4                          0x08000253   Thumb Code     0  memseta.o(.text)
    __aeabi_memset8                          0x08000253   Thumb Code     0  memseta.o(.text)
    __aeabi_memclr                           0x08000261   Thumb Code     4  memseta.o(.text)
    __aeabi_memclr4                          0x08000261   Thumb Code     0  memseta.o(.text)
    __aeabi_memclr8                          0x08000261   Thumb Code     0  memseta.o(.text)
    _memset$wrapper                          0x08000265   Thumb Code    18  memseta.o(.text)
    strstr                                   0x08000277   Thumb Code    36  strstr.o(.text)
    strlen                                   0x0800029b   Thumb Code    14  strlen.o(.text)
    memcmp                                   0x080002a9   Thumb Code    26  memcmp.o(.text)
    strncmp                                  0x080002c3   Thumb Code    30  strncmp.o(.text)
    __aeabi_uidiv                            0x080002e1   Thumb Code     0  uidiv.o(.text)
    __aeabi_uidivmod                         0x080002e1   Thumb Code    44  uidiv.o(.text)
    __aeabi_llsl                             0x0800030d   Thumb Code    30  llshl.o(.text)
    _ll_shift_l                              0x0800030d   Thumb Code     0  llshl.o(.text)
    __aeabi_llsr                             0x0800032b   Thumb Code    32  llushr.o(.text)
    _ll_ushift_r                             0x0800032b   Thumb Code     0  llushr.o(.text)
    __I$use$fp                               0x0800034b   Thumb Code     0  iusefp.o(.text)
    __aeabi_dadd                             0x0800034b   Thumb Code   322  dadd.o(.text)
    __aeabi_dsub                             0x0800048d   Thumb Code     6  dadd.o(.text)
    __aeabi_drsub                            0x08000493   Thumb Code     6  dadd.o(.text)
    __aeabi_dmul                             0x08000499   Thumb Code   228  dmul.o(.text)
    __aeabi_ddiv                             0x0800057d   Thumb Code   222  ddiv.o(.text)
    __aeabi_d2ulz                            0x0800065b   Thumb Code    48  dfixul.o(.text)
    __aeabi_cdrcmple                         0x0800068d   Thumb Code    48  cdrcmple.o(.text)
    __scatterload                            0x080006bd   Thumb Code    28  init.o(.text)
    __scatterload_rt2                        0x080006bd   Thumb Code     0  init.o(.text)
    __aeabi_lasr                             0x080006e1   Thumb Code    36  llsshr.o(.text)
    _ll_sshift_r                             0x080006e1   Thumb Code     0  llsshr.o(.text)
    _double_round                            0x08000705   Thumb Code    30  depilogue.o(.text)
    _double_epilogue                         0x08000723   Thumb Code   156  depilogue.o(.text)
    FLASH_EraseSector                        0x080007c1   Thumb Code   130  stm32f4xx_flash.o(i.FLASH_EraseSector)
    FLASH_GetStatus                          0x08000849   Thumb Code    80  stm32f4xx_flash.o(i.FLASH_GetStatus)
    FLASH_Lock                               0x0800089d   Thumb Code    14  stm32f4xx_flash.o(i.FLASH_Lock)
    FLASH_ProgramWord                        0x080008b1   Thumb Code    74  stm32f4xx_flash.o(i.FLASH_ProgramWord)
    FLASH_Unlock                             0x08000901   Thumb Code    24  stm32f4xx_flash.o(i.FLASH_Unlock)
    FLASH_WaitForLastOperation               0x08000925   Thumb Code    34  stm32f4xx_flash.o(i.FLASH_WaitForLastOperation)
    GPIO_Init                                0x08000947   Thumb Code   144  stm32f4xx_gpio.o(i.GPIO_Init)
    GPIO_PinAFConfig                         0x080009d7   Thumb Code    70  stm32f4xx_gpio.o(i.GPIO_PinAFConfig)
    GPIO_ReadInputDataBit                    0x08000a1d   Thumb Code    18  stm32f4xx_gpio.o(i.GPIO_ReadInputDataBit)
    GPIO_StructInit                          0x08000a2f   Thumb Code    18  stm32f4xx_gpio.o(i.GPIO_StructInit)
    GPIO_WriteBit                            0x08000a41   Thumb Code    12  stm32f4xx_gpio.o(i.GPIO_WriteBit)
    NVIC_Init                                0x08000a65   Thumb Code   106  misc.o(i.NVIC_Init)
    RCC_AHB1PeriphClockCmd                   0x08000b1d   Thumb Code    26  stm32f4xx_rcc.o(i.RCC_AHB1PeriphClockCmd)
    RCC_APB1PeriphClockCmd                   0x08000b3d   Thumb Code    26  stm32f4xx_rcc.o(i.RCC_APB1PeriphClockCmd)
    RCC_APB1PeriphResetCmd                   0x08000b5d   Thumb Code    26  stm32f4xx_rcc.o(i.RCC_APB1PeriphResetCmd)
    RCC_APB2PeriphClockCmd                   0x08000b7d   Thumb Code    26  stm32f4xx_rcc.o(i.RCC_APB2PeriphClockCmd)
    RCC_APB2PeriphResetCmd                   0x08000b9d   Thumb Code    26  stm32f4xx_rcc.o(i.RCC_APB2PeriphResetCmd)
    RCC_GetClocksFreq                        0x08000bbd   Thumb Code   214  stm32f4xx_rcc.o(i.RCC_GetClocksFreq)
    SystemInit                               0x08000d91   Thumb Code    88  system_stm32f4xx.o(i.SystemInit)
    TIM6_DAC_IRQHandler                      0x08000df9   Thumb Code    56  tim_delay.o(i.TIM6_DAC_IRQHandler)
    TIM_ClearITPendingBit                    0x08000e3d   Thumb Code     6  stm32f4xx_tim.o(i.TIM_ClearITPendingBit)
    TIM_Cmd                                  0x08000e43   Thumb Code    24  stm32f4xx_tim.o(i.TIM_Cmd)
    TIM_DeInit                               0x08000e5d   Thumb Code   346  stm32f4xx_tim.o(i.TIM_DeInit)
    TIM_GetCounter                           0x08000fed   Thumb Code     6  stm32f4xx_tim.o(i.TIM_GetCounter)
    TIM_GetITStatus                          0x08000ff3   Thumb Code    34  stm32f4xx_tim.o(i.TIM_GetITStatus)
    TIM_ITConfig                             0x08001015   Thumb Code    18  stm32f4xx_tim.o(i.TIM_ITConfig)
    TIM_TimeBaseInit                         0x08001029   Thumb Code   104  stm32f4xx_tim.o(i.TIM_TimeBaseInit)
    TIM_TimeBaseStructInit                   0x080010ad   Thumb Code    18  stm32f4xx_tim.o(i.TIM_TimeBaseStructInit)
    USART3_IRQHandler                        0x080010c1   Thumb Code    54  bl_usart.o(i.USART3_IRQHandler)
    USART_ClearITPendingBit                  0x08001101   Thumb Code    30  stm32f4xx_usart.o(i.USART_ClearITPendingBit)
    USART_Cmd                                0x0800111f   Thumb Code    24  stm32f4xx_usart.o(i.USART_Cmd)
    USART_DeInit                             0x08001139   Thumb Code   206  stm32f4xx_usart.o(i.USART_DeInit)
    USART_GetFlagStatus                      0x08001229   Thumb Code    26  stm32f4xx_usart.o(i.USART_GetFlagStatus)
    USART_GetITStatus                        0x08001243   Thumb Code    84  stm32f4xx_usart.o(i.USART_GetITStatus)
    USART_ITConfig                           0x08001297   Thumb Code    74  stm32f4xx_usart.o(i.USART_ITConfig)
    USART_Init                               0x080012e1   Thumb Code   204  stm32f4xx_usart.o(i.USART_Init)
    USART_ReceiveData                        0x080013b5   Thumb Code    10  stm32f4xx_usart.o(i.USART_ReceiveData)
    USART_SendData                           0x080013bf   Thumb Code     8  stm32f4xx_usart.o(i.USART_SendData)
    USART_StructInit                         0x080013c7   Thumb Code    24  stm32f4xx_usart.o(i.USART_StructInit)
    __0snprintf                              0x080013e1   Thumb Code    48  printfa.o(i.__0snprintf)
    __1snprintf                              0x080013e1   Thumb Code     0  printfa.o(i.__0snprintf)
    __2snprintf                              0x080013e1   Thumb Code     0  printfa.o(i.__0snprintf)
    __c89snprintf                            0x080013e1   Thumb Code     0  printfa.o(i.__0snprintf)
    snprintf                                 0x080013e1   Thumb Code     0  printfa.o(i.__0snprintf)
    __0vsnprintf                             0x08001415   Thumb Code    46  printfa.o(i.__0vsnprintf)
    __1vsnprintf                             0x08001415   Thumb Code     0  printfa.o(i.__0vsnprintf)
    __2vsnprintf                             0x08001415   Thumb Code     0  printfa.o(i.__0vsnprintf)
    __c89vsnprintf                           0x08001415   Thumb Code     0  printfa.o(i.__0vsnprintf)
    vsnprintf                                0x08001415   Thumb Code     0  printfa.o(i.__0vsnprintf)
    __scatterload_copy                       0x08001449   Thumb Code    14  handlers.o(i.__scatterload_copy)
    __scatterload_null                       0x08001457   Thumb Code     2  handlers.o(i.__scatterload_null)
    __scatterload_zeroinit                   0x08001459   Thumb Code    14  handlers.o(i.__scatterload_zeroinit)
    bl_usart_init                            0x08003051   Thumb Code    16  bl_usart.o(i.bl_usart_init)
    bl_usart_register_rx_callback            0x08003061   Thumb Code     6  bl_usart.o(i.bl_usart_register_rx_callback)
    bl_usart_write                           0x08003085   Thumb Code    42  bl_usart.o(i.bl_usart_write)
    board_lowlevel_init                      0x080030b5   Thumb Code    84  board.o(i.board_lowlevel_init)
    boot_config_get_active_partition         0x080032dd   Thumb Code    12  boot_config.o(i.boot_config_get_active_partition)
    boot_config_get_upgrade_state            0x080032e9   Thumb Code    12  boot_config.o(i.boot_config_get_upgrade_state)
    boot_config_init_default                 0x080032f5   Thumb Code    94  boot_config.o(i.boot_config_init_default)
    boot_config_is_partition_valid           0x080033a9   Thumb Code    42  boot_config.o(i.boot_config_is_partition_valid)
    boot_config_load                         0x080033d5   Thumb Code   120  boot_config.o(i.boot_config_load)
    boot_config_save                         0x080034e1   Thumb Code   162  boot_config.o(i.boot_config_save)
    boot_config_set_active_partition         0x080035f9   Thumb Code    94  boot_config.o(i.boot_config_set_active_partition)
    boot_config_set_partition_valid          0x080036c1   Thumb Code    78  boot_config.o(i.boot_config_set_partition_valid)
    boot_config_set_upgrade_state            0x0800375d   Thumb Code    68  boot_config.o(i.boot_config_set_upgrade_state)
    boot_config_validate                     0x080037f1   Thumb Code   188  boot_config.o(i.boot_config_validate)
    bootloader_main                          0x08003965   Thumb Code   418  bootloader.o(i.bootloader_main)
    console_init                             0x08003c3d   Thumb Code    12  console.o(i.console_init)
    console_write                            0x08003cc5   Thumb Code    40  console.o(i.console_write)
    crc16                                    0x08003cf1   Thumb Code    40  crc16.o(i.crc16)
    crc32                                    0x08003d1d   Thumb Code    48  crc32.o(i.crc32)
    elog_get_filter_tag_lvl                  0x08003d51   Thumb Code   164  elog.o(i.elog_get_filter_tag_lvl)
    elog_init                                0x08003e61   Thumb Code    70  elog.o(i.elog_init)
    elog_output                              0x08003ead   Thumb Code   802  elog.o(i.elog_output)
    elog_output_lock                         0x0800426d   Thumb Code    34  elog.o(i.elog_output_lock)
    elog_output_lock_enabled                 0x08004295   Thumb Code    60  elog.o(i.elog_output_lock_enabled)
    elog_output_unlock                       0x080042d5   Thumb Code    34  elog.o(i.elog_output_unlock)
    elog_port_get_p_info                     0x080042fd   Thumb Code     4  elog_port.o(i.elog_port_get_p_info)
    elog_port_get_t_info                     0x08004305   Thumb Code     4  elog_port.o(i.elog_port_get_t_info)
    elog_port_get_time                       0x0800430d   Thumb Code    76  elog_port.o(i.elog_port_get_time)
    elog_port_init                           0x08004371   Thumb Code     4  elog_port.o(i.elog_port_init)
    elog_port_output                         0x08004375   Thumb Code    16  elog_port.o(i.elog_port_output)
    elog_port_output_lock                    0x08004385   Thumb Code     2  elog_port.o(i.elog_port_output_lock)
    elog_port_output_unlock                  0x08004387   Thumb Code     2  elog_port.o(i.elog_port_output_unlock)
    elog_set_filter_lvl                      0x08004389   Thumb Code    76  elog.o(i.elog_set_filter_lvl)
    elog_set_fmt                             0x08004485   Thumb Code    80  elog.o(i.elog_set_fmt)
    elog_set_output_enabled                  0x08004549   Thumb Code    82  elog.o(i.elog_set_output_enabled)
    elog_start                               0x0800461d   Thumb Code    46  elog.o(i.elog_start)
    elog_strcpy                              0x080046ad   Thumb Code   162  elog_utils.o(i.elog_strcpy)
    key_init                                 0x080048cd   Thumb Code    42  key.o(i.key_init)
    key_read                                 0x08004925   Thumb Code    26  key.o(i.key_read)
    led_init                                 0x080049bd   Thumb Code    60  led.o(i.led_init)
    led_off                                  0x080049f9   Thumb Code    18  led.o(i.led_off)
    led_on                                   0x08004a0b   Thumb Code    18  led.o(i.led_on)
    magic_header_get_address_partition       0x08004a1d   Thumb Code    18  magic_header.o(i.magic_header_get_address_partition)
    magic_header_get_crc32_partition         0x08004a39   Thumb Code    18  magic_header.o(i.magic_header_get_crc32_partition)
    magic_header_get_length_partition        0x08004a55   Thumb Code    18  magic_header.o(i.magic_header_get_length_partition)
    magic_header_trap_boot                   0x08004a71   Thumb Code    86  bootloader.o(i.magic_header_trap_boot)
    magic_header_validate_partition          0x08004b65   Thumb Code    66  magic_header.o(i.magic_header_validate_partition)
    main                                     0x08004bb5   Thumb Code    78  main.o(i.main)
    partition_get_address                    0x08004c1d   Thumb Code    46  partition.o(i.partition_get_address)
    partition_get_download_target            0x08004c8d   Thumb Code    26  partition.o(i.partition_get_download_target)
    partition_get_opposite                   0x08004ca7   Thumb Code    12  partition.o(i.partition_get_opposite)
    partition_get_size                       0x08004cb5   Thumb Code    50  partition.o(i.partition_get_size)
    rb_empty                                 0x08004d4d   Thumb Code    18  ringbuffer.o(i.rb_empty)
    rb_full                                  0x08004d5f   Thumb Code    24  ringbuffer.o(i.rb_full)
    rb_get                                   0x08004d77   Thumb Code    54  ringbuffer.o(i.rb_get)
    rb_new                                   0x08004dad   Thumb Code    28  ringbuffer.o(i.rb_new)
    rb_put                                   0x08004dc9   Thumb Code    36  ringbuffer.o(i.rb_put)
    rb_puts                                  0x08004ded   Thumb Code    38  ringbuffer.o(i.rb_puts)
    rx_trap_boot                             0x08004e15   Thumb Code    62  bootloader.o(i.rx_trap_boot)
    stm32_flash_erase                        0x08004e99   Thumb Code   124  stm32_flash.o(i.stm32_flash_erase)
    stm32_flash_lock                         0x08004f81   Thumb Code     8  stm32_flash.o(i.stm32_flash_lock)
    stm32_flash_program                      0x08004f89   Thumb Code    56  stm32_flash.o(i.stm32_flash_program)
    stm32_flash_unlock                       0x0800500d   Thumb Code     8  stm32_flash.o(i.stm32_flash_unlock)
    tim_delay_init                           0x08005015   Thumb Code   116  tim_delay.o(i.tim_delay_init)
    tim_delay_ms                             0x0800508d   Thumb Code    40  tim_delay.o(i.tim_delay_ms)
    tim_get_ms                               0x080050b5   Thumb Code    20  tim_delay.o(i.tim_get_ms)
    tim_now                                  0x080050c9   Thumb Code    52  tim_delay.o(i.tim_now)
    Region$$Table$$Base                      0x08005c5c   Number         0  anon$$obj.o(Region$$Table)
    Region$$Table$$Limit                     0x08005c7c   Number         0  anon$$obj.o(Region$$Table)
    led1                                     0x20000024   Data           4  board.o(.data)
    led2                                     0x20000028   Data           4  board.o(.data)
    led3                                     0x2000002c   Data           4  board.o(.data)
    key1                                     0x20000048   Data           4  board.o(.data)
    key2                                     0x2000004c   Data           4  board.o(.data)
    key3                                     0x20000050   Data           4  board.o(.data)
    elog_assert_hook                         0x200000ac   Data           4  elog.o(.data)
    __initial_sp                             0x20002ec8   Data           0  startup_stm32f40_41xxx.o(STACK)



==============================================================================

Memory Map of the image

  Image Entry point : 0x08000189

  Load Region LR_IROM1 (Base: 0x08000000, Size: 0x00005d2c, Max: 0x00010000, ABSOLUTE)

    Execution Region ER_IROM1 (Exec base: 0x08000000, Load base: 0x08000000, Size: 0x00005c7c, Max: 0x00010000, ABSOLUTE)

    Exec Addr    Load Addr    Size         Type   Attr      Idx    E Section Name        Object

    0x08000000   0x08000000   0x00000188   Data   RO          970    RESET               startup_stm32f40_41xxx.o
    0x08000188   0x08000188   0x00000000   Code   RO         6422  * .ARM.Collect$$$$00000000  mc_w.l(entry.o)
    0x08000188   0x08000188   0x00000004   Code   RO         6706    .ARM.Collect$$$$00000001  mc_w.l(entry2.o)
    0x0800018c   0x0800018c   0x00000004   Code   RO         6709    .ARM.Collect$$$$00000004  mc_w.l(entry5.o)
    0x08000190   0x08000190   0x00000000   Code   RO         6711    .ARM.Collect$$$$00000008  mc_w.l(entry7b.o)
    0x08000190   0x08000190   0x00000000   Code   RO         6713    .ARM.Collect$$$$0000000A  mc_w.l(entry8b.o)
    0x08000190   0x08000190   0x00000008   Code   RO         6714    .ARM.Collect$$$$0000000B  mc_w.l(entry9a.o)
    0x08000198   0x08000198   0x00000004   Code   RO         6721    .ARM.Collect$$$$0000000E  mc_w.l(entry12b.o)
    0x0800019c   0x0800019c   0x00000000   Code   RO         6716    .ARM.Collect$$$$0000000F  mc_w.l(entry10a.o)
    0x0800019c   0x0800019c   0x00000000   Code   RO         6718    .ARM.Collect$$$$00000011  mc_w.l(entry11a.o)
    0x0800019c   0x0800019c   0x00000004   Code   RO         6707    .ARM.Collect$$$$00002712  mc_w.l(entry2.o)
    0x080001a0   0x080001a0   0x00000008   Code   RO          669    .text               jumpapp.o
    0x080001a8   0x080001a8   0x00000024   Code   RO          971    .text               startup_stm32f40_41xxx.o
    0x080001cc   0x080001cc   0x00000062   Code   RO         6425    .text               mc_w.l(uldiv.o)
    0x0800022e   0x0800022e   0x00000024   Code   RO         6427    .text               mc_w.l(memcpya.o)
    0x08000252   0x08000252   0x00000024   Code   RO         6429    .text               mc_w.l(memseta.o)
    0x08000276   0x08000276   0x00000024   Code   RO         6431    .text               mc_w.l(strstr.o)
    0x0800029a   0x0800029a   0x0000000e   Code   RO         6435    .text               mc_w.l(strlen.o)
    0x080002a8   0x080002a8   0x0000001a   Code   RO         6439    .text               mc_w.l(memcmp.o)
    0x080002c2   0x080002c2   0x0000001e   Code   RO         6441    .text               mc_w.l(strncmp.o)
    0x080002e0   0x080002e0   0x0000002c   Code   RO         6723    .text               mc_w.l(uidiv.o)
    0x0800030c   0x0800030c   0x0000001e   Code   RO         6725    .text               mc_w.l(llshl.o)
    0x0800032a   0x0800032a   0x00000020   Code   RO         6727    .text               mc_w.l(llushr.o)
    0x0800034a   0x0800034a   0x00000000   Code   RO         6729    .text               mc_w.l(iusefp.o)
    0x0800034a   0x0800034a   0x0000014e   Code   RO         6730    .text               mf_w.l(dadd.o)
    0x08000498   0x08000498   0x000000e4   Code   RO         6732    .text               mf_w.l(dmul.o)
    0x0800057c   0x0800057c   0x000000de   Code   RO         6734    .text               mf_w.l(ddiv.o)
    0x0800065a   0x0800065a   0x00000030   Code   RO         6736    .text               mf_w.l(dfixul.o)
    0x0800068a   0x0800068a   0x00000002   PAD
    0x0800068c   0x0800068c   0x00000030   Code   RO         6738    .text               mf_w.l(cdrcmple.o)
    0x080006bc   0x080006bc   0x00000024   Code   RO         6740    .text               mc_w.l(init.o)
    0x080006e0   0x080006e0   0x00000024   Code   RO         6742    .text               mc_w.l(llsshr.o)
    0x08000704   0x08000704   0x000000ba   Code   RO         6744    .text               mf_w.l(depilogue.o)
    0x080007be   0x080007be   0x00000002   PAD
    0x080007c0   0x080007c0   0x00000088   Code   RO         2452    i.FLASH_EraseSector  stm32f4xx_flash.o
    0x08000848   0x08000848   0x00000054   Code   RO         2454    i.FLASH_GetStatus   stm32f4xx_flash.o
    0x0800089c   0x0800089c   0x00000014   Code   RO         2458    i.FLASH_Lock        stm32f4xx_flash.o
    0x080008b0   0x080008b0   0x00000050   Code   RO         2482    i.FLASH_ProgramWord  stm32f4xx_flash.o
    0x08000900   0x08000900   0x00000024   Code   RO         2484    i.FLASH_Unlock      stm32f4xx_flash.o
    0x08000924   0x08000924   0x00000022   Code   RO         2485    i.FLASH_WaitForLastOperation  stm32f4xx_flash.o
    0x08000946   0x08000946   0x00000090   Code   RO         2894    i.GPIO_Init         stm32f4xx_gpio.o
    0x080009d6   0x080009d6   0x00000046   Code   RO         2895    i.GPIO_PinAFConfig  stm32f4xx_gpio.o
    0x08000a1c   0x08000a1c   0x00000012   Code   RO         2898    i.GPIO_ReadInputDataBit  stm32f4xx_gpio.o
    0x08000a2e   0x08000a2e   0x00000012   Code   RO         2903    i.GPIO_StructInit   stm32f4xx_gpio.o
    0x08000a40   0x08000a40   0x0000000c   Code   RO         2906    i.GPIO_WriteBit     stm32f4xx_gpio.o
    0x08000a4c   0x08000a4c   0x00000018   Code   RO          195    i.NVIC_DisableIRQ   bootloader.o
    0x08000a64   0x08000a64   0x00000078   Code   RO         1019    i.NVIC_Init         misc.o
    0x08000adc   0x08000adc   0x00000040   Code   RO          196    i.NVIC_SystemReset  bootloader.o
    0x08000b1c   0x08000b1c   0x00000020   Code   RO         3820    i.RCC_AHB1PeriphClockCmd  stm32f4xx_rcc.o
    0x08000b3c   0x08000b3c   0x00000020   Code   RO         3829    i.RCC_APB1PeriphClockCmd  stm32f4xx_rcc.o
    0x08000b5c   0x08000b5c   0x00000020   Code   RO         3831    i.RCC_APB1PeriphResetCmd  stm32f4xx_rcc.o
    0x08000b7c   0x08000b7c   0x00000020   Code   RO         3832    i.RCC_APB2PeriphClockCmd  stm32f4xx_rcc.o
    0x08000b9c   0x08000b9c   0x00000020   Code   RO         3834    i.RCC_APB2PeriphResetCmd  stm32f4xx_rcc.o
    0x08000bbc   0x08000bbc   0x000000e8   Code   RO         3841    i.RCC_GetClocksFreq  stm32f4xx_rcc.o
    0x08000ca4   0x08000ca4   0x000000ec   Code   RO          978    i.SetSysClock       system_stm32f4xx.o
    0x08000d90   0x08000d90   0x00000068   Code   RO          980    i.SystemInit        system_stm32f4xx.o
    0x08000df8   0x08000df8   0x00000044   Code   RO          851    i.TIM6_DAC_IRQHandler  tim_delay.o
    0x08000e3c   0x08000e3c   0x00000006   Code   RO         5211    i.TIM_ClearITPendingBit  stm32f4xx_tim.o
    0x08000e42   0x08000e42   0x00000018   Code   RO         5216    i.TIM_Cmd           stm32f4xx_tim.o
    0x08000e5a   0x08000e5a   0x00000002   PAD
    0x08000e5c   0x08000e5c   0x00000190   Code   RO         5221    i.TIM_DeInit        stm32f4xx_tim.o
    0x08000fec   0x08000fec   0x00000006   Code   RO         5235    i.TIM_GetCounter    stm32f4xx_tim.o
    0x08000ff2   0x08000ff2   0x00000022   Code   RO         5237    i.TIM_GetITStatus   stm32f4xx_tim.o
    0x08001014   0x08001014   0x00000012   Code   RO         5241    i.TIM_ITConfig      stm32f4xx_tim.o
    0x08001026   0x08001026   0x00000002   PAD
    0x08001028   0x08001028   0x00000084   Code   RO         5288    i.TIM_TimeBaseInit  stm32f4xx_tim.o
    0x080010ac   0x080010ac   0x00000012   Code   RO         5289    i.TIM_TimeBaseStructInit  stm32f4xx_tim.o
    0x080010be   0x080010be   0x00000002   PAD
    0x080010c0   0x080010c0   0x00000040   Code   RO          676    i.USART3_IRQHandler  bl_usart.o
    0x08001100   0x08001100   0x0000001e   Code   RO         5767    i.USART_ClearITPendingBit  stm32f4xx_usart.o
    0x0800111e   0x0800111e   0x00000018   Code   RO         5770    i.USART_Cmd         stm32f4xx_usart.o
    0x08001136   0x08001136   0x00000002   PAD
    0x08001138   0x08001138   0x000000f0   Code   RO         5772    i.USART_DeInit      stm32f4xx_usart.o
    0x08001228   0x08001228   0x0000001a   Code   RO         5773    i.USART_GetFlagStatus  stm32f4xx_usart.o
    0x08001242   0x08001242   0x00000054   Code   RO         5774    i.USART_GetITStatus  stm32f4xx_usart.o
    0x08001296   0x08001296   0x0000004a   Code   RO         5776    i.USART_ITConfig    stm32f4xx_usart.o
    0x080012e0   0x080012e0   0x000000d4   Code   RO         5777    i.USART_Init        stm32f4xx_usart.o
    0x080013b4   0x080013b4   0x0000000a   Code   RO         5784    i.USART_ReceiveData  stm32f4xx_usart.o
    0x080013be   0x080013be   0x00000008   Code   RO         5787    i.USART_SendData    stm32f4xx_usart.o
    0x080013c6   0x080013c6   0x00000018   Code   RO         5793    i.USART_StructInit  stm32f4xx_usart.o
    0x080013de   0x080013de   0x00000002   PAD
    0x080013e0   0x080013e0   0x00000034   Code   RO         6679    i.__0snprintf       mc_w.l(printfa.o)
    0x08001414   0x08001414   0x00000034   Code   RO         6683    i.__0vsnprintf      mc_w.l(printfa.o)
    0x08001448   0x08001448   0x0000000e   Code   RO         6748    i.__scatterload_copy  mc_w.l(handlers.o)
    0x08001456   0x08001456   0x00000002   Code   RO         6749    i.__scatterload_null  mc_w.l(handlers.o)
    0x08001458   0x08001458   0x0000000e   Code   RO         6750    i.__scatterload_zeroinit  mc_w.l(handlers.o)
    0x08001466   0x08001466   0x00000002   PAD
    0x08001468   0x08001468   0x00000184   Code   RO         6685    i._fp_digits        mc_w.l(printfa.o)
    0x080015ec   0x080015ec   0x000006b4   Code   RO         6686    i._printf_core      mc_w.l(printfa.o)
    0x08001ca0   0x08001ca0   0x00000024   Code   RO         6687    i._printf_post_padding  mc_w.l(printfa.o)
    0x08001cc4   0x08001cc4   0x0000002e   Code   RO         6688    i._printf_pre_padding  mc_w.l(printfa.o)
    0x08001cf2   0x08001cf2   0x00000016   Code   RO         6689    i._snputc           mc_w.l(printfa.o)
    0x08001d08   0x08001d08   0x000000f0   Code   RO          197    i.application_validate_partition  bootloader.o
    0x08001df8   0x08001df8   0x000002c0   Code   RO          198    i.bl_byte_handler   bootloader.o
    0x080020b8   0x080020b8   0x0000005c   Code   RO          199    i.bl_opcode_boot_handler  bootloader.o
    0x08002114   0x08002114   0x0000015c   Code   RO          200    i.bl_opcode_commit_handler  bootloader.o
    0x08002270   0x08002270   0x0000024c   Code   RO          201    i.bl_opcode_erase_handler  bootloader.o
    0x080024bc   0x080024bc   0x000000a8   Code   RO          202    i.bl_opcode_get_status_handler  bootloader.o
    0x08002564   0x08002564   0x00000104   Code   RO          203    i.bl_opcode_inquery_handler  bootloader.o
    0x08002668   0x08002668   0x0000030c   Code   RO          204    i.bl_opcode_program_handler  bootloader.o
    0x08002974   0x08002974   0x00000088   Code   RO          205    i.bl_opcode_reset_handler  bootloader.o
    0x080029fc   0x080029fc   0x00000150   Code   RO          206    i.bl_opcode_rollback_handler  bootloader.o
    0x08002b4c   0x08002b4c   0x0000016c   Code   RO          207    i.bl_opcode_start_upgrade_handler  bootloader.o
    0x08002cb8   0x08002cb8   0x00000254   Code   RO          208    i.bl_opcode_verify_handler  bootloader.o
    0x08002f0c   0x08002f0c   0x000000d0   Code   RO          209    i.bl_packet_handler  bootloader.o
    0x08002fdc   0x08002fdc   0x00000074   Code   RO          210    i.bl_response       bootloader.o
    0x08003050   0x08003050   0x00000010   Code   RO          677    i.bl_usart_init     bl_usart.o
    0x08003060   0x08003060   0x0000000c   Code   RO          678    i.bl_usart_register_rx_callback  bl_usart.o
    0x0800306c   0x0800306c   0x00000018   Code   RO          211    i.bl_usart_rx_handler  bootloader.o
    0x08003084   0x08003084   0x00000030   Code   RO          679    i.bl_usart_write    bl_usart.o
    0x080030b4   0x080030b4   0x00000054   Code   RO           44    i.board_lowlevel_init  board.o
    0x08003108   0x08003108   0x00000014   Code   RO          212    i.boot_application  bootloader.o
    0x0800311c   0x0800311c   0x000001ac   Code   RO          213    i.boot_application_partition  bootloader.o
    0x080032c8   0x080032c8   0x00000014   Code   RO          507    i.boot_config_calc_crc32  boot_config.o
    0x080032dc   0x080032dc   0x0000000c   Code   RO          508    i.boot_config_get_active_partition  boot_config.o
    0x080032e8   0x080032e8   0x0000000c   Code   RO          509    i.boot_config_get_upgrade_state  boot_config.o
    0x080032f4   0x080032f4   0x000000b4   Code   RO          510    i.boot_config_init_default  boot_config.o
    0x080033a8   0x080033a8   0x0000002a   Code   RO          511    i.boot_config_is_partition_valid  boot_config.o
    0x080033d2   0x080033d2   0x00000002   PAD
    0x080033d4   0x080033d4   0x0000010c   Code   RO          512    i.boot_config_load  boot_config.o
    0x080034e0   0x080034e0   0x00000118   Code   RO          513    i.boot_config_save  boot_config.o
    0x080035f8   0x080035f8   0x000000c8   Code   RO          514    i.boot_config_set_active_partition  boot_config.o
    0x080036c0   0x080036c0   0x0000009c   Code   RO          515    i.boot_config_set_partition_valid  boot_config.o
    0x0800375c   0x0800375c   0x00000094   Code   RO          516    i.boot_config_set_upgrade_state  boot_config.o
    0x080037f0   0x080037f0   0x00000174   Code   RO          517    i.boot_config_validate  boot_config.o
    0x08003964   0x08003964   0x000002d8   Code   RO          214    i.bootloader_main   bootloader.o
    0x08003c3c   0x08003c3c   0x0000000c   Code   RO          739    i.console_init      console.o
    0x08003c48   0x08003c48   0x0000003c   Code   RO          740    i.console_io_init   console.o
    0x08003c84   0x08003c84   0x00000040   Code   RO          741    i.console_usart_init  console.o
    0x08003cc4   0x08003cc4   0x0000002c   Code   RO          742    i.console_write     console.o
    0x08003cf0   0x08003cf0   0x0000002c   Code   RO         6021    i.crc16             crc16.o
    0x08003d1c   0x08003d1c   0x00000034   Code   RO         6035    i.crc32             crc32.o
    0x08003d50   0x08003d50   0x00000110   Code   RO         6104    i.elog_get_filter_tag_lvl  elog.o
    0x08003e60   0x08003e60   0x0000004c   Code   RO         6107    i.elog_init         elog.o
    0x08003eac   0x08003eac   0x000003c0   Code   RO         6108    i.elog_output       elog.o
    0x0800426c   0x0800426c   0x00000028   Code   RO         6109    i.elog_output_lock  elog.o
    0x08004294   0x08004294   0x00000040   Code   RO         6110    i.elog_output_lock_enabled  elog.o
    0x080042d4   0x080042d4   0x00000028   Code   RO         6111    i.elog_output_unlock  elog.o
    0x080042fc   0x080042fc   0x00000008   Code   RO         6275    i.elog_port_get_p_info  elog_port.o
    0x08004304   0x08004304   0x00000008   Code   RO         6276    i.elog_port_get_t_info  elog_port.o
    0x0800430c   0x0800430c   0x00000064   Code   RO         6277    i.elog_port_get_time  elog_port.o
    0x08004370   0x08004370   0x00000004   Code   RO         6278    i.elog_port_init    elog_port.o
    0x08004374   0x08004374   0x00000010   Code   RO         6279    i.elog_port_output  elog_port.o
    0x08004384   0x08004384   0x00000002   Code   RO         6280    i.elog_port_output_lock  elog_port.o
    0x08004386   0x08004386   0x00000002   Code   RO         6281    i.elog_port_output_unlock  elog_port.o
    0x08004388   0x08004388   0x000000c0   Code   RO         6115    i.elog_set_filter_lvl  elog.o
    0x08004448   0x08004448   0x0000003c   Code   RO         6118    i.elog_set_filter_tag_lvl_default  elog.o
    0x08004484   0x08004484   0x000000c4   Code   RO         6119    i.elog_set_fmt      elog.o
    0x08004548   0x08004548   0x000000d4   Code   RO         6120    i.elog_set_output_enabled  elog.o
    0x0800461c   0x0800461c   0x00000090   Code   RO         6121    i.elog_start        elog.o
    0x080046ac   0x080046ac   0x00000108   Code   RO         6339    i.elog_strcpy       elog_utils.o
    0x080047b4   0x080047b4   0x000000d0   Code   RO         6123    i.get_fmt_enabled   elog.o
    0x08004884   0x08004884   0x0000001c   Code   RO         6124    i.get_fmt_used_and_enabled_ptr  elog.o
    0x080048a0   0x080048a0   0x0000001c   Code   RO         6125    i.get_fmt_used_and_enabled_u32  elog.o
    0x080048bc   0x080048bc   0x00000010   Code   RO          215    i.get_u32_inc       bootloader.o
    0x080048cc   0x080048cc   0x0000002a   Code   RO          779    i.key_init          key.o
    0x080048f6   0x080048f6   0x00000002   PAD
    0x080048f8   0x080048f8   0x0000002c   Code   RO          216    i.key_press_check   bootloader.o
    0x08004924   0x08004924   0x0000001a   Code   RO          780    i.key_read          key.o
    0x0800493e   0x0800493e   0x00000002   PAD
    0x08004940   0x08004940   0x0000007c   Code   RO          217    i.key_trap_check    bootloader.o
    0x080049bc   0x080049bc   0x0000003c   Code   RO          809    i.led_init          led.o
    0x080049f8   0x080049f8   0x00000012   Code   RO          810    i.led_off           led.o
    0x08004a0a   0x08004a0a   0x00000012   Code   RO          811    i.led_on            led.o
    0x08004a1c   0x08004a1c   0x0000001c   Code   RO          418    i.magic_header_get_address_partition  magic_header.o
    0x08004a38   0x08004a38   0x0000001c   Code   RO          420    i.magic_header_get_crc32_partition  magic_header.o
    0x08004a54   0x08004a54   0x0000001c   Code   RO          422    i.magic_header_get_length_partition  magic_header.o
    0x08004a70   0x08004a70   0x000000f4   Code   RO          218    i.magic_header_trap_boot  bootloader.o
    0x08004b64   0x08004b64   0x00000050   Code   RO          428    i.magic_header_validate_partition  magic_header.o
    0x08004bb4   0x08004bb4   0x0000004e   Code   RO            1    i.main              main.o
    0x08004c02   0x08004c02   0x00000018   Code   RO         6366    i.next_head         ringbuffer.o
    0x08004c1a   0x08004c1a   0x00000002   PAD
    0x08004c1c   0x08004c1c   0x00000070   Code   RO          603    i.partition_get_address  partition.o
    0x08004c8c   0x08004c8c   0x0000001a   Code   RO          604    i.partition_get_download_target  partition.o
    0x08004ca6   0x08004ca6   0x0000000c   Code   RO          605    i.partition_get_opposite  partition.o
    0x08004cb2   0x08004cb2   0x00000002   PAD
    0x08004cb4   0x08004cb4   0x0000006c   Code   RO          606    i.partition_get_size  partition.o
    0x08004d20   0x08004d20   0x00000004   Code   RO          219    i.put_u16           bootloader.o
    0x08004d24   0x08004d24   0x00000018   Code   RO          220    i.put_u16_inc       bootloader.o
    0x08004d3c   0x08004d3c   0x00000010   Code   RO          221    i.put_u8_inc        bootloader.o
    0x08004d4c   0x08004d4c   0x00000012   Code   RO         6367    i.rb_empty          ringbuffer.o
    0x08004d5e   0x08004d5e   0x00000018   Code   RO         6368    i.rb_full           ringbuffer.o
    0x08004d76   0x08004d76   0x00000036   Code   RO         6369    i.rb_get            ringbuffer.o
    0x08004dac   0x08004dac   0x0000001c   Code   RO         6371    i.rb_new            ringbuffer.o
    0x08004dc8   0x08004dc8   0x00000024   Code   RO         6372    i.rb_put            ringbuffer.o
    0x08004dec   0x08004dec   0x00000026   Code   RO         6373    i.rb_puts           ringbuffer.o
    0x08004e12   0x08004e12   0x00000002   PAD
    0x08004e14   0x08004e14   0x00000084   Code   RO          222    i.rx_trap_boot      bootloader.o
    0x08004e98   0x08004e98   0x000000e8   Code   RO          919    i.stm32_flash_erase  stm32_flash.o
    0x08004f80   0x08004f80   0x00000008   Code   RO          920    i.stm32_flash_lock  stm32_flash.o
    0x08004f88   0x08004f88   0x00000084   Code   RO          921    i.stm32_flash_program  stm32_flash.o
    0x0800500c   0x0800500c   0x00000008   Code   RO          922    i.stm32_flash_unlock  stm32_flash.o
    0x08005014   0x08005014   0x00000078   Code   RO          852    i.tim_delay_init    tim_delay.o
    0x0800508c   0x0800508c   0x00000028   Code   RO          853    i.tim_delay_ms      tim_delay.o
    0x080050b4   0x080050b4   0x00000014   Code   RO          855    i.tim_get_ms        tim_delay.o
    0x080050c8   0x080050c8   0x0000003c   Code   RO          857    i.tim_now           tim_delay.o
    0x08005104   0x08005104   0x00000048   Code   RO          680    i.usart_io_init     bl_usart.o
    0x0800514c   0x0800514c   0x0000004c   Code   RO          681    i.usart_it_config   bl_usart.o
    0x08005198   0x08005198   0x0000004c   Code   RO          682    i.usart_lowlevel_init  bl_usart.o
    0x080051e4   0x080051e4   0x0000001c   Code   RO          223    i.wait_key_release  bootloader.o
    0x08005200   0x08005200   0x000001a4   Data   RO          225    .constdata          bootloader.o
    0x080053a4   0x080053a4   0x000000af   Data   RO          518    .constdata          boot_config.o
    0x08005453   0x08005453   0x0000007b   Data   RO          609    .constdata          partition.o
    0x080054ce   0x080054ce   0x00000002   PAD
    0x080054d0   0x080054d0   0x00000086   Data   RO          923    .constdata          stm32_flash.o
    0x08005556   0x08005556   0x00000200   Data   RO         6022    .constdata          crc16.o
    0x08005756   0x08005756   0x00000002   PAD
    0x08005758   0x08005758   0x00000400   Data   RO         6036    .constdata          crc32.o
    0x08005b58   0x08005b58   0x000000c6   Data   RO         6127    .constdata          elog.o
    0x08005c1e   0x08005c1e   0x00000023   Data   RO         6340    .constdata          elog_utils.o
    0x08005c41   0x08005c41   0x00000003   PAD
    0x08005c44   0x08005c44   0x00000017   Data   RO         6128    .conststring        elog.o
    0x08005c5b   0x08005c5b   0x00000001   PAD
    0x08005c5c   0x08005c5c   0x00000020   Data   RO         6746    Region$$Table       anon$$obj.o


    Execution Region RW_IRAM1 (Exec base: 0x20000000, Load base: 0x08005c7c, Size: 0x00002ec8, Max: 0x00020000, ABSOLUTE)

    Exec Addr    Load Addr    Size         Type   Attr      Idx    E Section Name        Object

    0x20000000   0x08005c7c   0x00000054   Data   RW           46    .data               board.o
    0x20000054   0x08005cd0   0x00000004   PAD
    0x20000058   0x08005cd4   0x00000018   Data   RW          226    .data               bootloader.o
    0x20000070   0x08005cec   0x00000004   Data   RW          683    .data               bl_usart.o
    0x20000074   0x08005cf0   0x00000004   PAD
    0x20000078   0x08005cf4   0x0000000c   Data   RW          859    .data               tim_delay.o
    0x20000084   0x08005d00   0x00000010   Data   RW         3873    .data               stm32f4xx_rcc.o
    0x20000094   0x08005d10   0x0000001c   Data   RW         6129    .data               elog.o
    0x200000b0        -       0x0000250e   Zero   RW          224    .bss                bootloader.o
    0x200025be   0x08005d2c   0x00000002   PAD
    0x200025c0        -       0x000004f8   Zero   RW         6126    .bss                elog.o
    0x20002ab8        -       0x00000010   Zero   RW         6282    .bss                elog_port.o
    0x20002ac8        -       0x00000400   Zero   RW          968    STACK               startup_stm32f40_41xxx.o


==============================================================================

Image component sizes


      Code (inc. data)   RO Data    RW Data    ZI Data      Debug   Object Name

       364         42          0          4          0      30864   bl_usart.o
        84          0          0         84          0     298610   board.o
      1690        800        175          0          0       8865   boot_config.o
      6856       2874        420         24       9486      53593   bootloader.o
       180         16          0          0          0       2243   console.o
        44          4        512          0          0       1364   crc16.o
        52          4       1024          0          0       2904   crc32.o
      2520        872        221         28       1272      18682   elog.o
       140         32          0          0         16       9392   elog_port.o
       264        102         35          0          0       2341   elog_utils.o
         8          0          0          0          0        392   jumpapp.o
        68          0          0          0          0       1174   key.o
        96          0          0          0          0       1650   led.o
       164         44          0          0          0       4338   magic_header.o
        78          0          0          0          0       5459   main.o
       120         14          0          0          0       1216   misc.o
       258        124        123          0          0       6340   partition.o
       222          0          0          0          0       5818   ringbuffer.o
        36          8        392          0       1024        892   startup_stm32f40_41xxx.o
       380        184        134          0          0       3562   stm32_flash.o
       390         34          0          0          0       4359   stm32f4xx_flash.o
       262          0          0          0          0       3913   stm32f4xx_gpio.o
       392         48          0         16          0       6269   stm32f4xx_rcc.o
       638         82          0          0          0       6017   stm32f4xx_tim.o
       732         42          0          0          0       7909   stm32f4xx_usart.o
       340         32          0          0          0       1829   system_stm32f4xx.o
       308         24          0         12          0       3745   tim_delay.o

    ----------------------------------------------------------------------
     16708       5382       3076        176      11800     493740   Object Totals
         0          0         32          0          0          0   (incl. Generated)
        22          0          8          8          2          0   (incl. Padding)

    ----------------------------------------------------------------------

      Code (inc. data)   RO Data    RW Data    ZI Data      Debug   Library Member Name

         0          0          0          0          0          0   entry.o
         0          0          0          0          0          0   entry10a.o
         0          0          0          0          0          0   entry11a.o
         4          0          0          0          0          0   entry12b.o
         8          4          0          0          0          0   entry2.o
         4          0          0          0          0          0   entry5.o
         0          0          0          0          0          0   entry7b.o
         0          0          0          0          0          0   entry8b.o
         8          4          0          0          0          0   entry9a.o
        30          0          0          0          0          0   handlers.o
        36          8          0          0          0         68   init.o
         0          0          0          0          0          0   iusefp.o
        30          0          0          0          0         68   llshl.o
        36          0          0          0          0         68   llsshr.o
        32          0          0          0          0         68   llushr.o
        26          0          0          0          0         80   memcmp.o
        36          0          0          0          0         68   memcpya.o
        36          0          0          0          0        108   memseta.o
      2312         90          0          0          0        616   printfa.o
        14          0          0          0          0         68   strlen.o
        30          0          0          0          0         80   strncmp.o
        36          0          0          0          0         80   strstr.o
        44          0          0          0          0         80   uidiv.o
        98          0          0          0          0         92   uldiv.o
        48          0          0          0          0         68   cdrcmple.o
       334          0          0          0          0        148   dadd.o
       222          0          0          0          0        100   ddiv.o
       186          0          0          0          0        176   depilogue.o
        48          0          0          0          0         68   dfixul.o
       228          0          0          0          0         96   dmul.o

    ----------------------------------------------------------------------
      3892        106          0          0          0       2200   Library Totals
         6          0          0          0          0          0   (incl. Padding)

    ----------------------------------------------------------------------

      Code (inc. data)   RO Data    RW Data    ZI Data      Debug   Library Name

      2820        106          0          0          0       1544   mc_w.l
      1066          0          0          0          0        656   mf_w.l

    ----------------------------------------------------------------------
      3892        106          0          0          0       2200   Library Totals

    ----------------------------------------------------------------------

==============================================================================


      Code (inc. data)   RO Data    RW Data    ZI Data      Debug   

     20600       5488       3076        176      11800     481200   Grand Totals
     20600       5488       3076        176      11800     481200   ELF Image Totals
     20600       5488       3076        176          0          0   ROM Totals

==============================================================================

    Total RO  Size (Code + RO Data)                23676 (  23.12kB)
    Total RW  Size (RW Data + ZI Data)             11976 (  11.70kB)
    Total ROM Size (Code + RO Data + RW Data)      23852 (  23.29kB)

==============================================================================

